E/LocationManagerService(  240): add listener to CarGpsProvider to provide NMEA
V/LocationManagerService(  240): requestLocationUpdates
V/LocationManagerService(  240): _requestLocationUpdates: listener = Receiver{41db41a0 Listener android.os.BinderProxy@41e30f10}mUpdateRecords: {}
V/LocationManagerService(  240): requestLocationUpdatesLocked++
V/LocationManagerService(  240): _requestLocationUpdates: provider = passive listener = Receiver{41db41a0 Listener android.os.BinderProxy@41e30f10}mUpdateRecords: {passive=UpdateRecord{4204a018 mProvider: passive mUid: 10048}}
V/LocationManagerService(  240): requestLocationUpdatesLocked--
D/WifiService(  240): acquireWifiLockLocked: WifiLock{NetworkLocationLocator type=2 binder=android.os.BinderProxy@41dbf4e0}
D/WifiService(  240): updateWifiState(): disable hotspot
D/WifiService(  240): updateWifiState(): enable and start wifi
D/WifiStateMachine(  240): syncRequestConnectionInfo mWifiInfo=SSID: MOMO, BSSID: 00:19:cb:4b:15:f2, MAC: A8:26:D9:D1:BF:D5, Supplicant state: COMPLETED, RSSI: -77, Link speed: 18, Frequency: 2432, Net ID: 0, Explicit connect: false
D/WifiStateMachine(  240): syncRequestConnectionInfo mWifiInfo=SSID: MOMO, BSSID: 00:19:cb:4b:15:f2, MAC: A8:26:D9:D1:BF:D5, Supplicant state: COMPLETED, RSSI: -77, Link speed: 18, Frequency: 2432, Net ID: 0, Explicit connect: false
D/WifiService(  240): acquireWifiLockLocked: WifiLock{NetworkLocationBurstCollectionTrigger type=2 binder=android.os.BinderProxy@41b1ed58}
D/WifiService(  240): updateWifiState(): disable hotspot
D/WifiService(  240): updateWifiState(): enable and start wifi
I/ActivityManager(  240): Start proc com.google.android.apps.maps:FriendService for broadcast com.google.android.apps.maps/com.google.googlenav.friend.android.ServiceReceiver: pid=7601 uid=10048 gids={3003, 1015}
D/Socket_Alarm( 7601): registerHTCSocketMonitorCallBack
D/Socket_Alarm( 7601): set mSocketMonitor
D/Socket_Alarm( 7601): HTCSocketMonitorImpl::HTCSocketMonitorImpl
D/WifiService(  240): releaseWifiLockLocked: WifiLock{NetworkLocationBurstCollectionTrigger type=2 binder=android.os.BinderProxy@41b1ed58}
D/WifiService(  240): updateWifiState(): disable hotspot
D/WifiService(  240): updateWifiState(): enable and start wifi
I/PackageManager(  240):  setEnabledSetting(), pkgName=com.google.android.apps.maps, clsName=com.google.android.maps.driveabout.app.DestinationActivity, state=1, flag=1, pid=7601, uid=10048
I/ActivityManager(  240): Start proc com.google.android.apps.maps:LocationFriendService for broadcast com.google.android.apps.maps/com.google.googlenav.friend.reporting.LocationReportingIntentReceiver: pid=7623 uid=10048 gids={3003, 1015}
I/ActivityManager(  240): No longer want com.github.mobile:repos (pid 6977): hidden #16, adj=15
I/ActivityManager(  240): No longer want ait.podka (pid 7013): hidden #16, adj=15
W/ActivityManager(  240): Scheduling restart of crashed service ait.podka/.services.AudioService in 17676ms
D/ActivityManager(  240): Config after re-evaluted by window manager: null
D/ActivityManager(  240): Config after re-evaluted by window manager: null
D/WifiService(  240): releaseWifiLockLocked: WifiLock{NetworkLocationLocator type=2 binder=android.os.BinderProxy@41dbf4e0}
D/WifiService(  240): updateWifiState(): disable hotspot
D/WifiService(  240): updateWifiState(): enable and start wifi
I/ActivityManager(  240): Start proc com.onelouder.baconreader for service com.onelouder.baconreader/.CheckMessageService: pid=7659 uid=10142 gids={3003, 1015}
D/BatteryService(  240): updateBatteryStats ======================================
D/BatteryService(  240): UEvent updateBatteryStats
D/NotificationService(  240): mIntentReceiver() Intent.ACTION_BATTERY_CHANGED
D/PowerManagerService(  240): runHtcPowerSaverCheck ======================================
D/PowerUI (  335): closing low battery warning: level=84
D/PowerUI (  335): plugged = true, health = 2, mBatteryLevel = 84, mPluggedBatteryLevel = 78, mLowBatteryWarningLevel2 = 25, mshowLowChargingWarning2 = true
D/WifiService(  240): ACTION_BATTERY_CHANGED pluggedType: 2
I/ActivityManager(  240): Start proc ait.podka for service ait.podka/.services.AudioService: pid=7682 uid=10022 gids={3003, 1015}
I/ActivityManager(  240): No longer want com.htc.reportagent (pid 7132): hidden #16, adj=15
D/ActivityManager(  240): Config after re-evaluted by window manager: null
D/BatteryService(  240): updateBatteryStats ======================================
D/BatteryService(  240): UEvent updateBatteryStats
D/NotificationService(  240): mIntentReceiver() Intent.ACTION_BATTERY_CHANGED
D/PowerManagerService(  240): runHtcPowerSaverCheck ======================================
D/PowerUI (  335): closing low battery warning: level=84
D/PowerUI (  335): plugged = true, health = 2, mBatteryLevel = 84, mPluggedBatteryLevel = 78, mLowBatteryWarningLevel2 = 25, mshowLowChargingWarning2 = true
D/WifiService(  240): ACTION_BATTERY_CHANGED pluggedType: 2
W/AlarmManager(  240): RXTXtriggerAlarmsLocked
D/BatteryService(  240): updateBatteryStats ======================================
D/BatteryService(  240): UEvent updateBatteryStats
D/NotificationService(  240): mIntentReceiver() Intent.ACTION_BATTERY_CHANGED
D/PowerManagerService(  240): runHtcPowerSaverCheck ======================================
D/PowerUI (  335): closing low battery warning: level=85
D/PowerUI (  335): plugged = true, health = 2, mBatteryLevel = 85, mPluggedBatteryLevel = 78, mLowBatteryWarningLevel2 = 25, mshowLowChargingWarning2 = true
D/WifiService(  240): ACTION_BATTERY_CHANGED pluggedType: 2
D/BatteryService(  240): updateBatteryStats ======================================
D/BatteryService(  240): updateBatteryStats ======================================
D/BatteryService(  240): UEvent updateBatteryStats
D/NotificationService(  240): mIntentReceiver() Intent.ACTION_BATTERY_CHANGED
D/PowerManagerService(  240): runHtcPowerSaverCheck ======================================
D/PowerUI (  335): closing low battery warning: level=85
D/PowerUI (  335): plugged = true, health = 2, mBatteryLevel = 85, mPluggedBatteryLevel = 78, mLowBatteryWarningLevel2 = 25, mshowLowChargingWarning2 = true
D/WifiService(  240): ACTION_BATTERY_CHANGED pluggedType: 2
D/BatteryService(  240): updateBatteryStats ======================================
D/BatteryService(  240): UEvent updateBatteryStats
D/NotificationService(  240): mIntentReceiver() Intent.ACTION_BATTERY_CHANGED
D/PowerManagerService(  240): runHtcPowerSaverCheck ======================================
D/PowerUI (  335): closing low battery warning: level=86
D/PowerUI (  335): plugged = true, health = 2, mBatteryLevel = 86, mPluggedBatteryLevel = 78, mLowBatteryWarningLevel2 = 25, mshowLowChargingWarning2 = true
D/WifiService(  240): ACTION_BATTERY_CHANGED pluggedType: 2
D/BatteryService(  240): updateBatteryStats ======================================
D/BatteryService(  240): UEvent updateBatteryStats
D/NotificationService(  240): mIntentReceiver() Intent.ACTION_BATTERY_CHANGED
D/PowerManagerService(  240): runHtcPowerSaverCheck ======================================
D/PowerUI (  335): closing low battery warning: level=86
D/PowerUI (  335): plugged = true, health = 2, mBatteryLevel = 86, mPluggedBatteryLevel = 78, mLowBatteryWarningLevel2 = 25, mshowLowChargingWarning2 = true
D/WifiService(  240): ACTION_BATTERY_CHANGED pluggedType: 2
W/AlarmManager(  240): RXTXtriggerAlarmsLocked
D/BatteryService(  240): updateBatteryStats ======================================
D/BatteryService(  240): UEvent updateBatteryStats
D/NotificationService(  240): mIntentReceiver() Intent.ACTION_BATTERY_CHANGED
D/PowerManagerService(  240): runHtcPowerSaverCheck ======================================
D/PowerUI (  335): closing low battery warning: level=86
D/PowerUI (  335): plugged = true, health = 2, mBatteryLevel = 86, mPluggedBatteryLevel = 78, mLowBatteryWarningLevel2 = 25, mshowLowChargingWarning2 = true
D/WifiService(  240): ACTION_BATTERY_CHANGED pluggedType: 2
D/BatteryService(  240): updateBatteryStats ======================================
D/BatteryService(  240): UEvent updateBatteryStats
D/NotificationService(  240): mIntentReceiver() Intent.ACTION_BATTERY_CHANGED
D/PowerManagerService(  240): runHtcPowerSaverCheck ======================================
D/PowerUI (  335): closing low battery warning: level=87
D/PowerUI (  335): plugged = true, health = 2, mBatteryLevel = 87, mPluggedBatteryLevel = 78, mLowBatteryWarningLevel2 = 25, mshowLowChargingWarning2 = true
D/WifiService(  240): ACTION_BATTERY_CHANGED pluggedType: 2
D/BatteryService(  240): updateBatteryStats ======================================
D/BatteryService(  240): UEvent updateBatteryStats
D/NotificationService(  240): mIntentReceiver() Intent.ACTION_BATTERY_CHANGED
D/PowerManagerService(  240): runHtcPowerSaverCheck ======================================
D/PowerUI (  335): closing low battery warning: level=87
D/PowerUI (  335): plugged = true, health = 2, mBatteryLevel = 87, mPluggedBatteryLevel = 78, mLowBatteryWarningLevel2 = 25, mshowLowChargingWarning2 = true
D/WifiService(  240): ACTION_BATTERY_CHANGED pluggedType: 2
I/ActivityManager(  240): No longer want com.google.android.youtube (pid 7151): hidden #16, adj=15
D/ActivityManager(  240): Config after re-evaluted by window manager: null
D/BatteryService(  240): updateBatteryStats ======================================
D/BatteryService(  240): UEvent updateBatteryStats
D/NotificationService(  240): mIntentReceiver() Intent.ACTION_BATTERY_CHANGED
D/WifiService(  240): ACTION_BATTERY_CHANGED pluggedType: 2
D/PowerManagerService(  240): runHtcPowerSaverCheck ======================================
D/PowerUI (  335): closing low battery warning: level=87
D/PowerUI (  335): plugged = true, health = 2, mBatteryLevel = 87, mPluggedBatteryLevel = 78, mLowBatteryWarningLevel2 = 25, mshowLowChargingWarning2 = true
D/BatteryService(  240): updateBatteryStats ======================================
D/BatteryService(  240): UEvent updateBatteryStats
D/NotificationService(  240): mIntentReceiver() Intent.ACTION_BATTERY_CHANGED
D/PowerManagerService(  240): runHtcPowerSaverCheck ======================================
D/PowerUI (  335): closing low battery warning: level=88
D/PowerUI (  335): plugged = true, health = 2, mBatteryLevel = 88, mPluggedBatteryLevel = 78, mLowBatteryWarningLevel2 = 25, mshowLowChargingWarning2 = true
D/WifiService(  240): ACTION_BATTERY_CHANGED pluggedType: 2
W/AlarmManager(  240): RXTXtriggerAlarmsLocked
D/BatteryService(  240): updateBatteryStats ======================================
D/BatteryService(  240): UEvent updateBatteryStats
D/NotificationService(  240): mIntentReceiver() Intent.ACTION_BATTERY_CHANGED
D/PowerManagerService(  240): runHtcPowerSaverCheck ======================================
D/PowerUI (  335): closing low battery warning: level=88
D/PowerUI (  335): plugged = true, health = 2, mBatteryLevel = 88, mPluggedBatteryLevel = 78, mLowBatteryWarningLevel2 = 25, mshowLowChargingWarning2 = true
D/WifiService(  240): ACTION_BATTERY_CHANGED pluggedType: 2
D/BatteryService(  240): updateBatteryStats ======================================
D/BatteryService(  240): updateBatteryStats ======================================
D/BatteryService(  240): UEvent updateBatteryStats
D/NotificationService(  240): mIntentReceiver() Intent.ACTION_BATTERY_CHANGED
D/PowerManagerService(  240): runHtcPowerSaverCheck ======================================
D/PowerUI (  335): closing low battery warning: level=89
D/PowerUI (  335): plugged = true, health = 2, mBatteryLevel = 89, mPluggedBatteryLevel = 78, mLowBatteryWarningLevel2 = 25, mshowLowChargingWarning2 = true
D/WifiService(  240): ACTION_BATTERY_CHANGED pluggedType: 2
D/BatteryService(  240): updateBatteryStats ======================================
D/BatteryService(  240): UEvent updateBatteryStats
D/NotificationService(  240): mIntentReceiver() Intent.ACTION_BATTERY_CHANGED
D/PowerManagerService(  240): runHtcPowerSaverCheck ======================================
D/PowerUI (  335): closing low battery warning: level=89
D/PowerUI (  335): plugged = true, health = 2, mBatteryLevel = 89, mPluggedBatteryLevel = 78, mLowBatteryWarningLevel2 = 25, mshowLowChargingWarning2 = true
D/WifiService(  240): ACTION_BATTERY_CHANGED pluggedType: 2
D/BatteryService(  240): updateBatteryStats ======================================
D/BatteryService(  240): UEvent updateBatteryStats
D/NotificationService(  240): mIntentReceiver() Intent.ACTION_BATTERY_CHANGED
D/PowerManagerService(  240): runHtcPowerSaverCheck ======================================
D/PowerUI (  335): closing low battery warning: level=89
D/PowerUI (  335): plugged = true, health = 2, mBatteryLevel = 89, mPluggedBatteryLevel = 78, mLowBatteryWarningLevel2 = 25, mshowLowChargingWarning2 = true
D/WifiService(  240): ACTION_BATTERY_CHANGED pluggedType: 2
W/AlarmManager(  240): RXTXtriggerAlarmsLocked
D/BatteryService(  240): updateBatteryStats ======================================
D/BatteryService(  240): UEvent updateBatteryStats
D/NotificationService(  240): mIntentReceiver() Intent.ACTION_BATTERY_CHANGED
D/PowerManagerService(  240): runHtcPowerSaverCheck ======================================
D/PowerUI (  335): closing low battery warning: level=90
D/WifiService(  240): ACTION_BATTERY_CHANGED pluggedType: 2
D/PowerUI (  335): plugged = true, health = 2, mBatteryLevel = 90, mPluggedBatteryLevel = 78, mLowBatteryWarningLevel2 = 25, mshowLowChargingWarning2 = true
D/BatteryService(  240): updateBatteryStats ======================================
D/BatteryService(  240): updateBatteryStats ======================================
D/BatteryService(  240): UEvent updateBatteryStats
D/NotificationService(  240): mIntentReceiver() Intent.ACTION_BATTERY_CHANGED
D/PowerManagerService(  240): runHtcPowerSaverCheck ======================================
D/PowerUI (  335): closing low battery warning: level=90
D/PowerUI (  335): plugged = true, health = 2, mBatteryLevel = 90, mPluggedBatteryLevel = 78, mLowBatteryWarningLevel2 = 25, mshowLowChargingWarning2 = true
D/WifiService(  240): ACTION_BATTERY_CHANGED pluggedType: 2
D/BatteryService(  240): updateBatteryStats ======================================
D/BatteryService(  240): UEvent updateBatteryStats
D/NotificationService(  240): mIntentReceiver() Intent.ACTION_BATTERY_CHANGED
D/PowerManagerService(  240): runHtcPowerSaverCheck ======================================
D/PowerUI (  335): closing low battery warning: level=91
D/PowerUI (  335): plugged = true, health = 2, mBatteryLevel = 91, mPluggedBatteryLevel = 78, mLowBatteryWarningLevel2 = 25, mshowLowChargingWarning2 = true
D/WifiService(  240): ACTION_BATTERY_CHANGED pluggedType: 2
D/BatteryService(  240): updateBatteryStats ======================================
D/BatteryService(  240): UEvent updateBatteryStats
D/NotificationService(  240): mIntentReceiver() Intent.ACTION_BATTERY_CHANGED
D/PowerManagerService(  240): runHtcPowerSaverCheck ======================================
D/PowerUI (  335): closing low battery warning: level=91
D/PowerUI (  335): plugged = true, health = 2, mBatteryLevel = 91, mPluggedBatteryLevel = 78, mLowBatteryWarningLevel2 = 25, mshowLowChargingWarning2 = true
D/WifiService(  240): ACTION_BATTERY_CHANGED pluggedType: 2
W/AlarmManager(  240): RXTXtriggerAlarmsLocked
D/BatteryService(  240): updateBatteryStats ======================================
D/BatteryService(  240): UEvent updateBatteryStats
D/NotificationService(  240): mIntentReceiver() Intent.ACTION_BATTERY_CHANGED
D/PowerManagerService(  240): runHtcPowerSaverCheck ======================================
D/PowerUI (  335): closing low battery warning: level=91
D/PowerUI (  335): plugged = true, health = 2, mBatteryLevel = 91, mPluggedBatteryLevel = 78, mLowBatteryWarningLevel2 = 25, mshowLowChargingWarning2 = true
D/WifiService(  240): ACTION_BATTERY_CHANGED pluggedType: 2
D/BatteryService(  240): updateBatteryStats ======================================
D/BatteryService(  240): UEvent updateBatteryStats
D/NotificationService(  240): mIntentReceiver() Intent.ACTION_BATTERY_CHANGED
D/PowerManagerService(  240): runHtcPowerSaverCheck ======================================
D/PowerUI (  335): closing low battery warning: level=91
D/PowerUI (  335): plugged = true, health = 2, mBatteryLevel = 91, mPluggedBatteryLevel = 78, mLowBatteryWarningLevel2 = 25, mshowLowChargingWarning2 = true
D/WifiService(  240): ACTION_BATTERY_CHANGED pluggedType: 2
D/BatteryService(  240): updateBatteryStats ======================================
D/BatteryService(  240): UEvent updateBatteryStats
D/NotificationService(  240): mIntentReceiver() Intent.ACTION_BATTERY_CHANGED
D/PowerManagerService(  240): runHtcPowerSaverCheck ======================================
D/PowerUI (  335): closing low battery warning: level=92
D/PowerUI (  335): plugged = true, health = 2, mBatteryLevel = 92, mPluggedBatteryLevel = 78, mLowBatteryWarningLevel2 = 25, mshowLowChargingWarning2 = true
D/WifiService(  240): ACTION_BATTERY_CHANGED pluggedType: 2
D/BatteryService(  240): updateBatteryStats ======================================
D/BatteryService(  240): UEvent updateBatteryStats
D/NotificationService(  240): mIntentReceiver() Intent.ACTION_BATTERY_CHANGED
D/PowerManagerService(  240): runHtcPowerSaverCheck ======================================
D/PowerUI (  335): closing low battery warning: level=92
D/PowerUI (  335): plugged = true, health = 2, mBatteryLevel = 92, mPluggedBatteryLevel = 78, mLowBatteryWarningLevel2 = 25, mshowLowChargingWarning2 = true
D/WifiService(  240): ACTION_BATTERY_CHANGED pluggedType: 2
D/BatteryService(  240): updateBatteryStats ======================================
D/BatteryService(  240): UEvent updateBatteryStats
D/NotificationService(  240): mIntentReceiver() Intent.ACTION_BATTERY_CHANGED
D/PowerManagerService(  240): runHtcPowerSaverCheck ======================================
D/PowerUI (  335): closing low battery warning: level=92
D/PowerUI (  335): plugged = true, health = 2, mBatteryLevel = 92, mPluggedBatteryLevel = 78, mLowBatteryWarningLevel2 = 25, mshowLowChargingWarning2 = true
D/WifiService(  240): ACTION_BATTERY_CHANGED pluggedType: 2
W/AlarmManager(  240): RXTXtriggerAlarmsLocked
I/ActivityManager(  240): No longer want com.radioopt.widget (pid 3623): hidden #16, adj=15
W/ActivityManager(  240): Scheduling restart of crashed service com.radioopt.widget/com.tm.monitoring.TMService in 5000ms
D/ActivityManager(  240): Config after re-evaluted by window manager: null
V/LocationManagerService(  240): Location listener died
V/LocationManagerService(  240): _removeUpdates: listener = Receiver{41760768 Listener android.os.BinderProxy@4178e9c0}mUpdateRecords: {passive=UpdateRecord{417365c8 mProvider: passive mUid: 10074}}
I/ActivityManager(  240): Start proc com.radioopt.widget for service com.radioopt.widget/com.tm.monitoring.TMService: pid=8105 uid=10074 gids={3003}
V/LocationManagerService(  240): requestLocationUpdates
V/LocationManagerService(  240): _requestLocationUpdates: listener = Receiver{41a65570 Listener android.os.BinderProxy@41a65510}mUpdateRecords: {}
V/LocationManagerService(  240): requestLocationUpdatesLocked++
V/LocationManagerService(  240): _requestLocationUpdates: provider = passive listener = Receiver{41a65570 Listener android.os.BinderProxy@41a65510}mUpdateRecords: {passive=UpdateRecord{41e29400 mProvider: passive mUid: 10074}}
V/LocationManagerService(  240): requestLocationUpdatesLocked--
E/LocationManagerService(  240): add listener to CarGpsProvider to provide NMEA
D/Socket_Alarm( 8105): registerHTCSocketMonitorCallBack
D/Socket_Alarm( 8105): set mSocketMonitor
D/Socket_Alarm( 8105): HTCSocketMonitorImpl::HTCSocketMonitorImpl
D/WifiStateMachine(  240): syncRequestConnectionInfo mWifiInfo=SSID: MOMO, BSSID: 00:19:cb:4b:15:f2, MAC: A8:26:D9:D1:BF:D5, Supplicant state: COMPLETED, RSSI: -76, Link speed: 18, Frequency: 2432, Net ID: 0, Explicit connect: false
D/WifiStateMachine(  240): syncRequestConnectionInfo mWifiInfo=SSID: MOMO, BSSID: 00:19:cb:4b:15:f2, MAC: A8:26:D9:D1:BF:D5, Supplicant state: COMPLETED, RSSI: -76, Link speed: 18, Frequency: 2432, Net ID: 0, Explicit connect: false
D/WifiStateMachine(  240): syncRequestConnectionInfo mWifiInfo=SSID: MOMO, BSSID: 00:19:cb:4b:15:f2, MAC: A8:26:D9:D1:BF:D5, Supplicant state: COMPLETED, RSSI: -76, Link speed: 18, Frequency: 2432, Net ID: 0, Explicit connect: false
D/BatteryService(  240): updateBatteryStats ======================================
D/BatteryService(  240): UEvent updateBatteryStats
D/NotificationService(  240): mIntentReceiver() Intent.ACTION_BATTERY_CHANGED
D/PowerManagerService(  240): runHtcPowerSaverCheck ======================================
D/PowerUI (  335): closing low battery warning: level=93
D/PowerUI (  335): plugged = true, health = 2, mBatteryLevel = 93, mPluggedBatteryLevel = 78, mLowBatteryWarningLevel2 = 25, mshowLowChargingWarning2 = true
D/WifiService(  240): ACTION_BATTERY_CHANGED pluggedType: 2
D/BatteryService(  240): updateBatteryStats ======================================
D/BatteryService(  240): updateBatteryStats ======================================
I/ActivityManager(  240): Start proc com.google.android.gms for broadcast com.google.android.gms/.recovery.AccountRecoveryService$Receiver: pid=8158 uid=10041 gids={3003, 1015, 2001, 1007, 3006}
D/Socket_Alarm( 6513): registerHTCSocketMonitorCallBack
D/Socket_Alarm( 6513): set mSocketMonitor
D/Socket_Alarm( 6513): HTCSocketMonitorImpl::HTCSocketMonitorImpl
I/ActivityManager(  240): No longer want com.chrome.beta (pid 7233): hidden #16, adj=15
D/ActivityManager(  240): Config after re-evaluted by window manager: null
D/BatteryService(  240): updateBatteryStats ======================================
D/BatteryService(  240): UEvent updateBatteryStats
D/NotificationService(  240): mIntentReceiver() Intent.ACTION_BATTERY_CHANGED
D/PowerManagerService(  240): runHtcPowerSaverCheck ======================================
D/PowerUI (  335): closing low battery warning: level=93
D/PowerUI (  335): plugged = true, health = 2, mBatteryLevel = 93, mPluggedBatteryLevel = 78, mLowBatteryWarningLevel2 = 25, mshowLowChargingWarning2 = true
D/WifiService(  240): ACTION_BATTERY_CHANGED pluggedType: 2
I/ActivityManager(  240): No longer want com.htc.flexnet (pid 6315): hidden #16, adj=15
I/ActivityManager(  240): No longer want com.htc.android.mail (pid 6250): hidden #17, adj=15
I/ActivityManager(  240): No longer want android.process.media (pid 6492): hidden #18, adj=15
D/ActivityManager(  240): Config after re-evaluted by window manager: null
D/MountService(  240): An IMountServiceListener waiting for binder!
D/MountService(  240): An IMountServiceListener waiting for binder!
D/BatteryService(  240): updateBatteryStats ======================================
D/BatteryService(  240): UEvent updateBatteryStats
D/NotificationService(  240): mIntentReceiver() Intent.ACTION_BATTERY_CHANGED
D/PowerManagerService(  240): runHtcPowerSaverCheck ======================================
D/PowerUI (  335): closing low battery warning: level=94
D/PowerUI (  335): plugged = true, health = 2, mBatteryLevel = 94, mPluggedBatteryLevel = 78, mLowBatteryWarningLevel2 = 25, mshowLowChargingWarning2 = true
D/WifiService(  240): ACTION_BATTERY_CHANGED pluggedType: 2
W/AlarmManager(  240): RXTXtriggerAlarmsLocked
D/BatteryService(  240): updateBatteryStats ======================================
D/BatteryService(  240): UEvent updateBatteryStats
D/NotificationService(  240): mIntentReceiver() Intent.ACTION_BATTERY_CHANGED
D/PowerManagerService(  240): runHtcPowerSaverCheck ======================================
D/PowerUI (  335): closing low battery warning: level=94
D/PowerUI (  335): plugged = true, health = 2, mBatteryLevel = 94, mPluggedBatteryLevel = 78, mLowBatteryWarningLevel2 = 25, mshowLowChargingWarning2 = true
D/WifiService(  240): ACTION_BATTERY_CHANGED pluggedType: 2
D/BatteryService(  240): updateBatteryStats ======================================
I/ActivityManager(  240): Start proc com.htc.android.mail for service com.htc.android.mail/.mailservice.MailService: pid=8228 uid=10164 gids={3003, 1015}
D/WifiService(  240): acquireWifiLockLocked: WifiLock{MAIL_WIFI_LOCK type=1 binder=android.os.BinderProxy@413e2920}
D/WifiService(  240): updateWifiState(): disable hotspot
D/WifiService(  240): updateWifiState(): enable and start wifi
I/ActivityManager(  240): Start proc com.htc.android.mail:directpush for service com.htc.android.mail/.mailservice.DirectPushService: pid=8252 uid=10164 gids={3003, 1015}
D/Socket_Alarm( 8228): registerHTCSocketMonitorCallBack
D/Socket_Alarm( 8228): set mSocketMonitor
D/Socket_Alarm( 8228): HTCSocketMonitorImpl::HTCSocketMonitorImpl
I/ActivityManager(  240): No longer want com.google.android.apps.plus (pid 7203): hidden #16, adj=15
D/ActivityManager(  240): Config after re-evaluted by window manager: null
I/ActivityManager(  240): Start proc com.htc.idlescreen.base for broadcast com.htc.idlescreen.base/.setting.UpdateShortcutReceiver: pid=8271 uid=10057 gids={3003}
I/ActivityManager(  240): No longer want com.twitter.android (pid 7527): hidden #16, adj=15
I/ActivityManager(  240): No longer want com.android.settings:remote (pid 6333): hidden #16, adj=15
D/ActivityManager(  240): Config after re-evaluted by window manager: null
D/WifiService(  240): releaseWifiLockLocked: WifiLock{MAIL_WIFI_LOCK type=1 binder=android.os.BinderProxy@413e2920}
D/WifiService(  240): updateWifiState(): disable hotspot
D/WifiService(  240): updateWifiState(): enable and start wifi
D/ActivityManager(  240): Config after re-evaluted by window manager: null
I/ActivityManager(  240): Start proc com.htc.bg for content provider com.htc.provider.settings/.NotificationFlashLightProvider: pid=8293 uid=10012 gids={2001, 3003, 1015, 1006, 5001}
I/ActivityManager(  240): No longer want com.htc.android.worldclock (pid 7567): hidden #16, adj=15
D/ActivityManager(  240): Config after re-evaluted by window manager: null
D/BatteryService(  240): updateBatteryStats ======================================
D/BatteryService(  240): UEvent updateBatteryStats
D/NotificationService(  240): mIntentReceiver() Intent.ACTION_BATTERY_CHANGED
D/PowerManagerService(  240): runHtcPowerSaverCheck ======================================
D/PowerUI (  335): closing low battery warning: level=94
D/PowerUI (  335): plugged = true, health = 2, mBatteryLevel = 94, mPluggedBatteryLevel = 78, mLowBatteryWarningLevel2 = 25, mshowLowChargingWarning2 = true
D/WifiService(  240): ACTION_BATTERY_CHANGED pluggedType: 2
D/BatteryService(  240): updateBatteryStats ======================================
D/BatteryService(  240): UEvent updateBatteryStats
D/NotificationService(  240): mIntentReceiver() Intent.ACTION_BATTERY_CHANGED
D/PowerManagerService(  240): runHtcPowerSaverCheck ======================================
D/PowerUI (  335): closing low battery warning: level=95
D/PowerUI (  335): plugged = true, health = 2, mBatteryLevel = 95, mPluggedBatteryLevel = 78, mLowBatteryWarningLevel2 = 25, mshowLowChargingWarning2 = true
D/WifiService(  240): ACTION_BATTERY_CHANGED pluggedType: 2
D/BatteryService(  240): updateBatteryStats ======================================
W/AlarmManager(  240): RXTXtriggerAlarmsLocked
D/BatteryService(  240): updateBatteryStats ======================================
D/BatteryService(  240): UEvent updateBatteryStats
D/NotificationService(  240): mIntentReceiver() Intent.ACTION_BATTERY_CHANGED
D/PowerManagerService(  240): runHtcPowerSaverCheck ======================================
D/PowerUI (  335): closing low battery warning: level=95
D/PowerUI (  335): plugged = true, health = 2, mBatteryLevel = 95, mPluggedBatteryLevel = 78, mLowBatteryWarningLevel2 = 25, mshowLowChargingWarning2 = true
D/WifiService(  240): ACTION_BATTERY_CHANGED pluggedType: 2
D/BatteryService(  240): updateBatteryStats ======================================
D/BatteryService(  240): updateBatteryStats ======================================
D/BatteryService(  240): UEvent updateBatteryStats
D/NotificationService(  240): mIntentReceiver() Intent.ACTION_BATTERY_CHANGED
D/PowerManagerService(  240): runHtcPowerSaverCheck ======================================
D/PowerUI (  335): closing low battery warning: level=96
D/PowerUI (  335): plugged = true, health = 2, mBatteryLevel = 96, mPluggedBatteryLevel = 78, mLowBatteryWarningLevel2 = 25, mshowLowChargingWarning2 = true
D/WifiService(  240): ACTION_BATTERY_CHANGED pluggedType: 2
D/BatteryService(  240): updateBatteryStats ======================================
D/BatteryService(  240): UEvent updateBatteryStats
D/NotificationService(  240): mIntentReceiver() Intent.ACTION_BATTERY_CHANGED
D/PowerManagerService(  240): runHtcPowerSaverCheck ======================================
D/PowerUI (  335): closing low battery warning: level=96
D/PowerUI (  335): plugged = true, health = 2, mBatteryLevel = 96, mPluggedBatteryLevel = 78, mLowBatteryWarningLevel2 = 25, mshowLowChargingWarning2 = true
D/WifiService(  240): ACTION_BATTERY_CHANGED pluggedType: 2
D/BatteryService(  240): updateBatteryStats ======================================
D/BatteryService(  240): UEvent updateBatteryStats
D/NotificationService(  240): mIntentReceiver() Intent.ACTION_BATTERY_CHANGED
D/PowerManagerService(  240): runHtcPowerSaverCheck ======================================
D/PowerUI (  335): closing low battery warning: level=96
D/PowerUI (  335): plugged = true, health = 2, mBatteryLevel = 96, mPluggedBatteryLevel = 78, mLowBatteryWarningLevel2 = 25, mshowLowChargingWarning2 = true
D/WifiService(  240): ACTION_BATTERY_CHANGED pluggedType: 2
I/ActivityManager(  240): Start proc com.google.android.maps.mytracks for service com.google.android.maps.mytracks/com.google.android.apps.mytracks.services.RemoveTempFilesService: pid=8417 uid=10126 gids={3002, 3001, 3003, 1015}
W/ActivityManager(  240): Unable to start service Intent { flg=0x4 cmp=com.facebook.katana/com.facebook.orca.sms.MmsSmsLogExternalMessagesLogic$MmsSmsLogExternalMessagesService (has extras) }: not found
D/Socket_Alarm( 8417): registerHTCSocketMonitorCallBack
D/Socket_Alarm( 8417): set mSocketMonitor
D/Socket_Alarm( 8417): HTCSocketMonitorImpl::HTCSocketMonitorImpl
I/ActivityManager(  240): No longer want com.google.android.apps.maps:GoogleLocationService (pid 7580): hidden #16, adj=15
W/ActivityManager(  240): Scheduling restart of crashed service com.google.android.apps.maps/com.google.android.location.internal.server.GoogleLocationService in 5000ms
D/ActivityManager(  240): Config after re-evaluted by window manager: null
V/LocationManagerService(  240): Location listener died
V/LocationManagerService(  240): _removeUpdates: listener = Receiver{41db41a0 Listener android.os.BinderProxy@41e30f10}mUpdateRecords: {passive=UpdateRecord{4204a018 mProvider: passive mUid: 10048}}
I/ActivityManager(  240): Start proc com.google.android.apps.maps:GoogleLocationService for service com.google.android.apps.maps/com.google.android.location.internal.server.GoogleLocationService: pid=8431 uid=10048 gids={3003, 1015}
D/Socket_Alarm( 8431): registerHTCSocketMonitorCallBack
D/Socket_Alarm( 8431): set mSocketMonitor
D/Socket_Alarm( 8431): HTCSocketMonitorImpl::HTCSocketMonitorImpl
V/LocationManagerService(  240): getAllProviders
E/LocationManagerService(  240): add listener to CarGpsProvider to provide NMEA
V/LocationManagerService(  240): requestLocationUpdates
V/LocationManagerService(  240): _requestLocationUpdates: listener = Receiver{4142c340 Listener android.os.BinderProxy@41895ee0}mUpdateRecords: {}
V/LocationManagerService(  240): requestLocationUpdatesLocked++
V/LocationManagerService(  240): _requestLocationUpdates: provider = passive listener = Receiver{4142c340 Listener android.os.BinderProxy@41895ee0}mUpdateRecords: {passive=UpdateRecord{4187e030 mProvider: passive mUid: 10048}}
V/LocationManagerService(  240): requestLocationUpdatesLocked--
D/WifiService(  240): acquireWifiLockLocked: WifiLock{NetworkLocationLocator type=2 binder=android.os.BinderProxy@4186b310}
D/WifiService(  240): updateWifiState(): disable hotspot
D/WifiService(  240): updateWifiState(): enable and start wifi
D/WifiStateMachine(  240): syncRequestConnectionInfo mWifiInfo=SSID: MOMO, BSSID: 00:19:cb:4b:15:f2, MAC: A8:26:D9:D1:BF:D5, Supplicant state: COMPLETED, RSSI: -76, Link speed: 18, Frequency: 2432, Net ID: 0, Explicit connect: false
D/WifiStateMachine(  240): syncRequestConnectionInfo mWifiInfo=SSID: MOMO, BSSID: 00:19:cb:4b:15:f2, MAC: A8:26:D9:D1:BF:D5, Supplicant state: COMPLETED, RSSI: -76, Link speed: 18, Frequency: 2432, Net ID: 0, Explicit connect: false
I/PackageManager(  240):  setEnabledSetting(), pkgName=com.google.android.apps.maps, clsName=com.google.android.maps.driveabout.app.DestinationActivity, state=1, flag=1, pid=7601, uid=10048
D/WifiService(  240): acquireWifiLockLocked: WifiLock{NetworkLocationBurstCollectionTrigger type=2 binder=android.os.BinderProxy@417a5148}
D/WifiService(  240): updateWifiState(): disable hotspot
D/WifiService(  240): updateWifiState(): enable and start wifi
D/WifiService(  240): releaseWifiLockLocked: WifiLock{NetworkLocationBurstCollectionTrigger type=2 binder=android.os.BinderProxy@417a5148}
D/WifiService(  240): updateWifiState(): disable hotspot
D/WifiService(  240): updateWifiState(): enable and start wifi
D/WifiService(  240): releaseWifiLockLocked: WifiLock{NetworkLocationLocator type=2 binder=android.os.BinderProxy@4186b310}
D/WifiService(  240): updateWifiState(): disable hotspot
D/WifiService(  240): updateWifiState(): enable and start wifi
W/AlarmManager(  240): RXTXtriggerAlarmsLocked
D/BatteryService(  240): updateBatteryStats ======================================
D/BatteryService(  240): UEvent updateBatteryStats
D/NotificationService(  240): mIntentReceiver() Intent.ACTION_BATTERY_CHANGED
D/PowerManagerService(  240): runHtcPowerSaverCheck ======================================
D/PowerUI (  335): closing low battery warning: level=96
D/PowerUI (  335): plugged = true, health = 2, mBatteryLevel = 96, mPluggedBatteryLevel = 78, mLowBatteryWarningLevel2 = 25, mshowLowChargingWarning2 = true
D/WifiService(  240): ACTION_BATTERY_CHANGED pluggedType: 2
D/BatteryService(  240): updateBatteryStats ======================================
D/BatteryService(  240): UEvent updateBatteryStats
D/NotificationService(  240): mIntentReceiver() Intent.ACTION_BATTERY_CHANGED
D/PowerManagerService(  240): runHtcPowerSaverCheck ======================================
D/PowerUI (  335): closing low battery warning: level=96
D/PowerUI (  335): plugged = true, health = 2, mBatteryLevel = 96, mPluggedBatteryLevel = 78, mLowBatteryWarningLevel2 = 25, mshowLowChargingWarning2 = true
D/WifiService(  240): ACTION_BATTERY_CHANGED pluggedType: 2
D/BatteryService(  240): updateBatteryStats ======================================
D/BatteryService(  240): updateBatteryStats ======================================
D/BatteryService(  240): UEvent updateBatteryStats
D/NotificationService(  240): mIntentReceiver() Intent.ACTION_BATTERY_CHANGED
D/PowerManagerService(  240): runHtcPowerSaverCheck ======================================
D/PowerUI (  335): closing low battery warning: level=97
D/PowerUI (  335): plugged = true, health = 2, mBatteryLevel = 97, mPluggedBatteryLevel = 78, mLowBatteryWarningLevel2 = 25, mshowLowChargingWarning2 = true
D/WifiService(  240): ACTION_BATTERY_CHANGED pluggedType: 2
D/BatteryService(  240): updateBatteryStats ======================================
W/AlarmManager(  240): RXTXtriggerAlarmsLocked
D/BatteryService(  240): updateBatteryStats ======================================
D/BatteryService(  240): UEvent updateBatteryStats
D/NotificationService(  240): mIntentReceiver() Intent.ACTION_BATTERY_CHANGED
D/PowerManagerService(  240): runHtcPowerSaverCheck ======================================
D/PowerUI (  335): closing low battery warning: level=97
D/PowerUI (  335): plugged = true, health = 2, mBatteryLevel = 97, mPluggedBatteryLevel = 78, mLowBatteryWarningLevel2 = 25, mshowLowChargingWarning2 = true
D/WifiService(  240): ACTION_BATTERY_CHANGED pluggedType: 2
D/BatteryService(  240): updateBatteryStats ======================================
D/BatteryService(  240): UEvent updateBatteryStats
D/NotificationService(  240): mIntentReceiver() Intent.ACTION_BATTERY_CHANGED
D/PowerManagerService(  240): runHtcPowerSaverCheck ======================================
D/PowerUI (  335): closing low battery warning: level=97
D/PowerUI (  335): plugged = true, health = 2, mBatteryLevel = 97, mPluggedBatteryLevel = 78, mLowBatteryWarningLevel2 = 25, mshowLowChargingWarning2 = true
D/WifiService(  240): ACTION_BATTERY_CHANGED pluggedType: 2
D/BatteryService(  240): updateBatteryStats ======================================
D/BatteryService(  240): updateBatteryStats ======================================
D/BatteryService(  240): UEvent updateBatteryStats
D/NotificationService(  240): mIntentReceiver() Intent.ACTION_BATTERY_CHANGED
D/PowerManagerService(  240): runHtcPowerSaverCheck ======================================
D/PowerUI (  335): closing low battery warning: level=97
D/PowerUI (  335): plugged = true, health = 2, mBatteryLevel = 97, mPluggedBatteryLevel = 78, mLowBatteryWarningLevel2 = 25, mshowLowChargingWarning2 = true
D/WifiService(  240): ACTION_BATTERY_CHANGED pluggedType: 2
D/BatteryService(  240): updateBatteryStats ======================================
D/BatteryService(  240): UEvent updateBatteryStats
D/NotificationService(  240): mIntentReceiver() Intent.ACTION_BATTERY_CHANGED
D/PowerManagerService(  240): runHtcPowerSaverCheck ======================================
D/PowerUI (  335): closing low battery warning: level=98
D/PowerUI (  335): plugged = true, health = 2, mBatteryLevel = 98, mPluggedBatteryLevel = 78, mLowBatteryWarningLevel2 = 25, mshowLowChargingWarning2 = true
D/WifiService(  240): ACTION_BATTERY_CHANGED pluggedType: 2
W/AlarmManager(  240): RXTXtriggerAlarmsLocked
D/BatteryService(  240): updateBatteryStats ======================================
D/BatteryService(  240): updateBatteryStats ======================================
D/BatteryService(  240): updateBatteryStats ======================================
D/BatteryService(  240): updateBatteryStats ======================================
D/BatteryService(  240): updateBatteryStats ======================================
W/AlarmManager(  240): RXTXtriggerAlarmsLocked
V/LocationManagerService(  240): getAllProviders
V/LocationManagerService(  240): getLastKnownLocation: network
V/LocationManagerService(  240): getLastKnownLocation: passive
V/LocationManagerService(  240): getLastKnownLocation: gps
D/WifiStateMachine(  240): syncRequestConnectionInfo mWifiInfo=SSID: MOMO, BSSID: 00:19:cb:4b:15:f2, MAC: A8:26:D9:D1:BF:D5, Supplicant state: COMPLETED, RSSI: -77, Link speed: 18, Frequency: 2432, Net ID: 0, Explicit connect: false
D/BatteryService(  240): updateBatteryStats ======================================
D/BatteryService(  240): UEvent updateBatteryStats
D/NotificationService(  240): mIntentReceiver() Intent.ACTION_BATTERY_CHANGED
D/PowerManagerService(  240): runHtcPowerSaverCheck ======================================
D/PowerUI (  335): closing low battery warning: level=98
D/PowerUI (  335): plugged = true, health = 2, mBatteryLevel = 98, mPluggedBatteryLevel = 78, mLowBatteryWarningLevel2 = 25, mshowLowChargingWarning2 = true
D/WifiService(  240): ACTION_BATTERY_CHANGED pluggedType: 2
D/BatteryService(  240): updateBatteryStats ======================================
D/BatteryService(  240): UEvent updateBatteryStats
D/NotificationService(  240): mIntentReceiver() Intent.ACTION_BATTERY_CHANGED
D/PowerManagerService(  240): runHtcPowerSaverCheck ======================================
D/PowerUI (  335): closing low battery warning: level=98
D/PowerUI (  335): plugged = true, health = 2, mBatteryLevel = 98, mPluggedBatteryLevel = 78, mLowBatteryWarningLevel2 = 25, mshowLowChargingWarning2 = true
D/WifiService(  240): ACTION_BATTERY_CHANGED pluggedType: 2
I/ActivityManager(  240): Start proc com.twitter.android for service com.twitter.android/.client.AppService: pid=8706 uid=10021 gids={3003, 1015}
D/Socket_Alarm( 8706): registerHTCSocketMonitorCallBack
D/Socket_Alarm( 8706): set mSocketMonitor
D/Socket_Alarm( 8706): HTCSocketMonitorImpl::HTCSocketMonitorImpl
I/ActivityManager(  240): No longer want com.onelouder.baconreader (pid 7659): hidden #16, adj=15
W/ActivityManager(  240): Scheduling restart of crashed service com.onelouder.baconreader/.CheckMessageService in 5000ms
D/ActivityManager(  240): Config after re-evaluted by window manager: null
I/ActivityManager(  240): Start proc com.onelouder.baconreader for service com.onelouder.baconreader/.CheckMessageService: pid=8724 uid=10142 gids={3003, 1015}
D/BatteryService(  240): updateBatteryStats ======================================
D/BatteryService(  240): UEvent updateBatteryStats
D/NotificationService(  240): mIntentReceiver() Intent.ACTION_BATTERY_CHANGED
D/PowerManagerService(  240): runHtcPowerSaverCheck ======================================
D/PowerUI (  335): closing low battery warning: level=99
D/PowerUI (  335): plugged = true, health = 2, mBatteryLevel = 99, mPluggedBatteryLevel = 78, mLowBatteryWarningLevel2 = 25, mshowLowChargingWarning2 = true
D/WifiService(  240): ACTION_BATTERY_CHANGED pluggedType: 2
D/BatteryService(  240): updateBatteryStats ======================================
D/BatteryService(  240): updateBatteryStats ======================================
W/AlarmManager(  240): RXTXtriggerAlarmsLocked
D/BatteryService(  240): updateBatteryStats ======================================
D/BatteryService(  240): updateBatteryStats ======================================
D/BatteryService(  240): UEvent updateBatteryStats
D/NotificationService(  240): mIntentReceiver() Intent.ACTION_BATTERY_CHANGED
D/PowerManagerService(  240): runHtcPowerSaverCheck ======================================
D/PowerUI (  335): closing low battery warning: level=99
D/PowerUI (  335): plugged = true, health = 2, mBatteryLevel = 99, mPluggedBatteryLevel = 78, mLowBatteryWarningLevel2 = 25, mshowLowChargingWarning2 = true
D/WifiService(  240): ACTION_BATTERY_CHANGED pluggedType: 2
D/BatteryService(  240): updateBatteryStats ======================================
D/BatteryService(  240): updateBatteryStats ======================================
D/BatteryService(  240): updateBatteryStats ======================================
W/AlarmManager(  240): RXTXtriggerAlarmsLocked
D/BatteryService(  240): updateBatteryStats ======================================
D/BatteryService(  240): updateBatteryStats ======================================
D/BatteryService(  240): UEvent updateBatteryStats
D/NotificationService(  240): mIntentReceiver() Intent.ACTION_BATTERY_CHANGED
D/PowerManagerService(  240): runHtcPowerSaverCheck ======================================
D/PowerUI (  335): closing low battery warning: level=99
D/PowerUI (  335): plugged = true, health = 2, mBatteryLevel = 99, mPluggedBatteryLevel = 78, mLowBatteryWarningLevel2 = 25, mshowLowChargingWarning2 = true
D/WifiService(  240): ACTION_BATTERY_CHANGED pluggedType: 2
D/BatteryService(  240): updateBatteryStats ======================================
D/BatteryService(  240): updateBatteryStats ======================================
D/BatteryService(  240): updateBatteryStats ======================================
I/ActivityManager(  240): No longer want com.htc.bgp (pid 2369): hidden #16, adj=15
I/ActivityManager(  240): No longer want ait.podka (pid 7682): hidden #17, adj=15
W/ActivityManager(  240): Scheduling restart of crashed service ait.podka/.services.AudioService in 5000ms
D/ActivityManager(  240): Config after re-evaluted by window manager: null
V/LocationManagerService(  240): Location listener died
V/LocationManagerService(  240): _removeUpdates: listener = Receiver{411f9f30 Listener android.os.BinderProxy@41340010}mUpdateRecords: {passive=UpdateRecord{411e3c60 mProvider: passive mUid: 10012}}
W/ActivityManager(  240): Scheduling restart of crashed service com.htc.android.psclient/.ConnectToPCService in 14945ms
W/ActivityManager(  240): Scheduling restart of crashed service com.htc.cs/.service.DashboardService in 24945ms
W/ActivityManager(  240): Scheduling restart of crashed service com.htc.htclocationservice/.AutoSettingService in 34944ms
I/ActivityManager(  240): Start proc ait.podka for service ait.podka/.services.AudioService: pid=8923 uid=10022 gids={3003, 1015}
I/ActivityManager(  240): No longer want com.google.android.gm (pid 7448): hidden #16, adj=15
D/ActivityManager(  240): Config after re-evaluted by window manager: null
I/ActivityManager(  240): Start proc com.htc.bgp for service com.htc.android.psclient/.ConnectToPCService: pid=8938 uid=10012 gids={2001, 3003, 1015, 1006, 5001}
D/Socket_Alarm( 8938): registerHTCSocketMonitorCallBack
D/Socket_Alarm( 8938): set mSocketMonitor
D/Socket_Alarm( 8938): HTCSocketMonitorImpl::HTCSocketMonitorImpl
I/ActivityManager(  240): Start proc com.htc.calendar for broadcast com.htc.calendar/.app.widget.CalendarAppWidgetService$CalendarFactory: pid=8955 uid=10012 gids={2001, 3003, 1015, 1006, 5001}
I/ActivityManager(  240): No longer want com.radioopt.widget (pid 8105): hidden #16, adj=15
W/ActivityManager(  240): Scheduling restart of crashed service com.radioopt.widget/com.tm.monitoring.TMService in 28459ms
D/ActivityManager(  240): Config after re-evaluted by window manager: null
V/LocationManagerService(  240): Location listener died
V/LocationManagerService(  240): _removeUpdates: listener = Receiver{41a65570 Listener android.os.BinderProxy@41a65510}mUpdateRecords: {passive=UpdateRecord{41e29400 mProvider: passive mUid: 10074}}
D/Socket_Alarm( 8955): registerHTCSocketMonitorCallBack
D/Socket_Alarm( 8955): set mSocketMonitor
D/Socket_Alarm( 8955): HTCSocketMonitorImpl::HTCSocketMonitorImpl
W/AlarmManager(  240): RXTXtriggerAlarmsLocked
V/LocationManagerService(  240): requestLocationUpdates
V/LocationManagerService(  240): _requestLocationUpdates: listener = Receiver{426ea720 Listener android.os.BinderProxy@41545638}mUpdateRecords: {}
V/LocationManagerService(  240): requestLocationUpdatesLocked++
V/LocationManagerService(  240): _requestLocationUpdates: provider = passive listener = Receiver{426ea720 Listener android.os.BinderProxy@41545638}mUpdateRecords: {passive=UpdateRecord{41a3a438 mProvider: passive mUid: 10012}}
V/LocationManagerService(  240): requestLocationUpdatesLocked--
I/ActivityManager(  240): Start proc com.radioopt.widget for service com.radioopt.widget/com.tm.monitoring.TMService: pid=8986 uid=10074 gids={3003}
V/LocationManagerService(  240): requestLocationUpdates
V/LocationManagerService(  240): _requestLocationUpdates: listener = Receiver{418c8eb0 Listener android.os.BinderProxy@418c8e50}mUpdateRecords: {}
V/LocationManagerService(  240): requestLocationUpdatesLocked++
V/LocationManagerService(  240): _requestLocationUpdates: provider = passive listener = Receiver{418c8eb0 Listener android.os.BinderProxy@418c8e50}mUpdateRecords: {passive=UpdateRecord{4212a170 mProvider: passive mUid: 10074}}
V/LocationManagerService(  240): requestLocationUpdatesLocked--
E/LocationManagerService(  240): add listener to CarGpsProvider to provide NMEA
D/Socket_Alarm( 8986): registerHTCSocketMonitorCallBack
D/Socket_Alarm( 8986): set mSocketMonitor
D/Socket_Alarm( 8986): HTCSocketMonitorImpl::HTCSocketMonitorImpl
D/WifiStateMachine(  240): syncRequestConnectionInfo mWifiInfo=SSID: MOMO, BSSID: 00:19:cb:4b:15:f2, MAC: A8:26:D9:D1:BF:D5, Supplicant state: COMPLETED, RSSI: -75, Link speed: 18, Frequency: 2432, Net ID: 0, Explicit connect: false
D/WifiStateMachine(  240): syncRequestConnectionInfo mWifiInfo=SSID: MOMO, BSSID: 00:19:cb:4b:15:f2, MAC: A8:26:D9:D1:BF:D5, Supplicant state: COMPLETED, RSSI: -75, Link speed: 18, Frequency: 2432, Net ID: 0, Explicit connect: false
D/WifiStateMachine(  240): syncRequestConnectionInfo mWifiInfo=SSID: MOMO, BSSID: 00:19:cb:4b:15:f2, MAC: A8:26:D9:D1:BF:D5, Supplicant state: COMPLETED, RSSI: -75, Link speed: 18, Frequency: 2432, Net ID: 0, Explicit connect: false
D/BatteryService(  240): updateBatteryStats ======================================
D/BatteryService(  240): updateBatteryStats ======================================
D/BatteryService(  240): UEvent updateBatteryStats
D/NotificationService(  240): mIntentReceiver() Intent.ACTION_BATTERY_CHANGED
D/PowerManagerService(  240): runHtcPowerSaverCheck ======================================
D/PowerUI (  335): closing low battery warning: level=99
D/PowerUI (  335): plugged = true, health = 2, mBatteryLevel = 99, mPluggedBatteryLevel = 78, mLowBatteryWarningLevel2 = 25, mshowLowChargingWarning2 = true
D/WifiService(  240): ACTION_BATTERY_CHANGED pluggedType: 2
D/BatteryService(  240): updateBatteryStats ======================================
D/BatteryService(  240): updateBatteryStats ======================================
D/BatteryService(  240): UEvent updateBatteryStats
D/NotificationService(  240): mIntentReceiver() Intent.ACTION_BATTERY_CHANGED
D/PowerManagerService(  240): runHtcPowerSaverCheck ======================================
D/PowerUI (  335): closing low battery warning: level=99
D/PowerUI (  335): plugged = true, health = 2, mBatteryLevel = 99, mPluggedBatteryLevel = 78, mLowBatteryWarningLevel2 = 25, mshowLowChargingWarning2 = true
D/WifiService(  240): ACTION_BATTERY_CHANGED pluggedType: 2
D/BatteryService(  240): updateBatteryStats ======================================
W/AlarmManager(  240): RXTXtriggerAlarmsLocked
