I/BATT_ALG(  129): vol=4267;curr=0;dis_curr=167;temp=309;id=2;level=99;chg_src=1;chg_en=0;isOver_temp=0;timer=60;safety_count=0
D/BatteryService(  240): UEvent updateBatteryStats
D/HtcPowerSaver(  240): Recived battery changed intent.
D/UsbnetService(  240): BroadcastReceiver::onReceive+
D/UsbnetService(  240): onReceive BATTERY_CHANGED
D/UsbnetService(  240):  --> pluggedType = 2, mPluggedType = 0, mScreenOff = true
D/UsbnetService(  240): BroadcastReceiver::onReceive-
D/HtcPowerSaver(  240): Checking...
I/HtcPowerSaver(  240): >> updateStatus
D/NotificationService(  240): mIntentReceiver() Intent.ACTION_BATTERY_CHANGED
D/PowerManagerService(  240): runHtcPowerSaverCheck ======================================
I/HtcPowerSaver(  240): currentStatus=8000, currentLevel=99, enableLevel=15, enable=false, popDialog=false, statusChangeTo=-1
I/HtcPowerSaver(  240): << updateStatus
D/PowerUI (  335): closing low battery warning: level=99
D/PowerUI (  335): plugged = true, health = 2, mBatteryLevel = 99, mPluggedBatteryLevel = 78, mLowBatteryWarningLevel2 = 25, mshowLowChargingWarning2 = true
D/WifiService(  240): ACTION_BATTERY_CHANGED pluggedType: 2
D/PackageManager(  240): Failed to get PackageInfo!, pkg:com.htc.demoflorebooter, flags:1
E/Adreno200-ES20(11638): <process_gl_state_enables:456>: GL_INVALID_ENUM
D/BatteryService(  240): updateBatteryStats ======================================
I/BATT_ALG(  129): charging time: 1
I/BATT_ALG(  129): batt_alg_overtemp_check:temp:309, isOver_temp:0
I/BATT_ALG(  129): set_battery_voltage_alarm level=99, alarm_config=25, batt_alarm_config=25
I/BATT_ALG(  129): vol=4264;curr=0;dis_curr=167;temp=309;id=2;level=99;chg_src=1;chg_en=0;isOver_temp=0;timer=60;safety_count=0
D/BatteryService(  240): UEvent updateBatteryStats
D/HtcPowerSaver(  240): Recived battery changed intent.
D/UsbnetService(  240): BroadcastReceiver::onReceive+
D/UsbnetService(  240): onReceive BATTERY_CHANGED
D/UsbnetService(  240):  --> pluggedType = 2, mPluggedType = 0, mScreenOff = true
D/UsbnetService(  240): BroadcastReceiver::onReceive-
D/HtcPowerSaver(  240): Checking...
I/HtcPowerSaver(  240): >> updateStatus
D/NotificationService(  240): mIntentReceiver() Intent.ACTION_BATTERY_CHANGED
D/PowerManagerService(  240): runHtcPowerSaverCheck ======================================
D/PowerUI (  335): closing low battery warning: level=99
D/PowerUI (  335): plugged = true, health = 2, mBatteryLevel = 99, mPluggedBatteryLevel = 78, mLowBatteryWarningLevel2 = 25, mshowLowChargingWarning2 = true
I/HtcPowerSaver(  240): currentStatus=8000, currentLevel=99, enableLevel=15, enable=false, popDialog=false, statusChangeTo=-1
I/HtcPowerSaver(  240): << updateStatus
D/WifiService(  240): ACTION_BATTERY_CHANGED pluggedType: 2
D/PackageManager(  240): Failed to get PackageInfo!, pkg:com.htc.demoflorebooter, flags:1
E/Adreno200-ES20(11638): <process_gl_state_enables:456>: GL_INVALID_ENUM
D/BatteryService(  240): updateBatteryStats ======================================
I/BATT_ALG(  129): charging time: 1
I/BATT_ALG(  129): batt_alg_overtemp_check:temp:309, isOver_temp:0
I/BATT_ALG(  129): set_battery_voltage_alarm level=99, alarm_config=25, batt_alarm_config=25
I/BATT_ALG(  129): vol=4262;curr=0;dis_curr=167;temp=309;id=2;level=99;chg_src=1;chg_en=0;isOver_temp=0;timer=60;safety_count=0
D/BatteryService(  240): UEvent updateBatteryStats
D/HtcPowerSaver(  240): Recived battery changed intent.
D/UsbnetService(  240): BroadcastReceiver::onReceive+
D/UsbnetService(  240): onReceive BATTERY_CHANGED
D/UsbnetService(  240):  --> pluggedType = 2, mPluggedType = 0, mScreenOff = true
D/UsbnetService(  240): BroadcastReceiver::onReceive-
D/HtcPowerSaver(  240): Checking...
I/HtcPowerSaver(  240): >> updateStatus
D/NotificationService(  240): mIntentReceiver() Intent.ACTION_BATTERY_CHANGED
D/PowerManagerService(  240): runHtcPowerSaverCheck ======================================
I/HtcPowerSaver(  240): currentStatus=8000, currentLevel=99, enableLevel=15, enable=false, popDialog=false, statusChangeTo=-1
I/HtcPowerSaver(  240): << updateStatus
D/PowerUI (  335): closing low battery warning: level=99
D/PowerUI (  335): plugged = true, health = 2, mBatteryLevel = 99, mPluggedBatteryLevel = 78, mLowBatteryWarningLevel2 = 25, mshowLowChargingWarning2 = true
D/WifiService(  240): ACTION_BATTERY_CHANGED pluggedType: 2
D/PackageManager(  240): Failed to get PackageInfo!, pkg:com.htc.demoflorebooter, flags:1
E/Adreno200-ES20(11638): <process_gl_state_enables:456>: GL_INVALID_ENUM
D/BatteryService(  240): updateBatteryStats ======================================
I/BATT_ALG(  129): charging time: 1
I/BATT_ALG(  129): batt_alg_check_charging: charging_source = 1,  isOver_temp = 0
I/BATT_ALG(  129): batt_alg_set_charging: set charging: 1
I/BATT_ALG(  129): batt_alg_overtemp_check:temp:309, isOver_temp:0
I/BATT_ALG(  129): set_battery_voltage_alarm level=98, alarm_config=25, batt_alarm_config=25
I/BATT_ALG(  129): vol=4260;curr=0;dis_curr=169;temp=309;id=2;level=98;chg_src=1;chg_en=1;isOver_temp=0;timer=60;safety_count=0
D/BatteryService(  240): UEvent updateBatteryStats
D/HtcPowerSaver(  240): Recived battery changed intent.
D/UsbnetService(  240): BroadcastReceiver::onReceive+
D/UsbnetService(  240): onReceive BATTERY_CHANGED
D/UsbnetService(  240):  --> pluggedType = 2, mPluggedType = 0, mScreenOff = true
D/UsbnetService(  240): BroadcastReceiver::onReceive-
D/HtcPowerSaver(  240): Checking...
I/HtcPowerSaver(  240): >> updateStatus
D/NotificationService(  240): mIntentReceiver() Intent.ACTION_BATTERY_CHANGED
D/PowerManagerService(  240): runHtcPowerSaverCheck ======================================
I/HtcPowerSaver(  240): currentStatus=8000, currentLevel=98, enableLevel=15, enable=false, popDialog=false, statusChangeTo=-1
D/PowerUI (  335): closing low battery warning: level=98
D/PowerUI (  335): plugged = true, health = 2, mBatteryLevel = 98, mPluggedBatteryLevel = 78, mLowBatteryWarningLevel2 = 25, mshowLowChargingWarning2 = true
I/HtcPowerSaver(  240): << updateStatus
D/PackageManager(  240): Failed to get PackageInfo!, pkg:com.htc.demoflorebooter, flags:1
D/WifiService(  240): ACTION_BATTERY_CHANGED pluggedType: 2
D/BatteryService(  240): UEvent updateBatteryStats
E/Adreno200-ES20(11638): <process_gl_state_enables:456>: GL_INVALID_ENUM
D/BatteryService(  240): updateBatteryStats ======================================
I/BATT_ALG(  129): charging time: 0
I/BATT_ALG(  129): batt_alg_overtemp_check:temp:307, isOver_temp:0
I/BATT_ALG(  129): set_battery_voltage_alarm level=99, alarm_config=25, batt_alarm_config=25
I/BATT_ALG(  129): vol=4352;curr=131;dis_curr=0;temp=307;id=2;level=99;chg_src=1;chg_en=1;isOver_temp=0;timer=60;safety_count=0
D/BatteryService(  240): UEvent updateBatteryStats
D/HtcPowerSaver(  240): Recived battery changed intent.
D/UsbnetService(  240): BroadcastReceiver::onReceive+
D/UsbnetService(  240): onReceive BATTERY_CHANGED
D/UsbnetService(  240):  --> pluggedType = 2, mPluggedType = 0, mScreenOff = true
D/UsbnetService(  240): BroadcastReceiver::onReceive-
D/NotificationService(  240): mIntentReceiver() Intent.ACTION_BATTERY_CHANGED
D/HtcPowerSaver(  240): Checking...
I/HtcPowerSaver(  240): >> updateStatus
D/PowerManagerService(  240): runHtcPowerSaverCheck ======================================
I/HtcPowerSaver(  240): currentStatus=8000, currentLevel=99, enableLevel=15, enable=false, popDialog=false, statusChangeTo=-1
D/PowerUI (  335): closing low battery warning: level=99
D/PowerUI (  335): plugged = true, health = 2, mBatteryLevel = 99, mPluggedBatteryLevel = 78, mLowBatteryWarningLevel2 = 25, mshowLowChargingWarning2 = true
I/HtcPowerSaver(  240): << updateStatus
D/WifiService(  240): ACTION_BATTERY_CHANGED pluggedType: 2
D/PackageManager(  240): Failed to get PackageInfo!, pkg:com.htc.demoflorebooter, flags:1
W/AlarmManager(  240): RXTXtriggerAlarmsLocked
D/dalvikvm( 7611): GC_CONCURRENT freed 1768K, 24% free 8207K/10723K, paused 12ms+7ms
E/Adreno200-ES20(11638): <process_gl_state_enables:456>: GL_INVALID_ENUM
D/BatteryService(  240): updateBatteryStats ======================================
I/BATT_ALG(  129): charging time: 0
I/BATT_ALG(  129): batt_alg_overtemp_check:temp:307, isOver_temp:0
I/BATT_ALG(  129): set_battery_voltage_alarm level=99, alarm_config=25, batt_alarm_config=25
I/BATT_ALG(  129): vol=4352;curr=111;dis_curr=0;temp=307;id=2;level=99;chg_src=1;chg_en=1;isOver_temp=0;timer=60;safety_count=0
E/Adreno200-ES20(11638): <process_gl_state_enables:456>: GL_INVALID_ENUM
D/BatteryService(  240): updateBatteryStats ======================================
I/BATT_ALG(  129): charging time: 0
I/BATT_ALG(  129): batt_alg_overtemp_check:temp:307, isOver_temp:0
I/BATT_ALG(  129): set_battery_voltage_alarm level=99, alarm_config=25, batt_alarm_config=25
I/BATT_ALG(  129): vol=4352;curr=101;dis_curr=0;temp=307;id=2;level=99;chg_src=1;chg_en=1;isOver_temp=0;timer=60;safety_count=0
E/Adreno200-ES20(11638): <process_gl_state_enables:456>: GL_INVALID_ENUM
D/BatteryService(  240): updateBatteryStats ======================================
I/BATT_ALG(  129): charging time: 0
I/BATT_ALG(  129): batt_alg_overtemp_check:temp:307, isOver_temp:0
I/BATT_ALG(  129): set_battery_voltage_alarm level=99, alarm_config=25, batt_alarm_config=25
I/BATT_ALG(  129): vol=4352;curr=93;dis_curr=0;temp=307;id=2;level=99;chg_src=1;chg_en=1;isOver_temp=0;timer=60;safety_count=0
E/Adreno200-ES20(11638): <process_gl_state_enables:456>: GL_INVALID_ENUM
D/PhoneApp(  487): Recieved EVENT_SMART_DATA_ROAMING_REQUEST flag=true, mRadioSwitch=true
D/dalvikvm(  240): GC_CONCURRENT freed 5169K, 39% free 23785K/38499K, paused 5ms+24ms
D/BatteryService(  240): updateBatteryStats ======================================
I/BATT_ALG(  129): charging time: 0
I/BATT_ALG(  129): batt_alg_overtemp_check:temp:307, isOver_temp:0
I/BATT_ALG(  129): set_battery_voltage_alarm level=99, alarm_config=25, batt_alarm_config=25
I/BATT_ALG(  129): vol=4352;curr=87;dis_curr=0;temp=307;id=2;level=99;chg_src=1;chg_en=1;isOver_temp=0;timer=60;safety_count=0
D/Process (  240): killProcessQuiet, pid=10199
I/ActivityManager(  240): No longer want android.process.media (pid 10199): hidden #16, adj=15
D/Process (  240): dalvik.system.VMStack.getThreadStackTrace(Native Method)
D/Process (  240): java.lang.Thread.getStackTrace(Thread.java:599)
D/Process (  240): android.os.Process.killProcessQuiet(Process.java:818)
D/Process (  240): com.android.server.am.ActivityManagerService.updateOomAdjLocked(ActivityManagerService.java:15140)
D/Process (  240): com.android.server.am.ActivityManagerService.deliverToRegisteredReceiverLocked(ActivityManagerService.java:13431)
D/Process (  240): com.android.server.am.ActivityManagerService.processNextBroadcast(ActivityManagerService.java:13661)
D/Process (  240): com.android.server.am.ActivityManagerService.access$100(ActivityManagerService.java:184)
D/Process (  240): com.android.server.am.ActivityManagerService$2.handleMessage(ActivityManagerService.java:1088)
D/Process (  240): android.os.Handler.dispatchMessage(Handler.java:99)
D/Process (  240): android.os.Looper.loop(Looper.java:154)
D/Process (  240): com.android.server.am.ActivityManagerService$AThread.run(ActivityManagerService.java:1547)
I/CarouselTimeLog(29462): onStart() finish: 1363667100092
D/ActivityManager(  240): Config after re-evaluted by window manager: null
D/MountService(  240): An IMountServiceListener waiting for binder!
D/CarouselDummyActivity(29462): CarouselDummyActivity.onResume: tab_allapps
D/UnlockAnimator(29462): setFrame: unlock_to_03
E/Adreno200-ES20(11638): <process_gl_state_enables:456>: GL_INVALID_ENUM
D/CAT     (  487): CatService: Return current sInstance
D/CAT     (  487): CatService: Return current sInstance
D/OpenGLRenderer(29462): Flushing caches (mode 2)
D/dalvikvm(10115): GC_CONCURRENT freed 1717K, 41% free 3242K/5475K, paused 2ms+2ms
D/BatteryService(  240): updateBatteryStats ======================================
I/BATT_ALG(  129): charging time: 0
I/BATT_ALG(  129): batt_alg_overtemp_check:temp:307, isOver_temp:0
I/BATT_ALG(  129): set_battery_voltage_alarm level=99, alarm_config=25, batt_alarm_config=25
I/BATT_ALG(  129): vol=4352;curr=81;dis_curr=0;temp=307;id=2;level=99;chg_src=1;chg_en=1;isOver_temp=0;timer=60;safety_count=0
W/AlarmManager(  240): RXTXtriggerAlarmsLocked
D/dalvikvm( 7611): GC_CONCURRENT freed 1832K, 24% free 8218K/10723K, paused 4ms+6ms
E/Adreno200-ES20(11638): <process_gl_state_enables:456>: GL_INVALID_ENUM
D/BatteryService(  240): updateBatteryStats ======================================
I/BATT_ALG(  129): charging time: 0
I/BATT_ALG(  129): batt_alg_overtemp_check:temp:307, isOver_temp:0
I/BATT_ALG(  129): set_battery_voltage_alarm level=99, alarm_config=25, batt_alarm_config=25
I/BATT_ALG(  129): vol=4352;curr=77;dis_curr=0;temp=307;id=2;level=99;chg_src=1;chg_en=1;isOver_temp=0;timer=60;safety_count=0
E/Adreno200-ES20(11638): <process_gl_state_enables:456>: GL_INVALID_ENUM
D/BatteryService(  240): updateBatteryStats ======================================
I/BATT_ALG(  129): charging time: 0
I/BATT_ALG(  129): batt_alg_overtemp_check:temp:307, isOver_temp:0
I/BATT_ALG(  129): set_battery_voltage_alarm level=99, alarm_config=25, batt_alarm_config=25
I/BATT_ALG(  129): vol=4352;curr=73;dis_curr=0;temp=307;id=2;level=99;chg_src=1;chg_en=1;isOver_temp=0;timer=60;safety_count=0
E/Adreno200-ES20(11638): <process_gl_state_enables:456>: GL_INVALID_ENUM
D/BatteryService(  240): updateBatteryStats ======================================
I/BATT_ALG(  129): charging time: 0
I/BATT_ALG(  129): batt_alg_overtemp_check:temp:307, isOver_temp:0
I/BATT_ALG(  129): set_battery_voltage_alarm level=99, alarm_config=25, batt_alarm_config=25
I/BATT_ALG(  129): vol=4352;curr=69;dis_curr=0;temp=307;id=2;level=99;chg_src=1;chg_en=1;isOver_temp=0;timer=60;safety_count=0
E/Adreno200-ES20(11638): <process_gl_state_enables:456>: GL_INVALID_ENUM
D/BatteryService(  240): updateBatteryStats ======================================
I/BATT_ALG(  129): charging time: 0
I/BATT_ALG(  129): batt_alg_overtemp_check:temp:307, isOver_temp:0
I/BATT_ALG(  129): set_battery_voltage_alarm level=99, alarm_config=25, batt_alarm_config=25
I/BATT_ALG(  129): vol=4352;curr=65;dis_curr=0;temp=307;id=2;level=99;chg_src=1;chg_en=1;isOver_temp=0;timer=60;safety_count=0
D/Process (  240): killProcessQuiet, pid=10115
I/ActivityManager(  240): No longer want com.radioopt.widget (pid 10115): hidden #17, adj=15
D/Process (  240): dalvik.system.VMStack.getThreadStackTrace(Native Method)
D/Process (  240): java.lang.Thread.getStackTrace(Thread.java:599)
D/Process (  240): android.os.Process.killProcessQuiet(Process.java:818)
D/Process (  240): com.android.server.am.ActivityManagerService.updateOomAdjLocked(ActivityManagerService.java:15140)
D/Process (  240): com.android.server.am.ActivityManagerService.deliverToRegisteredReceiverLocked(ActivityManagerService.java:13431)
D/Process (  240): com.android.server.am.ActivityManagerService.processNextBroadcast(ActivityManagerService.java:13661)
D/Process (  240): com.android.server.am.ActivityManagerService.access$100(ActivityManagerService.java:184)
D/Process (  240): com.android.server.am.ActivityManagerService$2.handleMessage(ActivityManagerService.java:1088)
D/Process (  240): android.os.Handler.dispatchMessage(Handler.java:99)
D/Process (  240): android.os.Looper.loop(Looper.java:154)
D/Process (  240): com.android.server.am.ActivityManagerService$AThread.run(ActivityManagerService.java:1547)
W/ActivityManager(  240): Scheduling restart of crashed service com.radioopt.widget/com.tm.monitoring.TMService in 5000ms
D/ActivityManager(  240): Config after re-evaluted by window manager: null
D/GpsLocationProvider(  240): GPS status listener died
D/CarGpsProvider(  240): GPS Mock status listener died
I/CarouselTimeLog(29462): onStart() finish: 1363667400088
V/LocationManagerService(  240): Location listener died
V/LocationManagerService(  240): _removeUpdates: listener = Receiver{4165a2a8 Listener android.os.BinderProxy@41719318}mUpdateRecords: {passive=UpdateRecord{41768418 mProvider: passive mUid: 10074}}
D/CarouselDummyActivity(29462): CarouselDummyActivity.onResume: tab_allapps
D/UnlockAnimator(29462): setFrame: unlock_to_03
D/CAT     (  487): CatService: Return current sInstance
E/Adreno200-ES20(11638): <process_gl_state_enables:456>: GL_INVALID_ENUM
D/CAT     (  487): CatService: Return current sInstance
D/OpenGLRenderer(29462): Flushing caches (mode 2)
I/ActivityManager(  240): Start proc com.radioopt.widget for service com.radioopt.widget/com.tm.monitoring.TMService: pid=11390 uid=10074 gids={3003}
I/dalvikvm(11390): Turning on JNI app bug workarounds for target SDK version 8...
D/SqliteDatabaseCpp(11390): Registering sqlite logging func: /data/data/com.radioopt.widget/databases/radioopt.db
D/SqliteDatabaseCpp(11390): DB info: open db, path = /data/data/com.radioopt.widget/databases , key = vYdakkht, flag = 6, file size = 55296
D/SqliteDatabaseCpp(11390): DB info: path = /data/data/com.radioopt.widget/databases , key = vYdakkht, handle: 0x193e1a8, type: w, r/w: (0,1), mode: truncate, disk free size: 242 M
V/LocationManagerService(  240): requestLocationUpdates
V/LocationManagerService(  240): _requestLocationUpdates: listener = Receiver{4189a550 Listener android.os.BinderProxy@42547c00}mUpdateRecords: {}
V/LocationManagerService(  240): requestLocationUpdatesLocked++
V/LocationManagerService(  240): _requestLocationUpdates: provider = passive listener = Receiver{4189a550 Listener android.os.BinderProxy@42547c00}mUpdateRecords: {passive=UpdateRecord{4185f118 mProvider: passive mUid: 10074}}
V/LocationManagerService(  240): requestLocationUpdatesLocked--
E/LocationManagerService(  240): add listener to CarGpsProvider to provide NMEA
D/Socket_Alarm(11390): registerHTCSocketMonitorCallBack
D/Socket_Alarm(11390): set mSocketMonitor
D/Socket_Alarm(11390): HTCSocketMonitorImpl::HTCSocketMonitorImpl
D/dalvikvm(  240): GC_EXPLICIT freed 1862K, 39% free 23573K/38499K, paused 5ms+21ms
D/WifiStateMachine(  240): syncRequestConnectionInfo mWifiInfo=SSID: MOMO, BSSID: 00:19:cb:4b:15:f2, MAC: A8:26:D9:D1:BF:D5, Supplicant state: COMPLETED, RSSI: -77, Link speed: 18, Frequency: 2432, Net ID: 0, Explicit connect: false
D/WifiStateMachine(  240): syncRequestConnectionInfo mWifiInfo=SSID: MOMO, BSSID: 00:19:cb:4b:15:f2, MAC: A8:26:D9:D1:BF:D5, Supplicant state: COMPLETED, RSSI: -77, Link speed: 18, Frequency: 2432, Net ID: 0, Explicit connect: false
D/WifiStateMachine(  240): syncRequestConnectionInfo mWifiInfo=SSID: MOMO, BSSID: 00:19:cb:4b:15:f2, MAC: A8:26:D9:D1:BF:D5, Supplicant state: COMPLETED, RSSI: -77, Link speed: 18, Frequency: 2432, Net ID: 0, Explicit connect: false
D/BatteryService(  240): updateBatteryStats ======================================
I/BATT_ALG(  129): charging time: 0
I/BATT_ALG(  129): batt_alg_overtemp_check:temp:307, isOver_temp:0
I/BATT_ALG(  129): set_battery_voltage_alarm level=99, alarm_config=25, batt_alarm_config=25
I/BATT_ALG(  129): vol=4352;curr=63;dis_curr=0;temp=307;id=2;level=99;chg_src=1;chg_en=1;isOver_temp=0;timer=60;safety_count=0
W/AlarmManager(  240): RXTXtriggerAlarmsLocked
E/Adreno200-ES20(11638): <process_gl_state_enables:456>: GL_INVALID_ENUM
D/BatteryService(  240): updateBatteryStats ======================================
I/BATT_ALG(  129): charging time: 0
I/BATT_ALG(  129): batt_alg_overtemp_check:temp:307, isOver_temp:0
I/BATT_ALG(  129): set_battery_voltage_alarm level=99, alarm_config=25, batt_alarm_config=25
I/BATT_ALG(  129): vol=4352;curr=59;dis_curr=0;temp=307;id=2;level=99;chg_src=1;chg_en=1;isOver_temp=0;timer=60;safety_count=0
E/Adreno200-ES20(11638): <process_gl_state_enables:456>: GL_INVALID_ENUM
D/BatteryService(  240): updateBatteryStats ======================================
I/BATT_ALG(  129): charging time: 0
I/BATT_ALG(  129): batt_alg_overtemp_check:temp:307, isOver_temp:0
I/BATT_ALG(  129): set_battery_voltage_alarm level=99, alarm_config=25, batt_alarm_config=25
I/BATT_ALG(  129): vol=4352;curr=57;dis_curr=0;temp=307;id=2;level=99;chg_src=1;chg_en=1;isOver_temp=0;timer=60;safety_count=0
E/Adreno200-ES20(11638): <process_gl_state_enables:456>: GL_INVALID_ENUM
D/BatteryService(  240): updateBatteryStats ======================================
I/BATT_ALG(  129): charging time: 0
I/BATT_ALG(  129): batt_alg_overtemp_check:temp:307, isOver_temp:0
I/BATT_ALG(  129): set_battery_voltage_alarm level=99, alarm_config=25, batt_alarm_config=25
I/BATT_ALG(  129): vol=4352;curr=55;dis_curr=0;temp=307;id=2;level=99;chg_src=1;chg_en=1;isOver_temp=0;timer=60;safety_count=0
E/Adreno200-ES20(11638): <process_gl_state_enables:456>: GL_INVALID_ENUM
D/BatteryService(  240): updateBatteryStats ======================================
I/BATT_ALG(  129): charging time: 0
I/BATT_ALG(  129): batt_alg_overtemp_check:temp:306, isOver_temp:0
I/BATT_ALG(  129): set_battery_voltage_alarm level=99, alarm_config=25, batt_alarm_config=25
I/BATT_ALG(  129): vol=4352;curr=51;dis_curr=0;temp=306;id=2;level=99;chg_src=1;chg_en=1;isOver_temp=0;timer=60;safety_count=0
D/BatteryService(  240): UEvent updateBatteryStats
D/HtcPowerSaver(  240): Recived battery changed intent.
D/UsbnetService(  240): BroadcastReceiver::onReceive+
D/UsbnetService(  240): onReceive BATTERY_CHANGED
D/UsbnetService(  240):  --> pluggedType = 2, mPluggedType = 0, mScreenOff = true
D/UsbnetService(  240): BroadcastReceiver::onReceive-
D/HtcPowerSaver(  240): Checking...
I/HtcPowerSaver(  240): >> updateStatus
D/NotificationService(  240): mIntentReceiver() Intent.ACTION_BATTERY_CHANGED
D/PowerManagerService(  240): runHtcPowerSaverCheck ======================================
I/HtcPowerSaver(  240): currentStatus=8000, currentLevel=99, enableLevel=15, enable=false, popDialog=false, statusChangeTo=-1
D/PowerUI (  335): closing low battery warning: level=99
D/PowerUI (  335): plugged = true, health = 2, mBatteryLevel = 99, mPluggedBatteryLevel = 78, mLowBatteryWarningLevel2 = 25, mshowLowChargingWarning2 = true
I/HtcPowerSaver(  240): << updateStatus
D/PackageManager(  240): Failed to get PackageInfo!, pkg:com.htc.demoflorebooter, flags:1
D/WifiService(  240): ACTION_BATTERY_CHANGED pluggedType: 2
E/Adreno200-ES20(11638): <process_gl_state_enables:456>: GL_INVALID_ENUM
D/dalvikvm(11390): GC_FOR_ALLOC freed 1030K, 24% free 3547K/4643K, paused 29ms
D/ContactMessageStore(  487): MSG_CHECK_DELETION >>
D/ContactMessageStore(  487): mDeleteTask = null, bDeleting = false
D/ContactMessageStore(  487): MSG_CHECK_DELETION <<
D/ContactMessageStore(  487): start background delete task...
D/ContactMessageStore(  487): size: 0 , 0
D/ContactMessageStore(  487): Background delete complete
D/BatteryService(  240): updateBatteryStats ======================================
I/BATT_ALG(  129): charging time: 0
I/BATT_ALG(  129): batt_alg_overtemp_check:temp:306, isOver_temp:0
I/BATT_ALG(  129): set_battery_voltage_alarm level=99, alarm_config=25, batt_alarm_config=25
I/BATT_ALG(  129): vol=4352;curr=49;dis_curr=0;temp=306;id=2;level=99;chg_src=1;chg_en=1;isOver_temp=0;timer=60;safety_count=0
D/dalvikvm( 7611): GC_CONCURRENT freed 1775K, 23% free 8285K/10723K, paused 4ms+8ms
W/AlarmManager(  240): RXTXtriggerAlarmsLocked
E/Adreno200-ES20(11638): <process_gl_state_enables:456>: GL_INVALID_ENUM
D/MailService(10485): 06021143 ***** HTC MailService *****: checking mail,com.htc.android.mail.intent.action.MAIL_SERVICE_WAKEUP
D/CursorWindowStats(10485): Allocate Cursor Window larger than default value, size: 4194304, default:2097152
D/CursorWindowStats(10485): Allocate Cursor Window larger than default value, size: 4194304, default:2097152
D/WifiStateMachine(  240): [DriverStartedState] CMD_START_DRIVER
D/WifiService(  240): acquireWifiLockLocked: WifiLock{MAIL_WIFI_LOCK type=1 binder=android.os.BinderProxy@41225bc0}
D/WifiService(  240): updateWifiState(): disable hotspot
D/WifiService(  240): updateWifiState(): enable and start wifi
I/RequestController(10485): enter sendAllMail
D/CursorWindowStats(10485): Allocate Cursor Window larger than default value, size: 4194304, default:2097152
D/CursorWindowStats(10485): Allocate Cursor Window larger than default value, size: 4194304, default:2097152
D/CursorWindowStats(10485): Allocate Cursor Window larger than default value, size: 4194304, default:2097152
D/CursorWindowStats(10485): Allocate Cursor Window larger than default value, size: 4194304, default:2097152
D/CursorWindowStats(10485): Allocate Cursor Window larger than default value, size: 4194304, default:2097152
D/CursorWindowStats(10485): Allocate Cursor Window larger than default value, size: 4194304, default:2097152
D/CursorWindowStats(10485): Allocate Cursor Window larger than default value, size: 4194304, default:2097152
D/CursorWindowStats(10485): Allocate Cursor Window larger than default value, size: 4194304, default:2097152
D/CursorWindowStats(10485): Allocate Cursor Window larger than default value, size: 4194304, default:2097152
D/CursorWindowStats(10485): Allocate Cursor Window larger than default value, size: 4194304, default:2097152
D/CursorWindowStats(10485): Allocate Cursor Window larger than default value, size: 4194304, default:2097152
D/CursorWindowStats(10485): Allocate Cursor Window larger than default value, size: 4194304, default:2097152
D/CursorWindowStats(10485): Allocate Cursor Window larger than default value, size: 4194304, default:2097152
D/CursorWindowStats(10485): Allocate Cursor Window larger than default value, size: 4194304, default:2097152
D/CursorWindowStats(10485): Allocate Cursor Window larger than default value, size: 4194304, default:2097152
D/CursorWindowStats(10485): Allocate Cursor Window larger than default value, size: 4194304, default:2097152
D/CursorWindowStats(10485): Allocate Cursor Window larger than default value, size: 4194304, default:2097152
D/CursorWindowStats(10485): Allocate Cursor Window larger than default value, size: 4194304, default:2097152
D/CursorWindowStats(10485): Allocate Cursor Window larger than default value, size: 4194304, default:2097152
D/CursorWindowStats(10485): Allocate Cursor Window larger than default value, size: 4194304, default:2097152
D/CursorWindowStats(10485): Allocate Cursor Window larger than default value, size: 4194304, default:2097152
D/CursorWindowStats(10485): Allocate Cursor Window larger than default value, size: 4194304, default:2097152
D/CursorWindowStats(10485): Allocate Cursor Window larger than default value, size: 4194304, default:2097152
D/WifiStateMachine(  240): [DriverStartedState] CMD_START_DRIVER
D/CursorWindowStats(10485): Allocate Cursor Window larger than default value, size: 4194304, default:2097152
D/WifiService(  240): releaseWifiLockLocked: WifiLock{MAIL_WIFI_LOCK type=1 binder=android.os.BinderProxy@41225bc0}
D/WifiService(  240): updateWifiState(): disable hotspot
D/WifiService(  240): updateWifiState(): enable and start wifi
D/dalvikvm( 8271): GC_CONCURRENT freed 1680K, 39% free 2856K/4643K, paused 2ms+2ms
D/CursorWindowStats(10485): Allocate Cursor Window larger than default value, size: 4194304, default:2097152
D/dalvikvm(29462): GC_CONCURRENT freed 2258K, 52% free 10070K/20771K, paused 2ms+19ms
D/CursorWindowStats(10485): Allocate Cursor Window larger than default value, size: 4194304, default:2097152
D/CursorWindowStats(10485): Allocate Cursor Window larger than default value, size: 4194304, default:2097152
I/ActivityManager(  240): Start proc com.htc.bg for content provider com.htc.provider.settings/.NotificationFlashLightProvider: pid=11515 uid=10012 gids={2001, 3003, 1015, 1006, 5001}
D/Process (  240): killProcessQuiet, pid=10291
D/Process (  240): dalvik.system.VMStack.getThreadStackTrace(Native Method)
D/Process (  240): java.lang.Thread.getStackTrace(Thread.java:599)
D/Process (  240): android.os.Process.killProcessQuiet(Process.java:818)
D/Process (  240): com.android.server.am.ActivityManagerService.updateOomAdjLocked(ActivityManagerService.java:15140)
D/Process (  240): com.android.server.am.ActivityManagerService.attachApplicationLocked(ActivityManagerService.java:4286)
D/Process (  240): com.android.server.am.ActivityManagerService.attachApplication(ActivityManagerService.java:4296)
I/ActivityManager(  240): No longer want com.google.android.apps.maps:GoogleLocationService (pid 10291): hidden #16, adj=15
D/Process (  240): android.app.ActivityManagerNative.onTransact(ActivityManagerNative.java:347)
D/Process (  240): com.android.server.am.ActivityManagerService.onTransact(ActivityManagerService.java:1706)
D/Process (  240): android.os.Binder.execTransact(Binder.java:338)
D/Process (  240): dalvik.system.NativeStart.run(Native Method)
I/ActivityThread(11515): Pub com.htc.socialnetwork.flickr.provider.StreamProvider: com.htc.socialnetwork.flickr.provider.FlickrStreamProvider
I/ActivityThread(11515): Pub com.htc.accounts: com.htc.CustomizationSetup.AccountsProvider
W/ActivityManager(  240): Scheduling restart of crashed service com.google.android.apps.maps/com.google.android.location.internal.server.GoogleLocationService in 5000ms
D/GpsLocationProvider(  240): GPS status listener died
D/CarGpsProvider(  240): GPS Mock status listener died
W/ContentService(  240): binderDied() at ObserverNode
I/CarouselTimeLog(29462): onStart() finish: 1363667792809
V/LocationManagerService(  240): Location listener died
V/LocationManagerService(  240): _removeUpdates: listener = Receiver{41b4bee0 Listener android.os.BinderProxy@4208e3f0}mUpdateRecords: {passive=UpdateRecord{420e82a0 mProvider: passive mUid: 10048}}
D/ActivityManager(  240): Config after re-evaluted by window manager: null
D/CarouselDummyActivity(29462): CarouselDummyActivity.onResume: tab_allapps
D/UnlockAnimator(29462): setFrame: unlock_to_03
D/CAT     (  487): CatService: Return current sInstance
I/ActivityThread(11515): Pub com.htc.friendstream.provider.FriendStreamProvider: com.htc.friendstream.provider.FriendStreamProvider
D/CAT     (  487): CatService: Return current sInstance
I/ActivityThread(11515): Pub com.htc.settings.accountsync.SYNC: com.htc.opensense.syncprovider.SyncProvider
D/SyncProvider(11515): onCreate
I/ActivityThread(11515): Pub com.htc.providers.uploads: com.htc.providers.uploads.UploadProvider
D/UploadProvider(11515): UploadProvider is running
I/ActivityThread(11515): Pub com.htc.socialnetwork.plurk.provider.CacheImageProvider: com.htc.socialnetwork.plurk.provider.PlurkCacheImageProvider
I/ActivityThread(11515): Pub com.htc.socialnetwork.facebook.provider.CacheImageProvider: com.htc.socialnetwork.facebook.provider.FacebookCacheImageProvider
I/ActivityThread(11515): Pub plurks;com.htc.socialnetwork.plurk: com.htc.socialnetwork.plurk.PlurkProvider
I/ActivityThread(11515): Pub com.htc.htctwitter.Users: com.htc.htctwitter.FriendProvider
I/ActivityThread(11515): Pub com.htc.opensense.snprovider: com.htc.opensense.snprovider.SocialNetworkProvider
D/SocialNetworkProvider(11515): onCreate
I/ActivityThread(11515): Pub com.htc.socialnetwork.flickr.provider.CacheImageProvider: com.htc.socialnetwork.flickr.provider.FlickrCacheImageProvider
I/ActivityThread(11515): Pub com.htc.htctwitter: com.htc.htctwitter.TwitterProvider
D/TwidroidPreferences(11515): SyncPreferences created
D/TwidroidPreferences(11515): readprefs favoritePage: 0
I/ActivityThread(11515): Pub com.htc.provider.settings: com.htc.provider.settings.NotificationFlashLightProvider
I/ActivityThread(11515): Pub com.htc.cachemanager: com.htc.opensense.cachemanager.CacheProvider
I/ActivityThread(11515): Pub com.htc.htctwitter.provider.CacheImageProvider: com.htc.htctwitter.provider.TwitterCacheImageProvider
I/ActivityThread(11515): Pub com.htc.socialnetwork.facebook: com.htc.socialnetwork.facebook.FacebookDB
D/SqliteDatabaseCpp(11515): Registering sqlite logging func: /data/data/com.htc.provider.settings/databases/NotificationFlashLight.db
D/SqliteDatabaseCpp(11515): DB info: open db, path = /data/data/com.htc.provider.settings/databases , key = JktabagYtakjBlYw`Lac`t, flag = 6, file size = 4096
D/SqliteDatabaseCpp(11515): DB info: path = /data/data/com.htc.provider.settings/databases , key = JktabagYtakjBlYw`Lac`t, handle: 0x1962fc8, type: w, r/w: (0,1), mode: truncate, disk free size: 242 M
D/NotificationFlashLightUtility getEmail(10485): load success mbEmail = false
D/OpenGLRenderer(29462): Flushing caches (mode 2)
I/ActivityManager(  240): Start proc com.google.android.apps.maps:GoogleLocationService for service com.google.android.apps.maps/com.google.android.location.internal.server.GoogleLocationService: pid=11532 uid=10048 gids={3003, 1015}
D/Socket_Alarm(11532): registerHTCSocketMonitorCallBack
D/Socket_Alarm(11532): set mSocketMonitor
D/Socket_Alarm(11532): HTCSocketMonitorImpl::HTCSocketMonitorImpl
V/LocationManagerService(  240): getAllProviders
D/dalvikvm(11532): GC_CONCURRENT freed 946K, 22% free 3631K/4643K, paused 2ms+2ms
E/LocationManagerService(  240): add listener to CarGpsProvider to provide NMEA
V/LocationManagerService(  240): requestLocationUpdates
V/LocationManagerService(  240): _requestLocationUpdates: listener = Receiver{419c9f30 Listener android.os.BinderProxy@416bffa8}mUpdateRecords: {}
V/LocationManagerService(  240): requestLocationUpdatesLocked++
V/LocationManagerService(  240): _requestLocationUpdates: provider = passive listener = Receiver{419c9f30 Listener android.os.BinderProxy@416bffa8}mUpdateRecords: {passive=UpdateRecord{419b8d00 mProvider: passive mUid: 10048}}
V/LocationManagerService(  240): requestLocationUpdatesLocked--
D/WifiStateMachine(  240): [DriverStartedState] CMD_START_DRIVER
D/WifiService(  240): acquireWifiLockLocked: WifiLock{NetworkLocationLocator type=2 binder=android.os.BinderProxy@41616668}
D/WifiService(  240): updateWifiState(): disable hotspot
D/WifiService(  240): updateWifiState(): enable and start wifi
I/wpa_supplicant( 4285): wpa_driver_wext_combo_scan: Start
D/WifiStateMachine(  240): syncRequestConnectionInfo mWifiInfo=SSID: MOMO, BSSID: 00:19:cb:4b:15:f2, MAC: A8:26:D9:D1:BF:D5, Supplicant state: COMPLETED, RSSI: -74, Link speed: 18, Frequency: 2432, Net ID: 0, Explicit connect: false
D/WifiStateMachine(  240): syncRequestConnectionInfo mWifiInfo=SSID: MOMO, BSSID: 00:19:cb:4b:15:f2, MAC: A8:26:D9:D1:BF:D5, Supplicant state: COMPLETED, RSSI: -74, Link speed: 18, Frequency: 2432, Net ID: 0, Explicit connect: false
I/PackageManager(  240):  setEnabledSetting(), pkgName=com.google.android.apps.maps, clsName=com.google.android.maps.driveabout.app.DestinationActivity, state=1, flag=1, pid=7601, uid=10048
D/Tethering(  240): interfaceStatusChanged wlan0, true
D/WifiStateMachine(  240): [DriverStartedState] CMD_START_DRIVER
D/WifiService(  240): releaseWifiLockLocked: WifiLock{NetworkLocationLocator type=2 binder=android.os.BinderProxy@41616668}
D/WifiService(  240): updateWifiState(): disable hotspot
D/WifiService(  240): updateWifiState(): enable and start wifi
D/BatteryService(  240): updateBatteryStats ======================================
I/BATT_ALG(  129): charging time: 0
I/BATT_ALG(  129): batt_alg_overtemp_check:temp:306, isOver_temp:0
I/BATT_ALG(  129): set_battery_voltage_alarm level=100, alarm_config=25, batt_alarm_config=25
I/BATT_ALG(  129): vol=4352;curr=47;dis_curr=0;temp=306;id=2;level=100;chg_src=1;chg_en=1;isOver_temp=0;timer=60;safety_count=0
D/BatteryService(  240): UEvent updateBatteryStats
D/HtcPowerSaver(  240): Recived battery changed intent.
D/UsbnetService(  240): BroadcastReceiver::onReceive+
D/UsbnetService(  240): onReceive BATTERY_CHANGED
D/UsbnetService(  240):  --> pluggedType = 2, mPluggedType = 0, mScreenOff = true
D/UsbnetService(  240): BroadcastReceiver::onReceive-
D/HtcPowerSaver(  240): Checking...
I/HtcPowerSaver(  240): >> updateStatus
D/NotificationService(  240): mIntentReceiver() Intent.ACTION_BATTERY_CHANGED
D/PowerManagerService(  240): runHtcPowerSaverCheck ======================================
I/HtcPowerSaver(  240): currentStatus=8000, currentLevel=100, enableLevel=15, enable=false, popDialog=false, statusChangeTo=-1
I/HtcPowerSaver(  240): << updateStatus
D/PowerUI (  335): closing low battery warning: level=100
D/PowerUI (  335): plugged = true, health = 2, mBatteryLevel = 100, mPluggedBatteryLevel = 78, mLowBatteryWarningLevel2 = 25, mshowLowChargingWarning2 = true
D/WifiService(  240): ACTION_BATTERY_CHANGED pluggedType: 2
D/PackageManager(  240): Failed to get PackageInfo!, pkg:com.htc.demoflorebooter, flags:1
E/Adreno200-ES20(11638): <process_gl_state_enables:456>: GL_INVALID_ENUM
D/BatteryService(  240): updateBatteryStats ======================================
I/BATT_ALG(  129): charging time: 60000
I/BATT_ALG(  129): batt_alg_overtemp_check:temp:306, isOver_temp:0
I/BATT_ALG(  129): set_battery_voltage_alarm level=100, alarm_config=25, batt_alarm_config=25
I/BATT_ALG(  129): vol=4352;curr=45;dis_curr=0;temp=306;id=2;level=100;chg_src=1;chg_en=1;isOver_temp=0;timer=60;safety_count=0
E/Adreno200-ES20(11638): <process_gl_state_enables:456>: GL_INVALID_ENUM
D/BatteryService(  240): updateBatteryStats ======================================
I/BATT_ALG(  129): charging time: 120000
I/BATT_ALG(  129): batt_alg_overtemp_check:temp:306, isOver_temp:0
I/BATT_ALG(  129): set_battery_voltage_alarm level=100, alarm_config=25, batt_alarm_config=25
I/BATT_ALG(  129): vol=4352;curr=45;dis_curr=0;temp=306;id=2;level=100;chg_src=1;chg_en=1;isOver_temp=0;timer=60;safety_count=0
E/Adreno200-ES20(11638): <process_gl_state_enables:456>: GL_INVALID_ENUM
D/BatteryService(  240): updateBatteryStats ======================================
I/BATT_ALG(  129): charging time: 180000
I/BATT_ALG(  129): batt_alg_overtemp_check:temp:306, isOver_temp:0
I/BATT_ALG(  129): set_battery_voltage_alarm level=100, alarm_config=25, batt_alarm_config=25
I/BATT_ALG(  129): vol=4352;curr=43;dis_curr=0;temp=306;id=2;level=100;chg_src=1;chg_en=1;isOver_temp=0;timer=60;safety_count=0
E/Adreno200-ES20(11638): <process_gl_state_enables:456>: GL_INVALID_ENUM
D/BatteryService(  240): updateBatteryStats ======================================
I/BATT_ALG(  129): charging time: 240000
I/BATT_ALG(  129): batt_alg_overtemp_check:temp:306, isOver_temp:0
I/BATT_ALG(  129): set_battery_voltage_alarm level=100, alarm_config=25, batt_alarm_config=25
I/BATT_ALG(  129): vol=4352;curr=41;dis_curr=0;temp=306;id=2;level=100;chg_src=1;chg_en=1;isOver_temp=0;timer=60;safety_count=0
E/Adreno200-ES20(11638): <process_gl_state_enables:456>: GL_INVALID_ENUM
D/dalvikvm( 7611): GC_CONCURRENT freed 1879K, 24% free 8248K/10723K, paused 3ms+7ms
W/AlarmManager(  240): RXTXtriggerAlarmsLocked
D/BatteryService(  240): updateBatteryStats ======================================
I/BATT_ALG(  129): charging time: 300000
I/BATT_ALG(  129): batt_alg_overtemp_check:temp:306, isOver_temp:0
I/BATT_ALG(  129): set_battery_voltage_alarm level=100, alarm_config=25, batt_alarm_config=25
I/BATT_ALG(  129): vol=4352;curr=39;dis_curr=0;temp=306;id=2;level=100;chg_src=1;chg_en=1;isOver_temp=0;timer=60;safety_count=0
E/Adreno200-ES20(11638): <process_gl_state_enables:456>: GL_INVALID_ENUM
D/BatteryService(  240): updateBatteryStats ======================================
I/BATT_ALG(  129): charging time: 360000
I/BATT_ALG(  129): batt_alg_overtemp_check:temp:306, isOver_temp:0
I/BATT_ALG(  129): set_battery_voltage_alarm level=100, alarm_config=25, batt_alarm_config=25
I/BATT_ALG(  129): vol=4352;curr=37;dis_curr=0;temp=306;id=2;level=100;chg_src=1;chg_en=1;isOver_temp=0;timer=60;safety_count=0
E/Adreno200-ES20(11638): <process_gl_state_enables:456>: GL_INVALID_ENUM
I/EventLogService( 7766): Aggregate from 1363666399848 (log), 1363666399848 (data)
D/BatteryService(  240): updateBatteryStats ======================================
I/BATT_ALG(  129): charging time: 420000
I/BATT_ALG(  129): batt_alg_overtemp_check:temp:306, isOver_temp:0
I/BATT_ALG(  129): set_battery_voltage_alarm level=100, alarm_config=25, batt_alarm_config=25
I/BATT_ALG(  129): vol=4352;curr=37;dis_curr=0;temp=306;id=2;level=100;chg_src=1;chg_en=1;isOver_temp=0;timer=60;safety_count=0
E/Adreno200-ES20(11638): <process_gl_state_enables:456>: GL_INVALID_ENUM
W/ActivityManager(  240): Unable to start service Intent { flg=0x4 cmp=com.facebook.katana/com.facebook.orca.sms.MmsSmsLogExternalMessagesLogic$MmsSmsLogExternalMessagesService (has extras) }: not found
D/BatteryService(  240): updateBatteryStats ======================================
I/BATT_ALG(  129): charging time: 480000
I/BATT_ALG(  129): batt_alg_overtemp_check:temp:306, isOver_temp:0
I/BATT_ALG(  129): set_battery_voltage_alarm level=100, alarm_config=25, batt_alarm_config=25
I/BATT_ALG(  129): vol=4352;curr=35;dis_curr=0;temp=306;id=2;level=100;chg_src=1;chg_en=1;isOver_temp=0;timer=60;safety_count=0
E/Adreno200-ES20(11638): <process_gl_state_enables:456>: GL_INVALID_ENUM
D/dalvikvm(11390): GC_CONCURRENT freed 2079K, 40% free 3330K/5475K, paused 1ms+2ms
D/BatteryService(  240): updateBatteryStats ======================================
I/BATT_ALG(  129): charging time: 540000
I/BATT_ALG(  129): batt_alg_overtemp_check:temp:307, isOver_temp:0
I/BATT_ALG(  129): set_battery_voltage_alarm level=100, alarm_config=25, batt_alarm_config=25
I/BATT_ALG(  129): vol=4352;curr=35;dis_curr=0;temp=307;id=2;level=100;chg_src=1;chg_en=1;isOver_temp=0;timer=60;safety_count=0
D/BatteryService(  240): UEvent updateBatteryStats
D/HtcPowerSaver(  240): Recived battery changed intent.
D/UsbnetService(  240): BroadcastReceiver::onReceive+
D/UsbnetService(  240): onReceive BATTERY_CHANGED
D/UsbnetService(  240):  --> pluggedType = 2, mPluggedType = 0, mScreenOff = true
D/UsbnetService(  240): BroadcastReceiver::onReceive-
D/HtcPowerSaver(  240): Checking...
I/HtcPowerSaver(  240): >> updateStatus
D/NotificationService(  240): mIntentReceiver() Intent.ACTION_BATTERY_CHANGED
D/PowerManagerService(  240): runHtcPowerSaverCheck ======================================
I/HtcPowerSaver(  240): currentStatus=8000, currentLevel=100, enableLevel=15, enable=false, popDialog=false, statusChangeTo=-1
I/HtcPowerSaver(  240): << updateStatus
D/PowerUI (  335): closing low battery warning: level=100
D/PowerUI (  335): plugged = true, health = 2, mBatteryLevel = 100, mPluggedBatteryLevel = 78, mLowBatteryWarningLevel2 = 25, mshowLowChargingWarning2 = true
D/WifiService(  240): ACTION_BATTERY_CHANGED pluggedType: 2
D/PackageManager(  240): Failed to get PackageInfo!, pkg:com.htc.demoflorebooter, flags:1
E/Adreno200-ES20(11638): <process_gl_state_enables:456>: GL_INVALID_ENUM
W/AlarmManager(  240): RXTXtriggerAlarmsLocked
D/dalvikvm( 7611): GC_CONCURRENT freed 1828K, 24% free 8173K/10723K, paused 4ms+11ms
D/dalvikvm(  240): GC_EXPLICIT freed 1713K, 39% free 23640K/38499K, paused 5ms+23ms
D/dalvikvm( 7611): GC_CONCURRENT freed 1757K, 23% free 8259K/10723K, paused 4ms+7ms
D/dalvikvm( 7611): GC_EXPLICIT freed 1173K, 25% free 8088K/10723K, paused 4ms+7ms
D/BatteryService(  240): updateBatteryStats ======================================
I/BATT_ALG(  129): charging time: 600000
I/BATT_ALG(  129): batt_alg_overtemp_check:temp:307, isOver_temp:0
I/BATT_ALG(  129): set_battery_voltage_alarm level=100, alarm_config=25, batt_alarm_config=25
I/BATT_ALG(  129): vol=4352;curr=33;dis_curr=0;temp=307;id=2;level=100;chg_src=1;chg_en=1;isOver_temp=0;timer=60;safety_count=0
E/Adreno200-ES20(11638): <process_gl_state_enables:456>: GL_INVALID_ENUM
D/BatteryService(  240): updateBatteryStats ======================================
I/BATT_ALG(  129): charging time: 660000
I/BATT_ALG(  129): batt_alg_overtemp_check:temp:307, isOver_temp:0
I/BATT_ALG(  129): set_battery_voltage_alarm level=100, alarm_config=25, batt_alarm_config=25
I/BATT_ALG(  129): vol=4352;curr=31;dis_curr=0;temp=307;id=2;level=100;chg_src=1;chg_en=1;isOver_temp=0;timer=60;safety_count=0
E/Adreno200-ES20(11638): <process_gl_state_enables:456>: GL_INVALID_ENUM
D/BatteryService(  240): updateBatteryStats ======================================
I/BATT_ALG(  129): charging time: 720000
I/BATT_ALG(  129): batt_alg_overtemp_check:temp:307, isOver_temp:0
I/BATT_ALG(  129): set_battery_voltage_alarm level=100, alarm_config=25, batt_alarm_config=25
I/BATT_ALG(  129): vol=4352;curr=31;dis_curr=0;temp=307;id=2;level=100;chg_src=1;chg_en=1;isOver_temp=0;timer=60;safety_count=0
E/Adreno200-ES20(11638): <process_gl_state_enables:456>: GL_INVALID_ENUM
D/BatteryService(  240): updateBatteryStats ======================================
I/BATT_ALG(  129): charging time: 780000
I/BATT_ALG(  129): batt_alg_overtemp_check:temp:307, isOver_temp:0
I/BATT_ALG(  129): set_battery_voltage_alarm level=100, alarm_config=25, batt_alarm_config=25
I/BATT_ALG(  129): vol=4352;curr=29;dis_curr=0;temp=307;id=2;level=100;chg_src=1;chg_en=1;isOver_temp=0;timer=60;safety_count=0
E/Adreno200-ES20(11638): <process_gl_state_enables:456>: GL_INVALID_ENUM
D/BatteryService(  240): updateBatteryStats ======================================
I/BATT_ALG(  129): charging time: 840000
I/BATT_ALG(  129): batt_alg_overtemp_check:temp:307, isOver_temp:0
I/BATT_ALG(  129): set_battery_voltage_alarm level=100, alarm_config=25, batt_alarm_config=25
I/BATT_ALG(  129): vol=4352;curr=29;dis_curr=0;temp=307;id=2;level=100;chg_src=1;chg_en=1;isOver_temp=0;timer=60;safety_count=0
E/Adreno200-ES20(11638): <process_gl_state_enables:456>: GL_INVALID_ENUM
W/AlarmManager(  240): RXTXtriggerAlarmsLocked
D/BatteryService(  240): updateBatteryStats ======================================
I/BATT_ALG(  129): charging time: 900000
I/BATT_ALG(  129): batt_alg_overtemp_check:temp:307, isOver_temp:0
I/BATT_ALG(  129): set_battery_voltage_alarm level=100, alarm_config=25, batt_alarm_config=25
I/BATT_ALG(  129): vol=4352;curr=27;dis_curr=0;temp=307;id=2;level=100;chg_src=1;chg_en=1;isOver_temp=0;timer=60;safety_count=0
E/Adreno200-ES20(11638): <process_gl_state_enables:456>: GL_INVALID_ENUM
D/BatteryService(  240): updateBatteryStats ======================================
I/BATT_ALG(  129): charging time: 960000
I/BATT_ALG(  129): batt_alg_overtemp_check:temp:307, isOver_temp:0
I/BATT_ALG(  129): set_battery_voltage_alarm level=100, alarm_config=25, batt_alarm_config=25
I/BATT_ALG(  129): vol=4352;curr=27;dis_curr=0;temp=307;id=2;level=100;chg_src=1;chg_en=1;isOver_temp=0;timer=60;safety_count=0
E/Adreno200-ES20(11638): <process_gl_state_enables:456>: GL_INVALID_ENUM
D/BatteryService(  240): updateBatteryStats ======================================
I/BATT_ALG(  129): charging time: 1020000
I/BATT_ALG(  129): batt_alg_overtemp_check:temp:307, isOver_temp:0
I/BATT_ALG(  129): set_battery_voltage_alarm level=100, alarm_config=25, batt_alarm_config=25
I/BATT_ALG(  129): vol=4352;curr=27;dis_curr=0;temp=307;id=2;level=100;chg_src=1;chg_en=1;isOver_temp=0;timer=60;safety_count=0
E/Adreno200-ES20(11638): <process_gl_state_enables:456>: GL_INVALID_ENUM
D/BatteryService(  240): updateBatteryStats ======================================
I/BATT_ALG(  129): charging time: 1080000
I/BATT_ALG(  129): batt_alg_overtemp_check:temp:307, isOver_temp:0
I/BATT_ALG(  129): set_battery_voltage_alarm level=100, alarm_config=25, batt_alarm_config=25
I/BATT_ALG(  129): vol=4352;curr=25;dis_curr=0;temp=307;id=2;level=100;chg_src=1;chg_en=1;isOver_temp=0;timer=60;safety_count=0
E/Adreno200-ES20(11638): <process_gl_state_enables:456>: GL_INVALID_ENUM
D/dalvikvm(11390): GC_CONCURRENT freed 1765K, 40% free 3329K/5475K, paused 1ms+2ms
D/BatteryService(  240): updateBatteryStats ======================================
I/BATT_ALG(  129): charging time: 1140000
I/BATT_ALG(  129): batt_alg_overtemp_check:temp:307, isOver_temp:0
I/BATT_ALG(  129): set_battery_voltage_alarm level=100, alarm_config=25, batt_alarm_config=25
I/BATT_ALG(  129): vol=4352;curr=25;dis_curr=0;temp=307;id=2;level=100;chg_src=1;chg_en=1;isOver_temp=0;timer=60;safety_count=0
E/Adreno200-ES20(11638): <process_gl_state_enables:456>: GL_INVALID_ENUM
D/dalvikvm( 7611): GC_CONCURRENT freed 1750K, 24% free 8181K/10723K, paused 4ms+7ms
W/AlarmManager(  240): RXTXtriggerAlarmsLocked
D/BatteryService(  240): updateBatteryStats ======================================
I/BATT_ALG(  129): charging time: 1200000
I/BATT_ALG(  129): batt_alg_overtemp_check:temp:307, isOver_temp:0
I/BATT_ALG(  129): set_battery_voltage_alarm level=100, alarm_config=25, batt_alarm_config=25
I/BATT_ALG(  129): vol=4352;curr=23;dis_curr=0;temp=307;id=2;level=100;chg_src=1;chg_en=1;isOver_temp=0;timer=60;safety_count=0
E/Adreno200-ES20(11638): <process_gl_state_enables:456>: GL_INVALID_ENUM
D/BatteryService(  240): updateBatteryStats ======================================
I/BATT_ALG(  129): charging time: 1260000
I/BATT_ALG(  129): batt_alg_overtemp_check:temp:307, isOver_temp:0
I/BATT_ALG(  129): set_battery_voltage_alarm level=100, alarm_config=25, batt_alarm_config=25
I/BATT_ALG(  129): vol=4352;curr=23;dis_curr=0;temp=307;id=2;level=100;chg_src=1;chg_en=1;isOver_temp=0;timer=60;safety_count=0
E/Adreno200-ES20(11638): <process_gl_state_enables:456>: GL_INVALID_ENUM
D/BatteryService(  240): updateBatteryStats ======================================
I/BATT_ALG(  129): charging time: 1320000
I/BATT_ALG(  129): batt_alg_overtemp_check:temp:308, isOver_temp:0
I/BATT_ALG(  129): set_battery_voltage_alarm level=100, alarm_config=25, batt_alarm_config=25
I/BATT_ALG(  129): vol=4352;curr=23;dis_curr=0;temp=308;id=2;level=100;chg_src=1;chg_en=1;isOver_temp=0;timer=60;safety_count=0
D/BatteryService(  240): UEvent updateBatteryStats
D/HtcPowerSaver(  240): Recived battery changed intent.
D/UsbnetService(  240): BroadcastReceiver::onReceive+
D/UsbnetService(  240): onReceive BATTERY_CHANGED
D/UsbnetService(  240):  --> pluggedType = 2, mPluggedType = 0, mScreenOff = true
D/UsbnetService(  240): BroadcastReceiver::onReceive-
D/HtcPowerSaver(  240): Checking...
I/HtcPowerSaver(  240): >> updateStatus
D/NotificationService(  240): mIntentReceiver() Intent.ACTION_BATTERY_CHANGED
