D/PowerManagerService(  240): runHtcPowerSaverCheck ======================================
I/HtcPowerSaver(  240): currentStatus=8000, currentLevel=100, enableLevel=15, enable=false, popDialog=false, statusChangeTo=-1
I/HtcPowerSaver(  240): << updateStatus
D/PowerUI (  335): closing low battery warning: level=100
D/PowerUI (  335): plugged = true, health = 2, mBatteryLevel = 100, mPluggedBatteryLevel = 78, mLowBatteryWarningLevel2 = 25, mshowLowChargingWarning2 = true
D/WifiService(  240): ACTION_BATTERY_CHANGED pluggedType: 2
D/PackageManager(  240): Failed to get PackageInfo!, pkg:com.htc.demoflorebooter, flags:1
E/Adreno200-ES20(11638): <process_gl_state_enables:456>: GL_INVALID_ENUM
D/BatteryService(  240): updateBatteryStats ======================================
I/BATT_ALG(  129): charging time: 1380000
I/BATT_ALG(  129): batt_alg_overtemp_check:temp:308, isOver_temp:0
I/BATT_ALG(  129): set_battery_voltage_alarm level=100, alarm_config=25, batt_alarm_config=25
I/BATT_ALG(  129): vol=4352;curr=21;dis_curr=0;temp=308;id=2;level=100;chg_src=1;chg_en=1;isOver_temp=0;timer=60;safety_count=0
E/Adreno200-ES20(11638): <process_gl_state_enables:456>: GL_INVALID_ENUM
V/LocationManagerService(  240): getAllProviders
V/LocationManagerService(  240): getLastKnownLocation: network
V/LocationManagerService(  240): getLastKnownLocation: passive
V/LocationManagerService(  240): getLastKnownLocation: gps
D/WifiStateMachine(  240): syncRequestConnectionInfo mWifiInfo=SSID: MOMO, BSSID: 00:19:cb:4b:15:f2, MAC: A8:26:D9:D1:BF:D5, Supplicant state: COMPLETED, RSSI: -77, Link speed: 18, Frequency: 2432, Net ID: 0, Explicit connect: false
D/BatteryService(  240): updateBatteryStats ======================================
I/BATT_ALG(  129): charging time: 1440000
I/BATT_ALG(  129): batt_alg_overtemp_check:temp:309, isOver_temp:0
I/BATT_ALG(  129): set_battery_voltage_alarm level=100, alarm_config=25, batt_alarm_config=25
I/BATT_ALG(  129): vol=4352;curr=21;dis_curr=0;temp=309;id=2;level=100;chg_src=1;chg_en=1;isOver_temp=0;timer=60;safety_count=0
D/BatteryService(  240): UEvent updateBatteryStats
D/HtcPowerSaver(  240): Recived battery changed intent.
D/UsbnetService(  240): BroadcastReceiver::onReceive+
D/UsbnetService(  240): onReceive BATTERY_CHANGED
D/UsbnetService(  240):  --> pluggedType = 2, mPluggedType = 0, mScreenOff = true
D/UsbnetService(  240): BroadcastReceiver::onReceive-
D/HtcPowerSaver(  240): Checking...
I/HtcPowerSaver(  240): >> updateStatus
D/NotificationService(  240): mIntentReceiver() Intent.ACTION_BATTERY_CHANGED
D/PowerManagerService(  240): runHtcPowerSaverCheck ======================================
I/HtcPowerSaver(  240): currentStatus=8000, currentLevel=100, enableLevel=15, enable=false, popDialog=false, statusChangeTo=-1
I/HtcPowerSaver(  240): << updateStatus
D/PowerUI (  335): closing low battery warning: level=100
D/PowerUI (  335): plugged = true, health = 2, mBatteryLevel = 100, mPluggedBatteryLevel = 78, mLowBatteryWarningLevel2 = 25, mshowLowChargingWarning2 = true
D/WifiService(  240): ACTION_BATTERY_CHANGED pluggedType: 2
D/PackageManager(  240): Failed to get PackageInfo!, pkg:com.htc.demoflorebooter, flags:1
E/Adreno200-ES20(11638): <process_gl_state_enables:456>: GL_INVALID_ENUM
D/dalvikvm( 7611): GC_CONCURRENT freed 1898K, 25% free 8123K/10723K, paused 6ms+7ms
W/AlarmManager(  240): RXTXtriggerAlarmsLocked
I/DatabaseHelper(10942): Begin cleanup.
I/DatabaseHelper(10942): Cleaned up: 0
D/BatteryService(  240): updateBatteryStats ======================================
I/BATT_ALG(  129): charging time: 1500000
I/BATT_ALG(  129): batt_alg_overtemp_check:temp:309, isOver_temp:0
I/BATT_ALG(  129): set_battery_voltage_alarm level=100, alarm_config=25, batt_alarm_config=25
I/BATT_ALG(  129): vol=4352;curr=21;dis_curr=0;temp=309;id=2;level=100;chg_src=1;chg_en=1;isOver_temp=0;timer=60;safety_count=0
E/Adreno200-ES20(11638): <process_gl_state_enables:456>: GL_INVALID_ENUM
D/BatteryService(  240): updateBatteryStats ======================================
I/BATT_ALG(  129): charging time: 1560000
I/BATT_ALG(  129): batt_alg_overtemp_check:temp:309, isOver_temp:0
I/BATT_ALG(  129): set_battery_voltage_alarm level=100, alarm_config=25, batt_alarm_config=25
I/BATT_ALG(  129): vol=4352;curr=21;dis_curr=0;temp=309;id=2;level=100;chg_src=1;chg_en=1;isOver_temp=0;timer=60;safety_count=0
E/Adreno200-ES20(11638): <process_gl_state_enables:456>: GL_INVALID_ENUM
D/BatteryService(  240): updateBatteryStats ======================================
I/BATT_ALG(  129): charging time: 1620000
I/BATT_ALG(  129): batt_alg_overtemp_check:temp:309, isOver_temp:0
I/BATT_ALG(  129): set_battery_voltage_alarm level=100, alarm_config=25, batt_alarm_config=25
I/BATT_ALG(  129): vol=4352;curr=19;dis_curr=0;temp=309;id=2;level=100;chg_src=1;chg_en=1;isOver_temp=0;timer=60;safety_count=0
E/Adreno200-ES20(11638): <process_gl_state_enables:456>: GL_INVALID_ENUM
D/BatteryService(  240): updateBatteryStats ======================================
I/BATT_ALG(  129): charging time: 1680000
I/BATT_ALG(  129): batt_alg_overtemp_check:temp:310, isOver_temp:0
I/BATT_ALG(  129): set_battery_voltage_alarm level=100, alarm_config=25, batt_alarm_config=25
I/BATT_ALG(  129): vol=4352;curr=19;dis_curr=0;temp=310;id=2;level=100;chg_src=1;chg_en=1;isOver_temp=0;timer=60;safety_count=0
D/BatteryService(  240): UEvent updateBatteryStats
D/HtcPowerSaver(  240): Recived battery changed intent.
D/UsbnetService(  240): BroadcastReceiver::onReceive+
D/UsbnetService(  240): onReceive BATTERY_CHANGED
D/UsbnetService(  240):  --> pluggedType = 2, mPluggedType = 0, mScreenOff = true
D/UsbnetService(  240): BroadcastReceiver::onReceive-
D/HtcPowerSaver(  240): Checking...
I/HtcPowerSaver(  240): >> updateStatus
D/NotificationService(  240): mIntentReceiver() Intent.ACTION_BATTERY_CHANGED
D/PowerManagerService(  240): runHtcPowerSaverCheck ======================================
I/HtcPowerSaver(  240): currentStatus=8000, currentLevel=100, enableLevel=15, enable=false, popDialog=false, statusChangeTo=-1
D/PowerUI (  335): closing low battery warning: level=100
D/PowerUI (  335): plugged = true, health = 2, mBatteryLevel = 100, mPluggedBatteryLevel = 78, mLowBatteryWarningLevel2 = 25, mshowLowChargingWarning2 = true
I/HtcPowerSaver(  240): << updateStatus
D/PackageManager(  240): Failed to get PackageInfo!, pkg:com.htc.demoflorebooter, flags:1
D/WifiService(  240): ACTION_BATTERY_CHANGED pluggedType: 2
E/Adreno200-ES20(11638): <process_gl_state_enables:456>: GL_INVALID_ENUM
D/dalvikvm(11390): GC_CONCURRENT freed 1820K, 39% free 3342K/5475K, paused 1ms+2ms
D/BatteryService(  240): updateBatteryStats ======================================
I/BATT_ALG(  129): charging time: 1740000
I/BATT_ALG(  129): batt_alg_set_charging: set charging: 0
I/BATT_ALG(  129): batt_alg_overtemp_check:temp:310, isOver_temp:0
I/BATT_ALG(  129): set_battery_voltage_alarm level=100, alarm_config=25, batt_alarm_config=25
I/BATT_ALG(  129): vol=4352;curr=19;dis_curr=0;temp=310;id=2;level=100;chg_src=1;chg_en=0;isOver_temp=0;timer=60;safety_count=0
D/BatteryService(  240): UEvent updateBatteryStats
E/Adreno200-ES20(11638): <process_gl_state_enables:456>: GL_INVALID_ENUM
W/AlarmManager(  240): RXTXtriggerAlarmsLocked
D/dalvikvm( 7611): GC_CONCURRENT freed 1735K, 25% free 8129K/10723K, paused 19ms+7ms
D/BatteryService(  240): updateBatteryStats ======================================
I/BATT_ALG(  129): charging time: 1
I/BATT_ALG(  129): batt_alg_overtemp_check:temp:311, isOver_temp:0
I/BATT_ALG(  129): set_battery_voltage_alarm level=100, alarm_config=25, batt_alarm_config=25
I/BATT_ALG(  129): vol=4300;curr=0;dis_curr=151;temp=311;id=2;level=100;chg_src=1;chg_en=0;isOver_temp=0;timer=60;safety_count=0
D/BatteryService(  240): UEvent updateBatteryStats
D/HtcPowerSaver(  240): Recived battery changed intent.
D/UsbnetService(  240): BroadcastReceiver::onReceive+
D/UsbnetService(  240): onReceive BATTERY_CHANGED
D/UsbnetService(  240):  --> pluggedType = 2, mPluggedType = 0, mScreenOff = true
D/UsbnetService(  240): BroadcastReceiver::onReceive-
D/HtcPowerSaver(  240): Checking...
I/HtcPowerSaver(  240): >> updateStatus
D/NotificationService(  240): mIntentReceiver() Intent.ACTION_BATTERY_CHANGED
D/PowerManagerService(  240): runHtcPowerSaverCheck ======================================
I/HtcPowerSaver(  240): currentStatus=8000, currentLevel=100, enableLevel=15, enable=false, popDialog=false, statusChangeTo=-1
I/HtcPowerSaver(  240): << updateStatus
D/PowerUI (  335): closing low battery warning: level=100
D/PowerUI (  335): plugged = true, health = 2, mBatteryLevel = 100, mPluggedBatteryLevel = 78, mLowBatteryWarningLevel2 = 25, mshowLowChargingWarning2 = true
D/WifiService(  240): ACTION_BATTERY_CHANGED pluggedType: 2
D/PackageManager(  240): Failed to get PackageInfo!, pkg:com.htc.demoflorebooter, flags:1
I/ActivityManager(  240): No longer want com.htc.calendar (pid 10256): hidden #16, adj=15
D/Process (  240): killProcessQuiet, pid=10256
D/Process (  240): dalvik.system.VMStack.getThreadStackTrace(Native Method)
D/Process (  240): java.lang.Thread.getStackTrace(Thread.java:599)
D/Process (  240): android.os.Process.killProcessQuiet(Process.java:818)
D/Process (  240): com.android.server.am.ActivityManagerService.updateOomAdjLocked(ActivityManagerService.java:15140)
D/Process (  240): com.android.server.am.ActivityManagerService.deliverToRegisteredReceiverLocked(ActivityManagerService.java:13431)
D/Process (  240): com.android.server.am.ActivityManagerService.processNextBroadcast(ActivityManagerService.java:13661)
D/Process (  240): com.android.server.am.ActivityManagerService.access$100(ActivityManagerService.java:184)
D/Process (  240): com.android.server.am.ActivityManagerService$2.handleMessage(ActivityManagerService.java:1088)
D/Process (  240): android.os.Handler.dispatchMessage(Handler.java:99)
D/Process (  240): android.os.Looper.loop(Looper.java:154)
D/Process (  240): com.android.server.am.ActivityManagerService$AThread.run(ActivityManagerService.java:1547)
D/Process (  240): killProcessQuiet, pid=10806
D/Process (  240): dalvik.system.VMStack.getThreadStackTrace(Native Method)
D/Process (  240): java.lang.Thread.getStackTrace(Thread.java:599)
D/Process (  240): android.os.Process.killProcessQuiet(Process.java:818)
D/Process (  240): com.android.server.am.ActivityManagerService.updateOomAdjLocked(ActivityManagerService.java:15140)
D/Process (  240): com.android.server.am.ActivityManagerService.deliverToRegisteredReceiverLocked(ActivityManagerService.java:13431)
I/ActivityManager(  240): No longer want com.onelouder.baconreader (pid 10806): hidden #17, adj=15
D/Process (  240): com.android.server.am.ActivityManagerService.processNextBroadcast(ActivityManagerService.java:13661)
D/Process (  240): com.android.server.am.ActivityManagerService.access$100(ActivityManagerService.java:184)
D/Process (  240): com.android.server.am.ActivityManagerService$2.handleMessage(ActivityManagerService.java:1088)
D/Process (  240): android.os.Handler.dispatchMessage(Handler.java:99)
D/Process (  240): android.os.Looper.loop(Looper.java:154)
D/Process (  240): com.android.server.am.ActivityManagerService$AThread.run(ActivityManagerService.java:1547)
I/CarouselTimeLog(29462): onStart() finish: 1363669620094
D/ActivityManager(  240): Config after re-evaluted by window manager: null
D/CarouselDummyActivity(29462): CarouselDummyActivity.onResume: tab_allapps
W/ActivityManager(  240): Scheduling restart of crashed service com.onelouder.baconreader/.CheckMessageService in 5000ms
D/UnlockAnimator(29462): setFrame: unlock_to_03
E/Adreno200-ES20(11638): <process_gl_state_enables:456>: GL_INVALID_ENUM
D/CAT     (  487): CatService: Return current sInstance
D/CAT     (  487): CatService: Return current sInstance
D/OpenGLRenderer(29462): Flushing caches (mode 2)
I/ActivityManager(  240): Start proc com.onelouder.baconreader for service com.onelouder.baconreader/.CheckMessageService: pid=12006 uid=10142 gids={3003, 1015}
I/ActivityThread(12006): Pub com.onelouder.baconreader.AdMarvelLocalFileContentProvider: com.admarvel.android.ads.AdMarvelLocalFileContentProvider
I/ErrorAgent(12006): Registering custom exceptions handler
D/SqliteDatabaseCpp(12006): Registering sqlite logging func: /data/data/com.onelouder.baconreader/databases/cache.db
D/SqliteDatabaseCpp(12006): DB info: open db, path = /data/data/com.onelouder.baconreader/databases , key = gYg`e, flag = 6, file size = 2256896
D/SqliteDatabaseCpp(12006): DB info: path = /data/data/com.onelouder.baconreader/databases , key = gYg`e, handle: 0x193e1a8, type: w, r/w: (0,1), mode: truncate, disk free size: 242 M
D/ImageCache(12006): enabled write through to /mnt/sdcard/Android/data/com.onelouder.baconreader/cache/cachefu/image_cache
D/ImageCache(12006): sanitize DISK cache
D/baconreader(12006): Message Service Started
D/baconreader(12006): Checking for messages
D/dalvikvm(12006): GC_CONCURRENT freed 1087K, 26% free 3440K/4643K, paused 2ms+2ms
D/dalvikvm(12006): GC_CONCURRENT freed 1732K, 35% free 3486K/5347K, paused 2ms+2ms
D/BatteryService(  240): updateBatteryStats ======================================
I/BATT_ALG(  129): charging time: 1
I/BATT_ALG(  129): batt_alg_overtemp_check:temp:311, isOver_temp:0
I/BATT_ALG(  129): set_battery_voltage_alarm level=100, alarm_config=25, batt_alarm_config=25
I/BATT_ALG(  129): vol=4293;curr=0;dis_curr=151;temp=311;id=2;level=100;chg_src=1;chg_en=0;isOver_temp=0;timer=60;safety_count=0
D/BatteryService(  240): UEvent updateBatteryStats
D/HtcPowerSaver(  240): Recived battery changed intent.
D/UsbnetService(  240): BroadcastReceiver::onReceive+
D/UsbnetService(  240): onReceive BATTERY_CHANGED
D/UsbnetService(  240):  --> pluggedType = 2, mPluggedType = 0, mScreenOff = true
D/UsbnetService(  240): BroadcastReceiver::onReceive-
D/HtcPowerSaver(  240): Checking...
I/HtcPowerSaver(  240): >> updateStatus
D/NotificationService(  240): mIntentReceiver() Intent.ACTION_BATTERY_CHANGED
D/PowerManagerService(  240): runHtcPowerSaverCheck ======================================
I/HtcPowerSaver(  240): currentStatus=8000, currentLevel=100, enableLevel=15, enable=false, popDialog=false, statusChangeTo=-1
I/HtcPowerSaver(  240): << updateStatus
D/PowerUI (  335): closing low battery warning: level=100
D/PowerUI (  335): plugged = true, health = 2, mBatteryLevel = 100, mPluggedBatteryLevel = 78, mLowBatteryWarningLevel2 = 25, mshowLowChargingWarning2 = true
D/WifiService(  240): ACTION_BATTERY_CHANGED pluggedType: 2
D/PackageManager(  240): Failed to get PackageInfo!, pkg:com.htc.demoflorebooter, flags:1
E/Adreno200-ES20(11638): <process_gl_state_enables:456>: GL_INVALID_ENUM
D/BatteryService(  240): updateBatteryStats ======================================
I/BATT_ALG(  129): charging time: 1
I/BATT_ALG(  129): batt_alg_overtemp_check:temp:312, isOver_temp:0
I/BATT_ALG(  129): set_battery_voltage_alarm level=100, alarm_config=25, batt_alarm_config=25
I/BATT_ALG(  129): vol=4284;curr=0;dis_curr=167;temp=312;id=2;level=100;chg_src=1;chg_en=0;isOver_temp=0;timer=60;safety_count=0
D/BatteryService(  240): UEvent updateBatteryStats
D/HtcPowerSaver(  240): Recived battery changed intent.
D/UsbnetService(  240): BroadcastReceiver::onReceive+
D/UsbnetService(  240): onReceive BATTERY_CHANGED
D/UsbnetService(  240):  --> pluggedType = 2, mPluggedType = 0, mScreenOff = true
D/UsbnetService(  240): BroadcastReceiver::onReceive-
D/HtcPowerSaver(  240): Checking...
I/HtcPowerSaver(  240): >> updateStatus
D/NotificationService(  240): mIntentReceiver() Intent.ACTION_BATTERY_CHANGED
D/PowerManagerService(  240): runHtcPowerSaverCheck ======================================
D/PowerUI (  335): closing low battery warning: level=100
D/PowerUI (  335): plugged = true, health = 2, mBatteryLevel = 100, mPluggedBatteryLevel = 78, mLowBatteryWarningLevel2 = 25, mshowLowChargingWarning2 = true
I/HtcPowerSaver(  240): currentStatus=8000, currentLevel=100, enableLevel=15, enable=false, popDialog=false, statusChangeTo=-1
I/HtcPowerSaver(  240): << updateStatus
D/PackageManager(  240): Failed to get PackageInfo!, pkg:com.htc.demoflorebooter, flags:1
D/WifiService(  240): ACTION_BATTERY_CHANGED pluggedType: 2
E/Adreno200-ES20(11638): <process_gl_state_enables:456>: GL_INVALID_ENUM
D/BatteryService(  240): updateBatteryStats ======================================
I/BATT_ALG(  129): charging time: 1
I/BATT_ALG(  129): batt_alg_overtemp_check:temp:312, isOver_temp:0
I/BATT_ALG(  129): set_battery_voltage_alarm level=100, alarm_config=25, batt_alarm_config=25
I/BATT_ALG(  129): vol=4282;curr=0;dis_curr=167;temp=312;id=2;level=100;chg_src=1;chg_en=0;isOver_temp=0;timer=60;safety_count=0
D/BatteryService(  240): UEvent updateBatteryStats
D/HtcPowerSaver(  240): Recived battery changed intent.
D/UsbnetService(  240): BroadcastReceiver::onReceive+
D/UsbnetService(  240): onReceive BATTERY_CHANGED
D/UsbnetService(  240):  --> pluggedType = 2, mPluggedType = 0, mScreenOff = true
D/UsbnetService(  240): BroadcastReceiver::onReceive-
D/HtcPowerSaver(  240): Checking...
I/HtcPowerSaver(  240): >> updateStatus
D/NotificationService(  240): mIntentReceiver() Intent.ACTION_BATTERY_CHANGED
D/PowerManagerService(  240): runHtcPowerSaverCheck ======================================
I/HtcPowerSaver(  240): currentStatus=8000, currentLevel=100, enableLevel=15, enable=false, popDialog=false, statusChangeTo=-1
D/PowerUI (  335): closing low battery warning: level=100
D/PowerUI (  335): plugged = true, health = 2, mBatteryLevel = 100, mPluggedBatteryLevel = 78, mLowBatteryWarningLevel2 = 25, mshowLowChargingWarning2 = true
I/HtcPowerSaver(  240): << updateStatus
D/PackageManager(  240): Failed to get PackageInfo!, pkg:com.htc.demoflorebooter, flags:1
D/WifiService(  240): ACTION_BATTERY_CHANGED pluggedType: 2
E/Adreno200-ES20(11638): <process_gl_state_enables:456>: GL_INVALID_ENUM
D/BatteryService(  240): updateBatteryStats ======================================
I/BATT_ALG(  129): charging time: 1
I/BATT_ALG(  129): batt_alg_overtemp_check:temp:312, isOver_temp:0
I/BATT_ALG(  129): set_battery_voltage_alarm level=100, alarm_config=25, batt_alarm_config=25
I/BATT_ALG(  129): vol=4284;curr=0;dis_curr=153;temp=312;id=2;level=100;chg_src=1;chg_en=0;isOver_temp=0;timer=60;safety_count=0
D/BatteryService(  240): UEvent updateBatteryStats
D/HtcPowerSaver(  240): Recived battery changed intent.
D/UsbnetService(  240): BroadcastReceiver::onReceive+
D/UsbnetService(  240): onReceive BATTERY_CHANGED
D/UsbnetService(  240):  --> pluggedType = 2, mPluggedType = 0, mScreenOff = true
D/UsbnetService(  240): BroadcastReceiver::onReceive-
D/HtcPowerSaver(  240): Checking...
I/HtcPowerSaver(  240): >> updateStatus
D/NotificationService(  240): mIntentReceiver() Intent.ACTION_BATTERY_CHANGED
D/PowerManagerService(  240): runHtcPowerSaverCheck ======================================
I/HtcPowerSaver(  240): currentStatus=8000, currentLevel=100, enableLevel=15, enable=false, popDialog=false, statusChangeTo=-1
I/HtcPowerSaver(  240): << updateStatus
D/PowerUI (  335): closing low battery warning: level=100
D/PowerUI (  335): plugged = true, health = 2, mBatteryLevel = 100, mPluggedBatteryLevel = 78, mLowBatteryWarningLevel2 = 25, mshowLowChargingWarning2 = true
D/PackageManager(  240): Failed to get PackageInfo!, pkg:com.htc.demoflorebooter, flags:1
D/WifiService(  240): ACTION_BATTERY_CHANGED pluggedType: 2
E/Adreno200-ES20(11638): <process_gl_state_enables:456>: GL_INVALID_ENUM
W/AlarmManager(  240): RXTXtriggerAlarmsLocked
D/dalvikvm( 7611): GC_CONCURRENT freed 1787K, 24% free 8185K/10723K, paused 4ms+7ms
D/BatteryService(  240): updateBatteryStats ======================================
I/BATT_ALG(  129): charging time: 1
I/BATT_ALG(  129): batt_alg_overtemp_check:temp:312, isOver_temp:0
I/BATT_ALG(  129): set_battery_voltage_alarm level=100, alarm_config=25, batt_alarm_config=25
I/BATT_ALG(  129): vol=4282;curr=0;dis_curr=151;temp=312;id=2;level=100;chg_src=1;chg_en=0;isOver_temp=0;timer=60;safety_count=0
D/BatteryService(  240): UEvent updateBatteryStats
D/HtcPowerSaver(  240): Recived battery changed intent.
D/UsbnetService(  240): BroadcastReceiver::onReceive+
D/UsbnetService(  240): onReceive BATTERY_CHANGED
D/UsbnetService(  240):  --> pluggedType = 2, mPluggedType = 0, mScreenOff = true
D/UsbnetService(  240): BroadcastReceiver::onReceive-
D/HtcPowerSaver(  240): Checking...
I/HtcPowerSaver(  240): >> updateStatus
D/NotificationService(  240): mIntentReceiver() Intent.ACTION_BATTERY_CHANGED
D/PowerManagerService(  240): runHtcPowerSaverCheck ======================================
D/PowerUI (  335): closing low battery warning: level=100
D/PowerUI (  335): plugged = true, health = 2, mBatteryLevel = 100, mPluggedBatteryLevel = 78, mLowBatteryWarningLevel2 = 25, mshowLowChargingWarning2 = true
I/HtcPowerSaver(  240): currentStatus=8000, currentLevel=100, enableLevel=15, enable=false, popDialog=false, statusChangeTo=-1
I/HtcPowerSaver(  240): << updateStatus
D/WifiService(  240): ACTION_BATTERY_CHANGED pluggedType: 2
D/PackageManager(  240): Failed to get PackageInfo!, pkg:com.htc.demoflorebooter, flags:1
E/Adreno200-ES20(11638): <process_gl_state_enables:456>: GL_INVALID_ENUM
D/BatteryService(  240): updateBatteryStats ======================================
I/BATT_ALG(  129): charging time: 1
I/BATT_ALG(  129): batt_alg_overtemp_check:temp:313, isOver_temp:0
I/BATT_ALG(  129): set_battery_voltage_alarm level=99, alarm_config=25, batt_alarm_config=25
I/BATT_ALG(  129): vol=4275;curr=0;dis_curr=167;temp=313;id=2;level=99;chg_src=1;chg_en=0;isOver_temp=0;timer=60;safety_count=0
D/BatteryService(  240): UEvent updateBatteryStats
D/HtcPowerSaver(  240): Recived battery changed intent.
D/UsbnetService(  240): BroadcastReceiver::onReceive+
D/UsbnetService(  240): onReceive BATTERY_CHANGED
D/UsbnetService(  240):  --> pluggedType = 2, mPluggedType = 0, mScreenOff = true
D/UsbnetService(  240): BroadcastReceiver::onReceive-
D/HtcPowerSaver(  240): Checking...
I/HtcPowerSaver(  240): >> updateStatus
D/NotificationService(  240): mIntentReceiver() Intent.ACTION_BATTERY_CHANGED
D/PowerManagerService(  240): runHtcPowerSaverCheck ======================================
D/PowerUI (  335): closing low battery warning: level=99
D/PowerUI (  335): plugged = true, health = 2, mBatteryLevel = 99, mPluggedBatteryLevel = 78, mLowBatteryWarningLevel2 = 25, mshowLowChargingWarning2 = true
I/HtcPowerSaver(  240): currentStatus=8000, currentLevel=99, enableLevel=15, enable=false, popDialog=false, statusChangeTo=-1
I/HtcPowerSaver(  240): << updateStatus
D/PackageManager(  240): Failed to get PackageInfo!, pkg:com.htc.demoflorebooter, flags:1
D/WifiService(  240): ACTION_BATTERY_CHANGED pluggedType: 2
E/Adreno200-ES20(11638): <process_gl_state_enables:456>: GL_INVALID_ENUM
I/EventLogService( 7766): Aggregate from 1363668199950 (log), 1363668199950 (data)
D/BatteryService(  240): updateBatteryStats ======================================
I/BATT_ALG(  129): charging time: 1
I/BATT_ALG(  129): batt_alg_overtemp_check:temp:313, isOver_temp:0
I/BATT_ALG(  129): set_battery_voltage_alarm level=99, alarm_config=25, batt_alarm_config=25
I/BATT_ALG(  129): vol=4278;curr=0;dis_curr=151;temp=313;id=2;level=99;chg_src=1;chg_en=0;isOver_temp=0;timer=60;safety_count=0
D/BatteryService(  240): UEvent updateBatteryStats
D/HtcPowerSaver(  240): Recived battery changed intent.
D/UsbnetService(  240): BroadcastReceiver::onReceive+
D/UsbnetService(  240): onReceive BATTERY_CHANGED
D/UsbnetService(  240):  --> pluggedType = 2, mPluggedType = 0, mScreenOff = true
D/UsbnetService(  240): BroadcastReceiver::onReceive-
D/HtcPowerSaver(  240): Checking...
I/HtcPowerSaver(  240): >> updateStatus
D/NotificationService(  240): mIntentReceiver() Intent.ACTION_BATTERY_CHANGED
D/PowerManagerService(  240): runHtcPowerSaverCheck ======================================
I/HtcPowerSaver(  240): currentStatus=8000, currentLevel=99, enableLevel=15, enable=false, popDialog=false, statusChangeTo=-1
I/HtcPowerSaver(  240): << updateStatus
D/PowerUI (  335): closing low battery warning: level=99
D/PowerUI (  335): plugged = true, health = 2, mBatteryLevel = 99, mPluggedBatteryLevel = 78, mLowBatteryWarningLevel2 = 25, mshowLowChargingWarning2 = true
D/WifiService(  240): ACTION_BATTERY_CHANGED pluggedType: 2
D/PackageManager(  240): Failed to get PackageInfo!, pkg:com.htc.demoflorebooter, flags:1
E/Adreno200-ES20(11638): <process_gl_state_enables:456>: GL_INVALID_ENUM
D/BatteryService(  240): updateBatteryStats ======================================
I/BATT_ALG(  129): charging time: 1
I/BATT_ALG(  129): batt_alg_overtemp_check:temp:313, isOver_temp:0
I/BATT_ALG(  129): set_battery_voltage_alarm level=99, alarm_config=25, batt_alarm_config=25
I/BATT_ALG(  129): vol=4269;curr=0;dis_curr=167;temp=313;id=2;level=99;chg_src=1;chg_en=0;isOver_temp=0;timer=60;safety_count=0
D/BatteryService(  240): UEvent updateBatteryStats
D/HtcPowerSaver(  240): Recived battery changed intent.
D/UsbnetService(  240): BroadcastReceiver::onReceive+
D/UsbnetService(  240): onReceive BATTERY_CHANGED
D/UsbnetService(  240):  --> pluggedType = 2, mPluggedType = 0, mScreenOff = true
D/UsbnetService(  240): BroadcastReceiver::onReceive-
D/HtcPowerSaver(  240): Checking...
I/HtcPowerSaver(  240): >> updateStatus
D/NotificationService(  240): mIntentReceiver() Intent.ACTION_BATTERY_CHANGED
D/PowerManagerService(  240): runHtcPowerSaverCheck ======================================
I/HtcPowerSaver(  240): currentStatus=8000, currentLevel=99, enableLevel=15, enable=false, popDialog=false, statusChangeTo=-1
I/HtcPowerSaver(  240): << updateStatus
D/PowerUI (  335): closing low battery warning: level=99
D/PowerUI (  335): plugged = true, health = 2, mBatteryLevel = 99, mPluggedBatteryLevel = 78, mLowBatteryWarningLevel2 = 25, mshowLowChargingWarning2 = true
D/WifiService(  240): ACTION_BATTERY_CHANGED pluggedType: 2
D/PackageManager(  240): Failed to get PackageInfo!, pkg:com.htc.demoflorebooter, flags:1
E/Adreno200-ES20(11638): <process_gl_state_enables:456>: GL_INVALID_ENUM
D/dalvikvm(11390): GC_CONCURRENT freed 1726K, 40% free 3338K/5475K, paused 2ms+2ms
D/BatteryService(  240): updateBatteryStats ======================================
I/BATT_ALG(  129): charging time: 1
I/BATT_ALG(  129): batt_alg_overtemp_check:temp:314, isOver_temp:0
I/BATT_ALG(  129): set_battery_voltage_alarm level=99, alarm_config=25, batt_alarm_config=25
I/BATT_ALG(  129): vol=4271;curr=0;dis_curr=151;temp=314;id=2;level=99;chg_src=1;chg_en=0;isOver_temp=0;timer=60;safety_count=0
D/BatteryService(  240): UEvent updateBatteryStats
D/HtcPowerSaver(  240): Recived battery changed intent.
D/UsbnetService(  240): BroadcastReceiver::onReceive+
D/UsbnetService(  240): onReceive BATTERY_CHANGED
D/UsbnetService(  240):  --> pluggedType = 2, mPluggedType = 0, mScreenOff = true
D/UsbnetService(  240): BroadcastReceiver::onReceive-
D/HtcPowerSaver(  240): Checking...
I/HtcPowerSaver(  240): >> updateStatus
D/NotificationService(  240): mIntentReceiver() Intent.ACTION_BATTERY_CHANGED
D/PowerManagerService(  240): runHtcPowerSaverCheck ======================================
I/HtcPowerSaver(  240): currentStatus=8000, currentLevel=99, enableLevel=15, enable=false, popDialog=false, statusChangeTo=-1
D/PowerUI (  335): closing low battery warning: level=99
D/PowerUI (  335): plugged = true, health = 2, mBatteryLevel = 99, mPluggedBatteryLevel = 78, mLowBatteryWarningLevel2 = 25, mshowLowChargingWarning2 = true
I/HtcPowerSaver(  240): << updateStatus
D/PackageManager(  240): Failed to get PackageInfo!, pkg:com.htc.demoflorebooter, flags:1
D/WifiService(  240): ACTION_BATTERY_CHANGED pluggedType: 2
E/Adreno200-ES20(11638): <process_gl_state_enables:456>: GL_INVALID_ENUM
W/AlarmManager(  240): RXTXtriggerAlarmsLocked
D/BatteryService(  240): updateBatteryStats ======================================
I/BATT_ALG(  129): charging time: 1
I/BATT_ALG(  129): batt_alg_overtemp_check:temp:314, isOver_temp:0
I/BATT_ALG(  129): set_battery_voltage_alarm level=99, alarm_config=25, batt_alarm_config=25
I/BATT_ALG(  129): vol=4269;curr=0;dis_curr=153;temp=314;id=2;level=99;chg_src=1;chg_en=0;isOver_temp=0;timer=60;safety_count=0
D/BatteryService(  240): UEvent updateBatteryStats
D/HtcPowerSaver(  240): Recived battery changed intent.
D/UsbnetService(  240): BroadcastReceiver::onReceive+
D/UsbnetService(  240): onReceive BATTERY_CHANGED
D/UsbnetService(  240):  --> pluggedType = 2, mPluggedType = 0, mScreenOff = true
D/UsbnetService(  240): BroadcastReceiver::onReceive-
D/HtcPowerSaver(  240): Checking...
I/HtcPowerSaver(  240): >> updateStatus
D/NotificationService(  240): mIntentReceiver() Intent.ACTION_BATTERY_CHANGED
D/PowerManagerService(  240): runHtcPowerSaverCheck ======================================
I/HtcPowerSaver(  240): currentStatus=8000, currentLevel=99, enableLevel=15, enable=false, popDialog=false, statusChangeTo=-1
D/PowerUI (  335): closing low battery warning: level=99
D/PowerUI (  335): plugged = true, health = 2, mBatteryLevel = 99, mPluggedBatteryLevel = 78, mLowBatteryWarningLevel2 = 25, mshowLowChargingWarning2 = true
I/HtcPowerSaver(  240): << updateStatus
D/PackageManager(  240): Failed to get PackageInfo!, pkg:com.htc.demoflorebooter, flags:1
D/WifiService(  240): ACTION_BATTERY_CHANGED pluggedType: 2
E/Adreno200-ES20(11638): <process_gl_state_enables:456>: GL_INVALID_ENUM
D/BatteryService(  240): updateBatteryStats ======================================
I/BATT_ALG(  129): charging time: 1
I/BATT_ALG(  129): batt_alg_overtemp_check:temp:314, isOver_temp:0
I/BATT_ALG(  129): set_battery_voltage_alarm level=99, alarm_config=25, batt_alarm_config=25
I/BATT_ALG(  129): vol=4262;curr=0;dis_curr=169;temp=314;id=2;level=99;chg_src=1;chg_en=0;isOver_temp=0;timer=60;safety_count=0
D/BatteryService(  240): UEvent updateBatteryStats
D/HtcPowerSaver(  240): Recived battery changed intent.
D/UsbnetService(  240): BroadcastReceiver::onReceive+
D/UsbnetService(  240): onReceive BATTERY_CHANGED
D/UsbnetService(  240):  --> pluggedType = 2, mPluggedType = 0, mScreenOff = true
D/UsbnetService(  240): BroadcastReceiver::onReceive-
D/HtcPowerSaver(  240): Checking...
I/HtcPowerSaver(  240): >> updateStatus
D/NotificationService(  240): mIntentReceiver() Intent.ACTION_BATTERY_CHANGED
D/PowerManagerService(  240): runHtcPowerSaverCheck ======================================
I/HtcPowerSaver(  240): currentStatus=8000, currentLevel=99, enableLevel=15, enable=false, popDialog=false, statusChangeTo=-1
I/HtcPowerSaver(  240): << updateStatus
D/PowerUI (  335): closing low battery warning: level=99
D/PowerUI (  335): plugged = true, health = 2, mBatteryLevel = 99, mPluggedBatteryLevel = 78, mLowBatteryWarningLevel2 = 25, mshowLowChargingWarning2 = true
D/WifiService(  240): ACTION_BATTERY_CHANGED pluggedType: 2
D/PackageManager(  240): Failed to get PackageInfo!, pkg:com.htc.demoflorebooter, flags:1
E/Adreno200-ES20(11638): <process_gl_state_enables:456>: GL_INVALID_ENUM
D/BatteryService(  240): updateBatteryStats ======================================
I/BATT_ALG(  129): charging time: 1
I/BATT_ALG(  129): batt_alg_check_charging: charging_source = 1,  isOver_temp = 0
I/BATT_ALG(  129): batt_alg_set_charging: set charging: 1
I/BATT_ALG(  129): batt_alg_overtemp_check:temp:314, isOver_temp:0
I/BATT_ALG(  129): set_battery_voltage_alarm level=98, alarm_config=25, batt_alarm_config=25
I/BATT_ALG(  129): vol=4260;curr=0;dis_curr=169;temp=314;id=2;level=98;chg_src=1;chg_en=1;isOver_temp=0;timer=60;safety_count=0
D/BatteryService(  240): UEvent updateBatteryStats
D/HtcPowerSaver(  240): Recived battery changed intent.
D/UsbnetService(  240): BroadcastReceiver::onReceive+
D/UsbnetService(  240): onReceive BATTERY_CHANGED
D/UsbnetService(  240):  --> pluggedType = 2, mPluggedType = 0, mScreenOff = true
D/UsbnetService(  240): BroadcastReceiver::onReceive-
D/HtcPowerSaver(  240): Checking...
I/HtcPowerSaver(  240): >> updateStatus
D/NotificationService(  240): mIntentReceiver() Intent.ACTION_BATTERY_CHANGED
D/PowerManagerService(  240): runHtcPowerSaverCheck ======================================
I/HtcPowerSaver(  240): currentStatus=8000, currentLevel=98, enableLevel=15, enable=false, popDialog=false, statusChangeTo=-1
I/HtcPowerSaver(  240): << updateStatus
D/PowerUI (  335): closing low battery warning: level=98
D/PowerUI (  335): plugged = true, health = 2, mBatteryLevel = 98, mPluggedBatteryLevel = 78, mLowBatteryWarningLevel2 = 25, mshowLowChargingWarning2 = true
D/WifiService(  240): ACTION_BATTERY_CHANGED pluggedType: 2
D/PackageManager(  240): Failed to get PackageInfo!, pkg:com.htc.demoflorebooter, flags:1
D/BatteryService(  240): UEvent updateBatteryStats
E/Adreno200-ES20(11638): <process_gl_state_enables:456>: GL_INVALID_ENUM
D/BatteryService(  240): updateBatteryStats ======================================
I/BATT_ALG(  129): charging time: 0
I/BATT_ALG(  129): batt_alg_overtemp_check:temp:314, isOver_temp:0
I/BATT_ALG(  129): set_battery_voltage_alarm level=98, alarm_config=25, batt_alarm_config=25
I/BATT_ALG(  129): vol=4352;curr=131;dis_curr=0;temp=314;id=2;level=98;chg_src=1;chg_en=1;isOver_temp=0;timer=60;safety_count=0
D/BatteryService(  240): UEvent updateBatteryStats
D/HtcPowerSaver(  240): Recived battery changed intent.
D/UsbnetService(  240): BroadcastReceiver::onReceive+
D/UsbnetService(  240): onReceive BATTERY_CHANGED
D/UsbnetService(  240):  --> pluggedType = 2, mPluggedType = 0, mScreenOff = true
D/UsbnetService(  240): BroadcastReceiver::onReceive-
D/HtcPowerSaver(  240): Checking...
I/HtcPowerSaver(  240): >> updateStatus
D/NotificationService(  240): mIntentReceiver() Intent.ACTION_BATTERY_CHANGED
D/PowerManagerService(  240): runHtcPowerSaverCheck ======================================
D/PowerUI (  335): closing low battery warning: level=98
D/PowerUI (  335): plugged = true, health = 2, mBatteryLevel = 98, mPluggedBatteryLevel = 78, mLowBatteryWarningLevel2 = 25, mshowLowChargingWarning2 = true
I/HtcPowerSaver(  240): currentStatus=8000, currentLevel=98, enableLevel=15, enable=false, popDialog=false, statusChangeTo=-1
I/HtcPowerSaver(  240): << updateStatus
D/WifiService(  240): ACTION_BATTERY_CHANGED pluggedType: 2
D/PackageManager(  240): Failed to get PackageInfo!, pkg:com.htc.demoflorebooter, flags:1
E/Adreno200-ES20(11638): <process_gl_state_enables:456>: GL_INVALID_ENUM
D/BatteryService(  240): updateBatteryStats ======================================
I/BATT_ALG(  129): charging time: 0
I/BATT_ALG(  129): batt_alg_overtemp_check:temp:314, isOver_temp:0
I/BATT_ALG(  129): set_battery_voltage_alarm level=98, alarm_config=25, batt_alarm_config=25
I/BATT_ALG(  129): vol=4352;curr=113;dis_curr=0;temp=314;id=2;level=98;chg_src=1;chg_en=1;isOver_temp=0;timer=60;safety_count=0
E/Adreno200-ES20(11638): <process_gl_state_enables:456>: GL_INVALID_ENUM
D/dalvikvm( 7611): GC_CONCURRENT freed 1793K, 24% free 8234K/10723K, paused 10ms+8ms
W/AlarmManager(  240): RXTXtriggerAlarmsLocked
D/BatteryService(  240): updateBatteryStats ======================================
I/BATT_ALG(  129): charging time: 0
I/BATT_ALG(  129): batt_alg_overtemp_check:temp:314, isOver_temp:0
I/BATT_ALG(  129): set_battery_voltage_alarm level=98, alarm_config=25, batt_alarm_config=25
I/BATT_ALG(  129): vol=4352;curr=101;dis_curr=0;temp=314;id=2;level=98;chg_src=1;chg_en=1;isOver_temp=0;timer=60;safety_count=0
E/Adreno200-ES20(11638): <process_gl_state_enables:456>: GL_INVALID_ENUM
D/BatteryService(  240): updateBatteryStats ======================================
I/BATT_ALG(  129): charging time: 0
I/BATT_ALG(  129): batt_alg_overtemp_check:temp:314, isOver_temp:0
I/BATT_ALG(  129): set_battery_voltage_alarm level=98, alarm_config=25, batt_alarm_config=25
I/BATT_ALG(  129): vol=4352;curr=93;dis_curr=0;temp=314;id=2;level=98;chg_src=1;chg_en=1;isOver_temp=0;timer=60;safety_count=0
E/Adreno200-ES20(11638): <process_gl_state_enables:456>: GL_INVALID_ENUM
D/BatteryService(  240): updateBatteryStats ======================================
I/BATT_ALG(  129): charging time: 0
I/BATT_ALG(  129): batt_alg_overtemp_check:temp:315, isOver_temp:0
I/BATT_ALG(  129): set_battery_voltage_alarm level=98, alarm_config=25, batt_alarm_config=25
I/BATT_ALG(  129): vol=4352;curr=89;dis_curr=0;temp=315;id=2;level=98;chg_src=1;chg_en=1;isOver_temp=0;timer=60;safety_count=0
D/BatteryService(  240): UEvent updateBatteryStats
D/HtcPowerSaver(  240): Recived battery changed intent.
D/UsbnetService(  240): BroadcastReceiver::onReceive+
D/UsbnetService(  240): onReceive BATTERY_CHANGED
D/UsbnetService(  240):  --> pluggedType = 2, mPluggedType = 0, mScreenOff = true
D/UsbnetService(  240): BroadcastReceiver::onReceive-
D/HtcPowerSaver(  240): Checking...
I/HtcPowerSaver(  240): >> updateStatus
D/NotificationService(  240): mIntentReceiver() Intent.ACTION_BATTERY_CHANGED
D/PowerManagerService(  240): runHtcPowerSaverCheck ======================================
I/HtcPowerSaver(  240): currentStatus=8000, currentLevel=98, enableLevel=15, enable=false, popDialog=false, statusChangeTo=-1
I/HtcPowerSaver(  240): << updateStatus
D/PowerUI (  335): closing low battery warning: level=98
D/PowerUI (  335): plugged = true, health = 2, mBatteryLevel = 98, mPluggedBatteryLevel = 78, mLowBatteryWarningLevel2 = 25, mshowLowChargingWarning2 = true
D/PackageManager(  240): Failed to get PackageInfo!, pkg:com.htc.demoflorebooter, flags:1
D/WifiService(  240): ACTION_BATTERY_CHANGED pluggedType: 2
E/Adreno200-ES20(11638): <process_gl_state_enables:456>: GL_INVALID_ENUM
D/PhoneApp(  487): Recieved EVENT_SMART_DATA_ROAMING_REQUEST flag=true, mRadioSwitch=true
D/BatteryService(  240): updateBatteryStats ======================================
I/BATT_ALG(  129): charging time: 0
I/BATT_ALG(  129): batt_alg_overtemp_check:temp:316, isOver_temp:0
I/BATT_ALG(  129): set_battery_voltage_alarm level=98, alarm_config=25, batt_alarm_config=25
I/BATT_ALG(  129): vol=4352;curr=83;dis_curr=0;temp=316;id=2;level=98;chg_src=1;chg_en=1;isOver_temp=0;timer=60;safety_count=0
D/BatteryService(  240): UEvent updateBatteryStats
D/HtcPowerSaver(  240): Recived battery changed intent.
D/UsbnetService(  240): BroadcastReceiver::onReceive+
D/UsbnetService(  240): onReceive BATTERY_CHANGED
D/UsbnetService(  240):  --> pluggedType = 2, mPluggedType = 0, mScreenOff = true
D/UsbnetService(  240): BroadcastReceiver::onReceive-
D/HtcPowerSaver(  240): Checking...
I/HtcPowerSaver(  240): >> updateStatus
D/NotificationService(  240): mIntentReceiver() Intent.ACTION_BATTERY_CHANGED
D/PowerManagerService(  240): runHtcPowerSaverCheck ======================================
D/PowerUI (  335): closing low battery warning: level=98
D/PowerUI (  335): plugged = true, health = 2, mBatteryLevel = 98, mPluggedBatteryLevel = 78, mLowBatteryWarningLevel2 = 25, mshowLowChargingWarning2 = true
I/HtcPowerSaver(  240): currentStatus=8000, currentLevel=98, enableLevel=15, enable=false, popDialog=false, statusChangeTo=-1
I/HtcPowerSaver(  240): << updateStatus
D/PackageManager(  240): Failed to get PackageInfo!, pkg:com.htc.demoflorebooter, flags:1
D/WifiService(  240): ACTION_BATTERY_CHANGED pluggedType: 2
E/Adreno200-ES20(11638): <process_gl_state_enables:456>: GL_INVALID_ENUM
D/dalvikvm(11390): GC_CONCURRENT freed 1718K, 40% free 3338K/5475K, paused 2ms+2ms
D/BatteryService(  240): updateBatteryStats ======================================
I/BATT_ALG(  129): charging time: 0
I/BATT_ALG(  129): batt_alg_overtemp_check:temp:316, isOver_temp:0
I/BATT_ALG(  129): set_battery_voltage_alarm level=98, alarm_config=25, batt_alarm_config=25
I/BATT_ALG(  129): vol=4352;curr=77;dis_curr=0;temp=316;id=2;level=98;chg_src=1;chg_en=1;isOver_temp=0;timer=60;safety_count=0
E/Adreno200-ES20(11638): <process_gl_state_enables:456>: GL_INVALID_ENUM
D/dalvikvm( 7611): GC_CONCURRENT freed 1868K, 24% free 8209K/10723K, paused 3ms+7ms
W/AlarmManager(  240): RXTXtriggerAlarmsLocked
D/BatteryService(  240): updateBatteryStats ======================================
I/BATT_ALG(  129): charging time: 0
I/BATT_ALG(  129): batt_alg_overtemp_check:temp:316, isOver_temp:0
I/BATT_ALG(  129): set_battery_voltage_alarm level=98, alarm_config=25, batt_alarm_config=25
I/BATT_ALG(  129): vol=4352;curr=73;dis_curr=0;temp=316;id=2;level=98;chg_src=1;chg_en=1;isOver_temp=0;timer=60;safety_count=0
E/Adreno200-ES20(11638): <process_gl_state_enables:456>: GL_INVALID_ENUM
D/BatteryService(  240): updateBatteryStats ======================================
I/BATT_ALG(  129): charging time: 0
I/BATT_ALG(  129): batt_alg_overtemp_check:temp:316, isOver_temp:0
I/BATT_ALG(  129): set_battery_voltage_alarm level=98, alarm_config=25, batt_alarm_config=25
I/BATT_ALG(  129): vol=4352;curr=69;dis_curr=0;temp=316;id=2;level=98;chg_src=1;chg_en=1;isOver_temp=0;timer=60;safety_count=0
E/Adreno200-ES20(11638): <process_gl_state_enables:456>: GL_INVALID_ENUM
D/BatteryService(  240): updateBatteryStats ======================================
E/Adreno200-ES20(11638): <process_gl_state_enables:456>: GL_INVALID_ENUM
I/BATT_ALG(  129): charging time: 0
I/BATT_ALG(  129): batt_alg_overtemp_check:temp:316, isOver_temp:0
I/BATT_ALG(  129): set_battery_voltage_alarm level=99, alarm_config=25, batt_alarm_config=25
I/BATT_ALG(  129): vol=4350;curr=53;dis_curr=0;temp=316;id=2;level=99;chg_src=1;chg_en=1;isOver_temp=0;timer=60;safety_count=0
D/BatteryService(  240): UEvent updateBatteryStats
D/HtcPowerSaver(  240): Recived battery changed intent.
D/UsbnetService(  240): BroadcastReceiver::onReceive+
D/UsbnetService(  240): onReceive BATTERY_CHANGED
D/UsbnetService(  240):  --> pluggedType = 2, mPluggedType = 0, mScreenOff = true
D/UsbnetService(  240): BroadcastReceiver::onReceive-
D/HtcPowerSaver(  240): Checking...
I/HtcPowerSaver(  240): >> updateStatus
I/HtcPowerSaver(  240): currentStatus=8000, currentLevel=99, enableLevel=15, enable=false, popDialog=false, statusChangeTo=-1
I/HtcPowerSaver(  240): << updateStatus
D/NotificationService(  240): mIntentReceiver() Intent.ACTION_BATTERY_CHANGED
D/WifiService(  240): ACTION_BATTERY_CHANGED pluggedType: 2
D/PowerManagerService(  240): runHtcPowerSaverCheck ======================================
D/PackageManager(  240): Failed to get PackageInfo!, pkg:com.htc.demoflorebooter, flags:1
D/PowerUI (  335): closing low battery warning: level=99
D/PowerUI (  335): plugged = true, health = 2, mBatteryLevel = 99, mPluggedBatteryLevel = 78, mLowBatteryWarningLevel2 = 25, mshowLowChargingWarning2 = true
D/dalvikvm(  240): GC_CONCURRENT freed 5165K, 39% free 23703K/38499K, paused 5ms+24ms
E/Adreno200-ES20(11638): <process_gl_state_enables:456>: GL_INVALID_ENUM
D/BatteryService(  240): updateBatteryStats ======================================
I/BATT_ALG(  129): charging time: 0
I/BATT_ALG(  129): batt_alg_overtemp_check:temp:317, isOver_temp:0
I/BATT_ALG(  129): set_battery_voltage_alarm level=99, alarm_config=25, batt_alarm_config=25
I/BATT_ALG(  129): vol=4352;curr=65;dis_curr=0;temp=317;id=2;level=99;chg_src=1;chg_en=1;isOver_temp=0;timer=60;safety_count=0
D/BatteryService(  240): UEvent updateBatteryStats
D/HtcPowerSaver(  240): Recived battery changed intent.
D/UsbnetService(  240): BroadcastReceiver::onReceive+
D/UsbnetService(  240): onReceive BATTERY_CHANGED
D/UsbnetService(  240):  --> pluggedType = 2, mPluggedType = 0, mScreenOff = true
D/UsbnetService(  240): BroadcastReceiver::onReceive-
D/HtcPowerSaver(  240): Checking...
I/HtcPowerSaver(  240): >> updateStatus
D/NotificationService(  240): mIntentReceiver() Intent.ACTION_BATTERY_CHANGED
D/PowerManagerService(  240): runHtcPowerSaverCheck ======================================
I/HtcPowerSaver(  240): currentStatus=8000, currentLevel=99, enableLevel=15, enable=false, popDialog=false, statusChangeTo=-1
D/PowerUI (  335): closing low battery warning: level=99
D/PowerUI (  335): plugged = true, health = 2, mBatteryLevel = 99, mPluggedBatteryLevel = 78, mLowBatteryWarningLevel2 = 25, mshowLowChargingWarning2 = true
I/HtcPowerSaver(  240): << updateStatus
D/WifiService(  240): ACTION_BATTERY_CHANGED pluggedType: 2
D/PackageManager(  240): Failed to get PackageInfo!, pkg:com.htc.demoflorebooter, flags:1
E/Adreno200-ES20(11638): <process_gl_state_enables:456>: GL_INVALID_ENUM
D/BatteryService(  240): updateBatteryStats ======================================
I/BATT_ALG(  129): charging time: 0
I/BATT_ALG(  129): batt_alg_overtemp_check:temp:317, isOver_temp:0
I/BATT_ALG(  129): set_battery_voltage_alarm level=99, alarm_config=25, batt_alarm_config=25
I/BATT_ALG(  129): vol=4352;curr=61;dis_curr=0;temp=317;id=2;level=99;chg_src=1;chg_en=1;isOver_temp=0;timer=60;safety_count=0
D/dalvikvm( 7611): GC_CONCURRENT freed 1800K, 24% free 8155K/10723K, paused 11ms+6ms
W/AlarmManager(  240): RXTXtriggerAlarmsLocked
D/dalvikvm(  335): GC_CONCURRENT freed 1711K, 56% free 6818K/15203K, paused 4ms+8ms
E/Adreno200-ES20(11638): <process_gl_state_enables:456>: GL_INVALID_ENUM
D/BatteryService(  240): updateBatteryStats ======================================
I/BATT_ALG(  129): charging time: 0
I/BATT_ALG(  129): batt_alg_overtemp_check:temp:317, isOver_temp:0
I/BATT_ALG(  129): set_battery_voltage_alarm level=99, alarm_config=25, batt_alarm_config=25
I/BATT_ALG(  129): vol=4352;curr=57;dis_curr=0;temp=317;id=2;level=99;chg_src=1;chg_en=1;isOver_temp=0;timer=60;safety_count=0
E/Adreno200-ES20(11638): <process_gl_state_enables:456>: GL_INVALID_ENUM
D/BatteryService(  240): updateBatteryStats ======================================
I/BATT_ALG(  129): charging time: 0
I/BATT_ALG(  129): batt_alg_overtemp_check:temp:317, isOver_temp:0
I/BATT_ALG(  129): set_battery_voltage_alarm level=99, alarm_config=25, batt_alarm_config=25
I/BATT_ALG(  129): vol=4352;curr=55;dis_curr=0;temp=317;id=2;level=99;chg_src=1;chg_en=1;isOver_temp=0;timer=60;safety_count=0
E/Adreno200-ES20(11638): <process_gl_state_enables:456>: GL_INVALID_ENUM
D/BatteryService(  240): updateBatteryStats ======================================
I/BATT_ALG(  129): charging time: 0
I/BATT_ALG(  129): batt_alg_overtemp_check:temp:318, isOver_temp:0
I/BATT_ALG(  129): set_battery_voltage_alarm level=99, alarm_config=25, batt_alarm_config=25
I/BATT_ALG(  129): vol=4352;curr=53;dis_curr=0;temp=318;id=2;level=99;chg_src=1;chg_en=1;isOver_temp=0;timer=60;safety_count=0
D/BatteryService(  240): UEvent updateBatteryStats
D/HtcPowerSaver(  240): Recived battery changed intent.
D/UsbnetService(  240): BroadcastReceiver::onReceive+
D/UsbnetService(  240): onReceive BATTERY_CHANGED
D/UsbnetService(  240):  --> pluggedType = 2, mPluggedType = 0, mScreenOff = true
D/UsbnetService(  240): BroadcastReceiver::onReceive-
D/HtcPowerSaver(  240): Checking...
I/HtcPowerSaver(  240): >> updateStatus
D/NotificationService(  240): mIntentReceiver() Intent.ACTION_BATTERY_CHANGED
D/PowerManagerService(  240): runHtcPowerSaverCheck ======================================
I/HtcPowerSaver(  240): currentStatus=8000, currentLevel=99, enableLevel=15, enable=false, popDialog=false, statusChangeTo=-1
I/HtcPowerSaver(  240): << updateStatus
D/PowerUI (  335): closing low battery warning: level=99
D/PowerUI (  335): plugged = true, health = 2, mBatteryLevel = 99, mPluggedBatteryLevel = 78, mLowBatteryWarningLevel2 = 25, mshowLowChargingWarning2 = true
D/PackageManager(  240): Failed to get PackageInfo!, pkg:com.htc.demoflorebooter, flags:1
D/WifiService(  240): ACTION_BATTERY_CHANGED pluggedType: 2
E/Adreno200-ES20(11638): <process_gl_state_enables:456>: GL_INVALID_ENUM
D/BatteryService(  240): updateBatteryStats ======================================
I/BATT_ALG(  129): charging time: 0
I/BATT_ALG(  129): batt_alg_overtemp_check:temp:318, isOver_temp:0
I/BATT_ALG(  129): set_battery_voltage_alarm level=99, alarm_config=25, batt_alarm_config=25
I/BATT_ALG(  129): vol=4352;curr=51;dis_curr=0;temp=318;id=2;level=99;chg_src=1;chg_en=1;isOver_temp=0;timer=60;safety_count=0
D/dalvikvm(11390): GC_CONCURRENT freed 1720K, 40% free 3338K/5475K, paused 1ms+2ms
D/ContactMessageStore(  487): MSG_CHECK_DELETION >>
D/ContactMessageStore(  487): mDeleteTask = null, bDeleting = false
D/ContactMessageStore(  487): MSG_CHECK_DELETION <<
D/ContactMessageStore(  487): start background delete task...
D/ContactMessageStore(  487): size: 0 , 0
D/ContactMessageStore(  487): Background delete complete
E/Adreno200-ES20(11638): <process_gl_state_enables:456>: GL_INVALID_ENUM
D/BatteryService(  240): updateBatteryStats ======================================
I/BATT_ALG(  129): charging time: 0
I/BATT_ALG(  129): batt_alg_overtemp_check:temp:318, isOver_temp:0
I/BATT_ALG(  129): set_battery_voltage_alarm level=99, alarm_config=25, batt_alarm_config=25
I/BATT_ALG(  129): vol=4352;curr=49;dis_curr=0;temp=318;id=2;level=99;chg_src=1;chg_en=1;isOver_temp=0;timer=60;safety_count=0
W/AlarmManager(  240): RXTXtriggerAlarmsLocked
D/dalvikvm( 7611): GC_CONCURRENT freed 1748K, 23% free 8278K/10723K, paused 11ms+7ms
D/MailService(10485): 06021143 ***** HTC MailService *****: checking mail,com.htc.android.mail.intent.action.MAIL_SERVICE_WAKEUP
D/CursorWindowStats(10485): Allocate Cursor Window larger than default value, size: 4194304, default:2097152
D/CursorWindowStats(10485): Allocate Cursor Window larger than default value, size: 4194304, default:2097152
D/WifiStateMachine(  240): [DriverStartedState] CMD_START_DRIVER
D/WifiService(  240): acquireWifiLockLocked: WifiLock{MAIL_WIFI_LOCK type=1 binder=android.os.BinderProxy@4187b5b0}
D/WifiService(  240): updateWifiState(): disable hotspot
D/WifiService(  240): updateWifiState(): enable and start wifi
I/RequestController(10485): enter sendAllMail
D/CursorWindowStats(10485): Allocate Cursor Window larger than default value, size: 4194304, default:2097152
D/CursorWindowStats(10485): Allocate Cursor Window larger than default value, size: 4194304, default:2097152
