I/BATT_ALG(  129): vol=4352;curr=37;dis_curr=0;temp=313;id=2;level=100;chg_src=1;chg_en=1;isOver_temp=0;timer=60;safety_count=0
E/Adreno200-ES20(11638): <process_gl_state_enables:456>: GL_INVALID_ENUM
D/dalvikvm(10115): GC_CONCURRENT freed 1751K, 40% free 3328K/5475K, paused 1ms+1ms
W/AlarmManager(  240): RXTXtriggerAlarmsLocked
D/dalvikvm( 7611): GC_CONCURRENT freed 1832K, 25% free 8148K/10723K, paused 4ms+8ms
D/BatteryService(  240): updateBatteryStats ======================================
D/dalvikvm(  240): GC_EXPLICIT freed 3100K, 39% free 23738K/38499K, paused 5ms+25ms
I/BATT_ALG(  129): charging time: 480000
I/BATT_ALG(  129): batt_alg_overtemp_check:temp:313, isOver_temp:0
I/BATT_ALG(  129): set_battery_voltage_alarm level=100, alarm_config=25, batt_alarm_config=25
I/BATT_ALG(  129): vol=4352;curr=35;dis_curr=0;temp=313;id=2;level=100;chg_src=1;chg_en=1;isOver_temp=0;timer=60;safety_count=0
D/dalvikvm( 7611): GC_CONCURRENT freed 1737K, 24% free 8253K/10723K, paused 14ms+8ms
E/Adreno200-ES20(11638): <process_gl_state_enables:456>: GL_INVALID_ENUM
D/BatteryService(  240): updateBatteryStats ======================================
I/BATT_ALG(  129): charging time: 540000
I/BATT_ALG(  129): batt_alg_overtemp_check:temp:313, isOver_temp:0
I/BATT_ALG(  129): set_battery_voltage_alarm level=100, alarm_config=25, batt_alarm_config=25
I/BATT_ALG(  129): vol=4352;curr=35;dis_curr=0;temp=313;id=2;level=100;chg_src=1;chg_en=1;isOver_temp=0;timer=60;safety_count=0
E/Adreno200-ES20(11638): <process_gl_state_enables:456>: GL_INVALID_ENUM
D/BatteryService(  240): updateBatteryStats ======================================
I/BATT_ALG(  129): charging time: 600000
I/BATT_ALG(  129): batt_alg_overtemp_check:temp:313, isOver_temp:0
I/BATT_ALG(  129): set_battery_voltage_alarm level=100, alarm_config=25, batt_alarm_config=25
I/BATT_ALG(  129): vol=4352;curr=33;dis_curr=0;temp=313;id=2;level=100;chg_src=1;chg_en=1;isOver_temp=0;timer=60;safety_count=0
E/Adreno200-ES20(11638): <process_gl_state_enables:456>: GL_INVALID_ENUM
D/BatteryService(  240): updateBatteryStats ======================================
I/BATT_ALG(  129): charging time: 660000
I/BATT_ALG(  129): batt_alg_overtemp_check:temp:313, isOver_temp:0
I/BATT_ALG(  129): set_battery_voltage_alarm level=100, alarm_config=25, batt_alarm_config=25
I/BATT_ALG(  129): vol=4352;curr=33;dis_curr=0;temp=313;id=2;level=100;chg_src=1;chg_en=1;isOver_temp=0;timer=60;safety_count=0
E/Adreno200-ES20(11638): <process_gl_state_enables:456>: GL_INVALID_ENUM
D/BatteryService(  240): updateBatteryStats ======================================
I/BATT_ALG(  129): charging time: 720000
I/BATT_ALG(  129): batt_alg_overtemp_check:temp:313, isOver_temp:0
I/BATT_ALG(  129): set_battery_voltage_alarm level=100, alarm_config=25, batt_alarm_config=25
I/BATT_ALG(  129): vol=4352;curr=33;dis_curr=0;temp=313;id=2;level=100;chg_src=1;chg_en=1;isOver_temp=0;timer=60;safety_count=0
E/Adreno200-ES20(11638): <process_gl_state_enables:456>: GL_INVALID_ENUM
V/LocationManagerService(  240): getAllProviders
V/LocationManagerService(  240): getLastKnownLocation: network
V/LocationManagerService(  240): getLastKnownLocation: passive
V/LocationManagerService(  240): getLastKnownLocation: gps
D/WifiStateMachine(  240): syncRequestConnectionInfo mWifiInfo=SSID: MOMO, BSSID: 00:19:cb:4b:15:f2, MAC: A8:26:D9:D1:BF:D5, Supplicant state: COMPLETED, RSSI: -78, Link speed: 18, Frequency: 2432, Net ID: 0, Explicit connect: false
D/BatteryService(  240): updateBatteryStats ======================================
D/Process (  240): killProcessQuiet, pid=9772
D/Process (  240): dalvik.system.VMStack.getThreadStackTrace(Native Method)
D/Process (  240): java.lang.Thread.getStackTrace(Thread.java:599)
D/Process (  240): android.os.Process.killProcessQuiet(Process.java:818)
D/Process (  240): com.android.server.am.ActivityManagerService.updateOomAdjLocked(ActivityManagerService.java:15140)
D/Process (  240): com.android.server.am.ActivityManagerService.updateLruProcessInternalLocked(ActivityManagerService.java:1934)
D/Process (  240): com.android.server.am.ActivityManagerService.updateLruProcessLocked(ActivityManagerService.java:1941)
D/Process (  240): com.android.server.am.ActivityManagerService.realStartServiceLocked(ActivityManagerService.java:11201)
D/Process (  240): com.android.server.am.ActivityManagerService.bringUpServiceLocked(ActivityManagerService.java:11413)
D/Process (  240): com.android.server.am.ActivityManagerService.bindService(ActivityManagerService.java:11935)
D/Process (  240): android.app.ActivityManagerNative.onTransact(ActivityManagerNative.java:681)
D/Process (  240): com.android.server.am.ActivityManagerService.onTransact(ActivityManagerService.java:1706)
D/Process (  240): android.os.Binder.execTransact(Binder.java:338)
D/Process (  240): dalvik.system.NativeStart.run(Native Method)
I/ActivityManager(  240): No longer want com.htc.bg (pid 9772): hidden #16, adj=15
I/CarouselTimeLog(29462): onStart() finish: 1363665044393
D/ActivityManager(  240): Config after re-evaluted by window manager: null
D/CarouselDummyActivity(29462): CarouselDummyActivity.onResume: tab_allapps
D/UnlockAnimator(29462): setFrame: unlock_to_03
D/CAT     (  487): CatService: Return current sInstance
D/CAT     (  487): CatService: Return current sInstance
I/BATT_ALG(  129): charging time: 780000
I/BATT_ALG(  129): batt_alg_overtemp_check:temp:313, isOver_temp:0
I/BATT_ALG(  129): set_battery_voltage_alarm level=100, alarm_config=25, batt_alarm_config=25
I/BATT_ALG(  129): vol=4352;curr=29;dis_curr=0;temp=313;id=2;level=100;chg_src=1;chg_en=1;isOver_temp=0;timer=60;safety_count=0
D/OpenGLRenderer(29462): Flushing caches (mode 2)
D/dalvikvm( 7611): GC_CONCURRENT freed 1806K, 24% free 8198K/10723K, paused 11ms+8ms
W/AlarmManager(  240): RXTXtriggerAlarmsLocked
E/Adreno200-ES20(11638): <process_gl_state_enables:456>: GL_INVALID_ENUM
D/BatteryService(  240): updateBatteryStats ======================================
I/BATT_ALG(  129): charging time: 840000
I/BATT_ALG(  129): batt_alg_overtemp_check:temp:313, isOver_temp:0
I/BATT_ALG(  129): set_battery_voltage_alarm level=100, alarm_config=25, batt_alarm_config=25
I/BATT_ALG(  129): vol=4352;curr=31;dis_curr=0;temp=313;id=2;level=100;chg_src=1;chg_en=1;isOver_temp=0;timer=60;safety_count=0
E/Adreno200-ES20(11638): <process_gl_state_enables:456>: GL_INVALID_ENUM
D/BatteryService(  240): updateBatteryStats ======================================
I/BATT_ALG(  129): charging time: 900000
I/BATT_ALG(  129): batt_alg_overtemp_check:temp:313, isOver_temp:0
I/BATT_ALG(  129): set_battery_voltage_alarm level=100, alarm_config=25, batt_alarm_config=25
I/BATT_ALG(  129): vol=4352;curr=29;dis_curr=0;temp=313;id=2;level=100;chg_src=1;chg_en=1;isOver_temp=0;timer=60;safety_count=0
E/Adreno200-ES20(11638): <process_gl_state_enables:456>: GL_INVALID_ENUM
D/BatteryService(  240): updateBatteryStats ======================================
I/BATT_ALG(  129): charging time: 960000
I/BATT_ALG(  129): batt_alg_overtemp_check:temp:313, isOver_temp:0
I/BATT_ALG(  129): set_battery_voltage_alarm level=100, alarm_config=25, batt_alarm_config=25
I/BATT_ALG(  129): vol=4352;curr=29;dis_curr=0;temp=313;id=2;level=100;chg_src=1;chg_en=1;isOver_temp=0;timer=60;safety_count=0
E/Adreno200-ES20(11638): <process_gl_state_enables:456>: GL_INVALID_ENUM
I/ActivityManager(  240): No longer want com.google.android.gm (pid 9498): hidden #16, adj=15
D/Process (  240): killProcessQuiet, pid=9498
D/Process (  240): dalvik.system.VMStack.getThreadStackTrace(Native Method)
D/Process (  240): java.lang.Thread.getStackTrace(Thread.java:599)
D/Process (  240): android.os.Process.killProcessQuiet(Process.java:818)
D/Process (  240): com.android.server.am.ActivityManagerService.updateOomAdjLocked(ActivityManagerService.java:15140)
D/Process (  240): com.android.server.am.ActivityManagerService.deliverToRegisteredReceiverLocked(ActivityManagerService.java:13431)
D/Process (  240): com.android.server.am.ActivityManagerService.processNextBroadcast(ActivityManagerService.java:13661)
D/Process (  240): com.android.server.am.ActivityManagerService.access$100(ActivityManagerService.java:184)
D/Process (  240): com.android.server.am.ActivityManagerService$2.handleMessage(ActivityManagerService.java:1088)
D/Process (  240): android.os.Handler.dispatchMessage(Handler.java:99)
D/Process (  240): android.os.Looper.loop(Looper.java:154)
D/Process (  240): com.android.server.am.ActivityManagerService$AThread.run(ActivityManagerService.java:1547)
D/Process (  240): killProcessQuiet, pid=9831
D/Process (  240): dalvik.system.VMStack.getThreadStackTrace(Native Method)
D/Process (  240): java.lang.Thread.getStackTrace(Thread.java:599)
D/Process (  240): android.os.Process.killProcessQuiet(Process.java:818)
D/Process (  240): com.android.server.am.ActivityManagerService.updateOomAdjLocked(ActivityManagerService.java:15140)
D/Process (  240): com.android.server.am.ActivityManagerService.deliverToRegisteredReceiverLocked(ActivityManagerService.java:13431)
I/ActivityManager(  240): No longer want com.onelouder.baconreader (pid 9831): hidden #17, adj=15
D/Process (  240): com.android.server.am.ActivityManagerService.processNextBroadcast(ActivityManagerService.java:13661)
D/Process (  240): com.android.server.am.ActivityManagerService.access$100(ActivityManagerService.java:184)
D/Process (  240): com.android.server.am.ActivityManagerService$2.handleMessage(ActivityManagerService.java:1088)
D/Process (  240): android.os.Handler.dispatchMessage(Handler.java:99)
D/Process (  240): android.os.Looper.loop(Looper.java:154)
D/Process (  240): com.android.server.am.ActivityManagerService$AThread.run(ActivityManagerService.java:1547)
D/Process (  240): killProcessQuiet, pid=9807
D/Process (  240): dalvik.system.VMStack.getThreadStackTrace(Native Method)
D/Process (  240): java.lang.Thread.getStackTrace(Thread.java:599)
D/Process (  240): android.os.Process.killProcessQuiet(Process.java:818)
D/Process (  240): com.android.server.am.ActivityManagerService.updateOomAdjLocked(ActivityManagerService.java:15140)
D/Process (  240): com.android.server.am.ActivityManagerService.deliverToRegisteredReceiverLocked(ActivityManagerService.java:13431)
D/Process (  240): com.android.server.am.ActivityManagerService.processNextBroadcast(ActivityManagerService.java:13661)
D/Process (  240): com.android.server.am.ActivityManagerService.access$100(ActivityManagerService.java:184)
D/Process (  240): com.android.server.am.ActivityManagerService$2.handleMessage(ActivityManagerService.java:1088)
D/Process (  240): android.os.Handler.dispatchMessage(Handler.java:99)
D/Process (  240): android.os.Looper.loop(Looper.java:154)
D/Process (  240): com.android.server.am.ActivityManagerService$AThread.run(ActivityManagerService.java:1547)
I/ActivityManager(  240): No longer want com.twitter.android (pid 9807): hidden #18, adj=15
I/CarouselTimeLog(29462): onStart() finish: 1363665281403
W/ActivityManager(  240): Scheduling restart of crashed service com.onelouder.baconreader/.CheckMessageService in 5000ms
D/ActivityManager(  240): Config after re-evaluted by window manager: null
W/ContentService(  240): binderDied() at ObserverNode
W/ContentService(  240): binderDied() at ObserverNode
W/ContentService(  240): binderDied() at ObserverNode
W/ContentService(  240): binderDied() at ObserverNode
D/CarouselDummyActivity(29462): CarouselDummyActivity.onResume: tab_allapps
D/UnlockAnimator(29462): setFrame: unlock_to_03
D/CAT     (  487): CatService: Return current sInstance
D/CAT     (  487): CatService: Return current sInstance
D/OpenGLRenderer(29462): Flushing caches (mode 2)
D/BatteryService(  240): updateBatteryStats ======================================
I/BATT_ALG(  129): charging time: 1020000
I/BATT_ALG(  129): batt_alg_overtemp_check:temp:312, isOver_temp:0
I/BATT_ALG(  129): set_battery_voltage_alarm level=100, alarm_config=25, batt_alarm_config=25
I/BATT_ALG(  129): vol=4352;curr=27;dis_curr=0;temp=312;id=2;level=100;chg_src=1;chg_en=1;isOver_temp=0;timer=60;safety_count=0
D/BatteryService(  240): UEvent updateBatteryStats
D/HtcPowerSaver(  240): Recived battery changed intent.
D/UsbnetService(  240): BroadcastReceiver::onReceive+
D/UsbnetService(  240): onReceive BATTERY_CHANGED
D/UsbnetService(  240):  --> pluggedType = 2, mPluggedType = 0, mScreenOff = true
D/UsbnetService(  240): BroadcastReceiver::onReceive-
D/HtcPowerSaver(  240): Checking...
I/HtcPowerSaver(  240): >> updateStatus
I/HtcPowerSaver(  240): currentStatus=8000, currentLevel=100, enableLevel=15, enable=false, popDialog=false, statusChangeTo=-1
D/NotificationService(  240): mIntentReceiver() Intent.ACTION_BATTERY_CHANGED
D/PowerManagerService(  240): runHtcPowerSaverCheck ======================================
I/HtcPowerSaver(  240): << updateStatus
D/PowerUI (  335): closing low battery warning: level=100
D/PowerUI (  335): plugged = true, health = 2, mBatteryLevel = 100, mPluggedBatteryLevel = 78, mLowBatteryWarningLevel2 = 25, mshowLowChargingWarning2 = true
D/WifiService(  240): ACTION_BATTERY_CHANGED pluggedType: 2
D/PackageManager(  240): Failed to get PackageInfo!, pkg:com.htc.demoflorebooter, flags:1
I/ActivityManager(  240): Start proc com.onelouder.baconreader for service com.onelouder.baconreader/.CheckMessageService: pid=10806 uid=10142 gids={3003, 1015}
I/ActivityThread(10806): Pub com.onelouder.baconreader.AdMarvelLocalFileContentProvider: com.admarvel.android.ads.AdMarvelLocalFileContentProvider
I/ErrorAgent(10806): Registering custom exceptions handler
D/SqliteDatabaseCpp(10806): Registering sqlite logging func: /data/data/com.onelouder.baconreader/databases/cache.db
D/SqliteDatabaseCpp(10806): DB info: open db, path = /data/data/com.onelouder.baconreader/databases , key = gYg`e, flag = 6, file size = 2256896
D/SqliteDatabaseCpp(10806): DB info: path = /data/data/com.onelouder.baconreader/databases , key = gYg`e, handle: 0x193e1a8, type: w, r/w: (0,1), mode: truncate, disk free size: 242 M
D/ImageCache(10806): enabled write through to /mnt/sdcard/Android/data/com.onelouder.baconreader/cache/cachefu/image_cache
D/ImageCache(10806): sanitize DISK cache
D/baconreader(10806): Message Service Started
D/baconreader(10806): Checking for messages
D/dalvikvm(10806): GC_CONCURRENT freed 1081K, 26% free 3447K/4643K, paused 2ms+2ms
D/dalvikvm(10806): GC_CONCURRENT freed 1736K, 35% free 3482K/5347K, paused 1ms+1ms
E/Adreno200-ES20(11638): <process_gl_state_enables:456>: GL_INVALID_ENUM
D/dalvikvm(10115): GC_CONCURRENT freed 1805K, 39% free 3340K/5475K, paused 1ms+3ms
D/BatteryService(  240): updateBatteryStats ======================================
I/BATT_ALG(  129): charging time: 1080000
I/BATT_ALG(  129): batt_alg_overtemp_check:temp:313, isOver_temp:0
I/BATT_ALG(  129): set_battery_voltage_alarm level=100, alarm_config=25, batt_alarm_config=25
I/BATT_ALG(  129): vol=4352;curr=25;dis_curr=0;temp=313;id=2;level=100;chg_src=1;chg_en=1;isOver_temp=0;timer=60;safety_count=0
D/BatteryService(  240): UEvent updateBatteryStats
D/HtcPowerSaver(  240): Recived battery changed intent.
D/UsbnetService(  240): BroadcastReceiver::onReceive+
D/UsbnetService(  240): onReceive BATTERY_CHANGED
D/UsbnetService(  240):  --> pluggedType = 2, mPluggedType = 0, mScreenOff = true
D/UsbnetService(  240): BroadcastReceiver::onReceive-
D/HtcPowerSaver(  240): Checking...
I/HtcPowerSaver(  240): >> updateStatus
D/NotificationService(  240): mIntentReceiver() Intent.ACTION_BATTERY_CHANGED
D/PowerManagerService(  240): runHtcPowerSaverCheck ======================================
D/PowerUI (  335): closing low battery warning: level=100
I/HtcPowerSaver(  240): currentStatus=8000, currentLevel=100, enableLevel=15, enable=false, popDialog=false, statusChangeTo=-1
I/HtcPowerSaver(  240): << updateStatus
D/PowerUI (  335): plugged = true, health = 2, mBatteryLevel = 100, mPluggedBatteryLevel = 78, mLowBatteryWarningLevel2 = 25, mshowLowChargingWarning2 = true
D/WifiService(  240): ACTION_BATTERY_CHANGED pluggedType: 2
D/PackageManager(  240): Failed to get PackageInfo!, pkg:com.htc.demoflorebooter, flags:1
D/dalvikvm( 7611): GC_CONCURRENT freed 1854K, 24% free 8187K/10723K, paused 4ms+7ms
W/AlarmManager(  240): RXTXtriggerAlarmsLocked
E/Adreno200-ES20(11638): <process_gl_state_enables:456>: GL_INVALID_ENUM
D/BatteryService(  240): updateBatteryStats ======================================
I/BATT_ALG(  129): charging time: 1140000
I/BATT_ALG(  129): batt_alg_overtemp_check:temp:312, isOver_temp:0
I/BATT_ALG(  129): set_battery_voltage_alarm level=100, alarm_config=25, batt_alarm_config=25
I/BATT_ALG(  129): vol=4352;curr=25;dis_curr=0;temp=312;id=2;level=100;chg_src=1;chg_en=1;isOver_temp=0;timer=60;safety_count=0
D/BatteryService(  240): UEvent updateBatteryStats
D/HtcPowerSaver(  240): Recived battery changed intent.
D/UsbnetService(  240): BroadcastReceiver::onReceive+
D/UsbnetService(  240): onReceive BATTERY_CHANGED
D/UsbnetService(  240):  --> pluggedType = 2, mPluggedType = 0, mScreenOff = true
D/UsbnetService(  240): BroadcastReceiver::onReceive-
D/HtcPowerSaver(  240): Checking...
I/HtcPowerSaver(  240): >> updateStatus
D/NotificationService(  240): mIntentReceiver() Intent.ACTION_BATTERY_CHANGED
D/PowerManagerService(  240): runHtcPowerSaverCheck ======================================
D/PowerUI (  335): closing low battery warning: level=100
D/PowerUI (  335): plugged = true, health = 2, mBatteryLevel = 100, mPluggedBatteryLevel = 78, mLowBatteryWarningLevel2 = 25, mshowLowChargingWarning2 = true
I/HtcPowerSaver(  240): currentStatus=8000, currentLevel=100, enableLevel=15, enable=false, popDialog=false, statusChangeTo=-1
I/HtcPowerSaver(  240): << updateStatus
D/WifiService(  240): ACTION_BATTERY_CHANGED pluggedType: 2
D/PackageManager(  240): Failed to get PackageInfo!, pkg:com.htc.demoflorebooter, flags:1
E/Adreno200-ES20(11638): <process_gl_state_enables:456>: GL_INVALID_ENUM
D/BatteryService(  240): updateBatteryStats ======================================
I/BATT_ALG(  129): charging time: 1200000
I/BATT_ALG(  129): batt_alg_overtemp_check:temp:312, isOver_temp:0
I/BATT_ALG(  129): set_battery_voltage_alarm level=100, alarm_config=25, batt_alarm_config=25
I/BATT_ALG(  129): vol=4352;curr=25;dis_curr=0;temp=312;id=2;level=100;chg_src=1;chg_en=1;isOver_temp=0;timer=60;safety_count=0
E/Adreno200-ES20(11638): <process_gl_state_enables:456>: GL_INVALID_ENUM
D/BatteryService(  240): updateBatteryStats ======================================
I/BATT_ALG(  129): charging time: 1260000
I/BATT_ALG(  129): batt_alg_overtemp_check:temp:312, isOver_temp:0
I/BATT_ALG(  129): set_battery_voltage_alarm level=100, alarm_config=25, batt_alarm_config=25
I/BATT_ALG(  129): vol=4352;curr=25;dis_curr=0;temp=312;id=2;level=100;chg_src=1;chg_en=1;isOver_temp=0;timer=60;safety_count=0
E/Adreno200-ES20(11638): <process_gl_state_enables:456>: GL_INVALID_ENUM
D/BatteryService(  240): updateBatteryStats ======================================
I/BATT_ALG(  129): charging time: 1320000
I/BATT_ALG(  129): batt_alg_overtemp_check:temp:312, isOver_temp:0
I/BATT_ALG(  129): set_battery_voltage_alarm level=100, alarm_config=25, batt_alarm_config=25
I/BATT_ALG(  129): vol=4352;curr=23;dis_curr=0;temp=312;id=2;level=100;chg_src=1;chg_en=1;isOver_temp=0;timer=60;safety_count=0
E/Adreno200-ES20(11638): <process_gl_state_enables:456>: GL_INVALID_ENUM
E/Adreno200-ES20(11638): <process_gl_state_enables:456>: GL_INVALID_ENUM
D/AlarmManagerService(  240): Kernel timezone updated to -480 minutes west of GMT
I/CalendarWidget(10256): call in idleHandler
I/ActivityManager(  240): Start proc com.htc.task for broadcast com.htc.task/.TodoReceiver: pid=10901 uid=10170 gids={}
I/ActivityThread(10901): Pub com.htc.task.dm: com.htc.task.APICProviderDecorator
D/TodoTask(10901): action android.intent.action.DATE_CHANGED
D/TodoTaskshortcut(10901): update TASK shortcut>
D/SqliteDatabaseCpp(10901): Registering sqlite logging func: /data/data/com.htc.task/databases/MyDB.db
D/SqliteDatabaseCpp(10901): DB info: open db, path = /data/data/com.htc.task/databases , key = MqDF, flag = 6, file size = 20480
D/SqliteDatabaseCpp(10901): DB info: path = /data/data/com.htc.task/databases , key = MqDF, handle: 0x193e1a8, type: w, r/w: (0,1), mode: truncate, disk free size: 242 M
D/BatteryService(  240): updateBatteryStats ======================================
I/BATT_ALG(  129): charging time: 1380000
I/BATT_ALG(  129): batt_alg_overtemp_check:temp:312, isOver_temp:0
I/BATT_ALG(  129): set_battery_voltage_alarm level=100, alarm_config=25, batt_alarm_config=25
I/BATT_ALG(  129): vol=4352;curr=23;dis_curr=0;temp=312;id=2;level=100;chg_src=1;chg_en=1;isOver_temp=0;timer=60;safety_count=0
W/AlarmManager(  240): RXTXtriggerAlarmsLocked
D/dalvikvm( 7611): GC_CONCURRENT freed 1754K, 24% free 8197K/10723K, paused 4ms+8ms
E/Adreno200-ES20(11638): <process_gl_state_enables:456>: GL_INVALID_ENUM
I/ActivityManager(  240): Start proc com.twitter.android for service com.twitter.android/.client.AppService: pid=10942 uid=10021 gids={3003, 1015}
I/dalvikvm(10942): Turning on JNI app bug workarounds for target SDK version 11...
I/ActivityThread(10942): Pub com.twitter.android.provider.GlobalDatabaseProvider: com.twitter.android.provider.GlobalDatabaseProvider
I/ActivityThread(10942): Pub com.twitter.android.provider.TwitterProvider: com.twitter.android.provider.TwitterProvider
D/Process (  240): killProcessQuiet, pid=10101
D/Process (  240): dalvik.system.VMStack.getThreadStackTrace(Native Method)
D/Process (  240): java.lang.Thread.getStackTrace(Thread.java:599)
D/Process (  240): android.os.Process.killProcessQuiet(Process.java:818)
D/Process (  240): com.android.server.am.ActivityManagerService.updateOomAdjLocked(ActivityManagerService.java:15140)
D/Process (  240): com.android.server.am.ActivityManagerService.updateOomAdjLocked(ActivityManagerService.java:15033)
D/Process (  240): com.android.server.am.ActivityManagerService.serviceDoneExecutingLocked(ActivityManagerService.java:12266)
D/Process (  240): com.android.server.am.ActivityManagerService.serviceDoneExecuting(ActivityManagerService.java:12236)
D/Process (  240): android.app.ActivityManagerNative.onTransact(ActivityManagerNative.java:723)
D/Process (  240): com.android.server.am.ActivityManagerService.onTransact(ActivityManagerService.java:1706)
D/Process (  240): android.os.Binder.execTransact(Binder.java:338)
D/Process (  240): dalvik.system.NativeStart.run(Native Method)
I/ActivityManager(  240): No longer want ait.podka (pid 10101): hidden #16, adj=15
W/ActivityManager(  240): Scheduling restart of crashed service ait.podka/.services.AudioService in 5000ms
D/ActivityManager(  240): Config after re-evaluted by window manager: null
W/AudioFlinger( 4831): AudioFlinger::NotificationClient::binderDied() died
I/CarouselTimeLog(29462): onStart() finish: 1363665705568
D/CarouselDummyActivity(29462): CarouselDummyActivity.onResume: tab_allapps
D/UnlockAnimator(29462): setFrame: unlock_to_03
D/CAT     (  487): CatService: Return current sInstance
D/BatteryService(  240): updateBatteryStats ======================================
D/CAT     (  487): CatService: Return current sInstance
D/OpenGLRenderer(29462): Flushing caches (mode 2)
D/dalvikvm(10942): GC_CONCURRENT freed 1024K, 25% free 3502K/4643K, paused 1ms+2ms
I/BATT_ALG(  129): charging time: 1440000
I/BATT_ALG(  129): batt_alg_overtemp_check:temp:311, isOver_temp:0
I/BATT_ALG(  129): set_battery_voltage_alarm level=100, alarm_config=25, batt_alarm_config=25
I/BATT_ALG(  129): vol=4352;curr=19;dis_curr=0;temp=311;id=2;level=100;chg_src=1;chg_en=1;isOver_temp=0;timer=60;safety_count=0
D/BatteryService(  240): UEvent updateBatteryStats
D/HtcPowerSaver(  240): Recived battery changed intent.
D/UsbnetService(  240): BroadcastReceiver::onReceive+
D/UsbnetService(  240): onReceive BATTERY_CHANGED
D/UsbnetService(  240):  --> pluggedType = 2, mPluggedType = 0, mScreenOff = true
D/UsbnetService(  240): BroadcastReceiver::onReceive-
D/HtcPowerSaver(  240): Checking...
I/HtcPowerSaver(  240): >> updateStatus
I/HtcPowerSaver(  240): currentStatus=8000, currentLevel=100, enableLevel=15, enable=false, popDialog=false, statusChangeTo=-1
I/HtcPowerSaver(  240): << updateStatus
D/PackageManager(  240): Failed to get PackageInfo!, pkg:com.htc.demoflorebooter, flags:1
D/NotificationService(  240): mIntentReceiver() Intent.ACTION_BATTERY_CHANGED
D/WifiService(  240): ACTION_BATTERY_CHANGED pluggedType: 2
D/PowerManagerService(  240): runHtcPowerSaverCheck ======================================
D/PowerUI (  335): closing low battery warning: level=100
D/PowerUI (  335): plugged = true, health = 2, mBatteryLevel = 100, mPluggedBatteryLevel = 78, mLowBatteryWarningLevel2 = 25, mshowLowChargingWarning2 = true
D/dalvikvm(10942): GC_CONCURRENT freed 1348K, 27% free 3915K/5347K, paused 2ms+2ms
D/dalvikvm(10942): GC_CONCURRENT freed 1495K, 28% free 4236K/5859K, paused 1ms+2ms
D/dalvikvm(10942): GC_CONCURRENT freed 1380K, 25% free 4615K/6115K, paused 1ms+2ms
D/SqliteDatabaseCpp(10942): Registering sqlite logging func: /data/data/com.twitter.android/databases/16005039.db
D/SqliteDatabaseCpp(10942): DB info: open db, path = /data/data/com.twitter.android/databases , key = )2((5(71, flag = 6, file size = 196608
D/SqliteDatabaseCpp(10942): DB info: path = /data/data/com.twitter.android/databases , key = )2((5(71, handle: 0x193e1a8, type: w, r/w: (0,1), mode: truncate, disk free size: 242 M
W/Twitter-PinningTrustManager(10942): Certificate pins are stale, (26885091481 millis vs 15552000000 millis) falling back to system trust.
D/SqliteDatabaseCpp(10942): DB info: open db, path = /data/data/com.twitter.android/databases , key = clkfYl, flag = 6, file size = 18432
D/SqliteDatabaseCpp(10942): DB info: path = /data/data/com.twitter.android/databases , key = clkfYl, handle: 0x1979560, type: w, r/w: (0,1), mode: truncate, disk free size: 242 M
I/DatabaseHelper(10942): Begin cleanup.
I/DatabaseHelper(10942): Cleaned up: 0
D/Socket_Alarm(10942): registerHTCSocketMonitorCallBack
D/Socket_Alarm(10942): set mSocketMonitor
D/Socket_Alarm(10942): HTCSocketMonitorImpl::HTCSocketMonitorImpl
I/ActivityManager(  240): Start proc ait.podka for service ait.podka/.services.AudioService: pid=10961 uid=10022 gids={3003, 1015}
I/ActivityThread(10961): Pub ait.podka.database.PodcastProvider: ait.podka.database.PodcastProvider
D/AudioSystem(10961): AudioSystem::get_audio_flinger() in at 53
D/AudioSystem(10961): gLock get at 55
D/AudioSystem(10961): before defaultServiceManager() at 57
D/AudioSystem(10961): after defaultServiceManager() at 59
D/AudioSystem(10961): service got at 63
D/AudioSystem(10961): leave AudioSystem::get_audio_flinger() at 81
D/AudioSystem(10961): AudioSystem::get_audio_flinger() in at 53
D/AudioSystem(10961): gLock get at 55
D/AudioSystem(10961): leave AudioSystem::get_audio_flinger() at 81
E/Adreno200-ES20(11638): <process_gl_state_enables:456>: GL_INVALID_ENUM
D/BatteryService(  240): updateBatteryStats ======================================
I/BATT_ALG(  129): charging time: 1500000
I/BATT_ALG(  129): batt_alg_overtemp_check:temp:311, isOver_temp:0
I/BATT_ALG(  129): set_battery_voltage_alarm level=100, alarm_config=25, batt_alarm_config=25
I/BATT_ALG(  129): vol=4355;curr=21;dis_curr=0;temp=311;id=2;level=100;chg_src=1;chg_en=1;isOver_temp=0;timer=60;safety_count=0
D/BatteryService(  240): UEvent updateBatteryStats
D/HtcPowerSaver(  240): Recived battery changed intent.
D/UsbnetService(  240): BroadcastReceiver::onReceive+
D/UsbnetService(  240): onReceive BATTERY_CHANGED
D/UsbnetService(  240):  --> pluggedType = 2, mPluggedType = 0, mScreenOff = true
D/UsbnetService(  240): BroadcastReceiver::onReceive-
D/HtcPowerSaver(  240): Checking...
I/HtcPowerSaver(  240): >> updateStatus
D/NotificationService(  240): mIntentReceiver() Intent.ACTION_BATTERY_CHANGED
D/PowerManagerService(  240): runHtcPowerSaverCheck ======================================
D/PowerUI (  335): closing low battery warning: level=100
D/PowerUI (  335): plugged = true, health = 2, mBatteryLevel = 100, mPluggedBatteryLevel = 78, mLowBatteryWarningLevel2 = 25, mshowLowChargingWarning2 = true
I/HtcPowerSaver(  240): currentStatus=8000, currentLevel=100, enableLevel=15, enable=false, popDialog=false, statusChangeTo=-1
I/HtcPowerSaver(  240): << updateStatus
D/PackageManager(  240): Failed to get PackageInfo!, pkg:com.htc.demoflorebooter, flags:1
D/WifiService(  240): ACTION_BATTERY_CHANGED pluggedType: 2
E/Adreno200-ES20(11638): <process_gl_state_enables:456>: GL_INVALID_ENUM
D/BatteryService(  240): updateBatteryStats ======================================
I/BATT_ALG(  129): charging time: 1560000
I/BATT_ALG(  129): batt_alg_overtemp_check:temp:311, isOver_temp:0
I/BATT_ALG(  129): set_battery_voltage_alarm level=100, alarm_config=25, batt_alarm_config=25
I/BATT_ALG(  129): vol=4355;curr=21;dis_curr=0;temp=311;id=2;level=100;chg_src=1;chg_en=1;isOver_temp=0;timer=60;safety_count=0
E/Adreno200-ES20(11638): <process_gl_state_enables:456>: GL_INVALID_ENUM
D/BatteryService(  240): updateBatteryStats ======================================
I/BATT_ALG(  129): charging time: 1620000
I/BATT_ALG(  129): batt_alg_overtemp_check:temp:311, isOver_temp:0
I/BATT_ALG(  129): set_battery_voltage_alarm level=100, alarm_config=25, batt_alarm_config=25
I/BATT_ALG(  129): vol=4355;curr=21;dis_curr=0;temp=311;id=2;level=100;chg_src=1;chg_en=1;isOver_temp=0;timer=60;safety_count=0
E/Adreno200-ES20(11638): <process_gl_state_enables:456>: GL_INVALID_ENUM
D/dalvikvm(10115): GC_CONCURRENT freed 1814K, 41% free 3242K/5475K, paused 2ms+2ms
D/BatteryService(  240): updateBatteryStats ======================================
I/BATT_ALG(  129): charging time: 1680000
I/BATT_ALG(  129): batt_alg_overtemp_check:temp:310, isOver_temp:0
I/BATT_ALG(  129): set_battery_voltage_alarm level=100, alarm_config=25, batt_alarm_config=25
I/BATT_ALG(  129): vol=4352;curr=21;dis_curr=0;temp=310;id=2;level=100;chg_src=1;chg_en=1;isOver_temp=0;timer=60;safety_count=0
D/BatteryService(  240): UEvent updateBatteryStats
D/HtcPowerSaver(  240): Recived battery changed intent.
D/UsbnetService(  240): BroadcastReceiver::onReceive+
D/UsbnetService(  240): onReceive BATTERY_CHANGED
D/UsbnetService(  240):  --> pluggedType = 2, mPluggedType = 0, mScreenOff = true
D/UsbnetService(  240): BroadcastReceiver::onReceive-
D/HtcPowerSaver(  240): Checking...
I/HtcPowerSaver(  240): >> updateStatus
D/NotificationService(  240): mIntentReceiver() Intent.ACTION_BATTERY_CHANGED
D/PowerManagerService(  240): runHtcPowerSaverCheck ======================================
D/PowerUI (  335): closing low battery warning: level=100
D/PowerUI (  335): plugged = true, health = 2, mBatteryLevel = 100, mPluggedBatteryLevel = 78, mLowBatteryWarningLevel2 = 25, mshowLowChargingWarning2 = true
I/HtcPowerSaver(  240): currentStatus=8000, currentLevel=100, enableLevel=15, enable=false, popDialog=false, statusChangeTo=-1
I/HtcPowerSaver(  240): << updateStatus
D/WifiService(  240): ACTION_BATTERY_CHANGED pluggedType: 2
D/PackageManager(  240): Failed to get PackageInfo!, pkg:com.htc.demoflorebooter, flags:1
W/AlarmManager(  240): RXTXtriggerAlarmsLocked
W/ActivityManager(  240): Unable to start service Intent { act=com.google.android.apps.chrome.omaha.ACTION_REGISTER_REQUEST flg=0x4 cmp=com.chrome.beta/com.google.android.apps.chrome.omaha.OmahaPingService (has extras) }: not found
E/Adreno200-ES20(11638): <process_gl_state_enables:456>: GL_INVALID_ENUM
D/BatteryService(  240): updateBatteryStats ======================================
I/BATT_ALG(  129): charging time: 1740000
I/BATT_ALG(  129): batt_alg_set_charging: set charging: 0
I/BATT_ALG(  129): batt_alg_overtemp_check:temp:310, isOver_temp:0
I/BATT_ALG(  129): set_battery_voltage_alarm level=100, alarm_config=25, batt_alarm_config=25
I/BATT_ALG(  129): vol=4352;curr=21;dis_curr=0;temp=310;id=2;level=100;chg_src=1;chg_en=0;isOver_temp=0;timer=60;safety_count=0
D/BatteryService(  240): UEvent updateBatteryStats
E/Adreno200-ES20(11638): <process_gl_state_enables:456>: GL_INVALID_ENUM
D/BatteryService(  240): updateBatteryStats ======================================
I/BATT_ALG(  129): charging time: 1
I/BATT_ALG(  129): batt_alg_overtemp_check:temp:312, isOver_temp:0
I/BATT_ALG(  129): set_battery_voltage_alarm level=100, alarm_config=25, batt_alarm_config=25
I/BATT_ALG(  129): vol=4293;curr=0;dis_curr=171;temp=312;id=2;level=100;chg_src=1;chg_en=0;isOver_temp=0;timer=60;safety_count=0
D/BatteryService(  240): UEvent updateBatteryStats
D/HtcPowerSaver(  240): Recived battery changed intent.
D/UsbnetService(  240): BroadcastReceiver::onReceive+
D/UsbnetService(  240): onReceive BATTERY_CHANGED
D/UsbnetService(  240):  --> pluggedType = 2, mPluggedType = 0, mScreenOff = true
D/UsbnetService(  240): BroadcastReceiver::onReceive-
D/HtcPowerSaver(  240): Checking...
I/HtcPowerSaver(  240): >> updateStatus
D/NotificationService(  240): mIntentReceiver() Intent.ACTION_BATTERY_CHANGED
D/PowerManagerService(  240): runHtcPowerSaverCheck ======================================
I/HtcPowerSaver(  240): currentStatus=8000, currentLevel=100, enableLevel=15, enable=false, popDialog=false, statusChangeTo=-1
I/HtcPowerSaver(  240): << updateStatus
D/PowerUI (  335): closing low battery warning: level=100
D/PowerUI (  335): plugged = true, health = 2, mBatteryLevel = 100, mPluggedBatteryLevel = 78, mLowBatteryWarningLevel2 = 25, mshowLowChargingWarning2 = true
D/WifiService(  240): ACTION_BATTERY_CHANGED pluggedType: 2
D/PackageManager(  240): Failed to get PackageInfo!, pkg:com.htc.demoflorebooter, flags:1
E/Adreno200-ES20(11638): <process_gl_state_enables:456>: GL_INVALID_ENUM
D/BatteryService(  240): updateBatteryStats ======================================
I/BATT_ALG(  129): charging time: 1
I/BATT_ALG(  129): batt_alg_overtemp_check:temp:311, isOver_temp:0
I/BATT_ALG(  129): set_battery_voltage_alarm level=100, alarm_config=25, batt_alarm_config=25
I/BATT_ALG(  129): vol=4289;curr=0;dis_curr=167;temp=311;id=2;level=100;chg_src=1;chg_en=0;isOver_temp=0;timer=60;safety_count=0
D/BatteryService(  240): UEvent updateBatteryStats
D/HtcPowerSaver(  240): Recived battery changed intent.
D/UsbnetService(  240): BroadcastReceiver::onReceive+
D/UsbnetService(  240): onReceive BATTERY_CHANGED
D/UsbnetService(  240):  --> pluggedType = 2, mPluggedType = 0, mScreenOff = true
D/UsbnetService(  240): BroadcastReceiver::onReceive-
D/HtcPowerSaver(  240): Checking...
I/HtcPowerSaver(  240): >> updateStatus
D/NotificationService(  240): mIntentReceiver() Intent.ACTION_BATTERY_CHANGED
D/PowerManagerService(  240): runHtcPowerSaverCheck ======================================
I/HtcPowerSaver(  240): currentStatus=8000, currentLevel=100, enableLevel=15, enable=false, popDialog=false, statusChangeTo=-1
D/PowerUI (  335): closing low battery warning: level=100
D/PowerUI (  335): plugged = true, health = 2, mBatteryLevel = 100, mPluggedBatteryLevel = 78, mLowBatteryWarningLevel2 = 25, mshowLowChargingWarning2 = true
I/HtcPowerSaver(  240): << updateStatus
D/PackageManager(  240): Failed to get PackageInfo!, pkg:com.htc.demoflorebooter, flags:1
D/WifiService(  240): ACTION_BATTERY_CHANGED pluggedType: 2
E/Adreno200-ES20(11638): <process_gl_state_enables:456>: GL_INVALID_ENUM
D/BatteryService(  240): updateBatteryStats ======================================
I/BATT_ALG(  129): charging time: 1
I/BATT_ALG(  129): batt_alg_overtemp_check:temp:311, isOver_temp:0
I/BATT_ALG(  129): set_battery_voltage_alarm level=100, alarm_config=25, batt_alarm_config=25
I/BATT_ALG(  129): vol=4291;curr=0;dis_curr=151;temp=311;id=2;level=100;chg_src=1;chg_en=0;isOver_temp=0;timer=60;safety_count=0
D/BatteryService(  240): UEvent updateBatteryStats
D/HtcPowerSaver(  240): Recived battery changed intent.
D/UsbnetService(  240): BroadcastReceiver::onReceive+
D/UsbnetService(  240): onReceive BATTERY_CHANGED
D/UsbnetService(  240):  --> pluggedType = 2, mPluggedType = 0, mScreenOff = true
D/UsbnetService(  240): BroadcastReceiver::onReceive-
D/HtcPowerSaver(  240): Checking...
I/HtcPowerSaver(  240): >> updateStatus
D/NotificationService(  240): mIntentReceiver() Intent.ACTION_BATTERY_CHANGED
D/PowerManagerService(  240): runHtcPowerSaverCheck ======================================
I/HtcPowerSaver(  240): currentStatus=8000, currentLevel=100, enableLevel=15, enable=false, popDialog=false, statusChangeTo=-1
I/HtcPowerSaver(  240): << updateStatus
D/PowerUI (  335): closing low battery warning: level=100
D/PowerUI (  335): plugged = true, health = 2, mBatteryLevel = 100, mPluggedBatteryLevel = 78, mLowBatteryWarningLevel2 = 25, mshowLowChargingWarning2 = true
D/WifiService(  240): ACTION_BATTERY_CHANGED pluggedType: 2
D/PackageManager(  240): Failed to get PackageInfo!, pkg:com.htc.demoflorebooter, flags:1
E/Adreno200-ES20(11638): <process_gl_state_enables:456>: GL_INVALID_ENUM
D/BatteryService(  240): updateBatteryStats ======================================
I/BATT_ALG(  129): charging time: 1
I/BATT_ALG(  129): batt_alg_overtemp_check:temp:310, isOver_temp:0
I/BATT_ALG(  129): set_battery_voltage_alarm level=100, alarm_config=25, batt_alarm_config=25
I/BATT_ALG(  129): vol=4286;curr=0;dis_curr=151;temp=310;id=2;level=100;chg_src=1;chg_en=0;isOver_temp=0;timer=60;safety_count=0
D/BatteryService(  240): UEvent updateBatteryStats
D/HtcPowerSaver(  240): Recived battery changed intent.
D/UsbnetService(  240): BroadcastReceiver::onReceive+
D/UsbnetService(  240): onReceive BATTERY_CHANGED
D/UsbnetService(  240):  --> pluggedType = 2, mPluggedType = 0, mScreenOff = true
D/UsbnetService(  240): BroadcastReceiver::onReceive-
D/HtcPowerSaver(  240): Checking...
I/HtcPowerSaver(  240): >> updateStatus
D/NotificationService(  240): mIntentReceiver() Intent.ACTION_BATTERY_CHANGED
D/PowerManagerService(  240): runHtcPowerSaverCheck ======================================
I/HtcPowerSaver(  240): currentStatus=8000, currentLevel=100, enableLevel=15, enable=false, popDialog=false, statusChangeTo=-1
D/PowerUI (  335): closing low battery warning: level=100
D/PowerUI (  335): plugged = true, health = 2, mBatteryLevel = 100, mPluggedBatteryLevel = 78, mLowBatteryWarningLevel2 = 25, mshowLowChargingWarning2 = true
I/HtcPowerSaver(  240): << updateStatus
D/WifiService(  240): ACTION_BATTERY_CHANGED pluggedType: 2
D/PackageManager(  240): Failed to get PackageInfo!, pkg:com.htc.demoflorebooter, flags:1
D/dalvikvm( 7611): GC_CONCURRENT freed 1769K, 23% free 8269K/10723K, paused 4ms+8ms
W/AlarmManager(  240): RXTXtriggerAlarmsLocked
E/Adreno200-ES20(11638): <process_gl_state_enables:456>: GL_INVALID_ENUM
D/BatteryService(  240): updateBatteryStats ======================================
I/BATT_ALG(  129): charging time: 1
I/BATT_ALG(  129): batt_alg_overtemp_check:temp:310, isOver_temp:0
I/BATT_ALG(  129): set_battery_voltage_alarm level=100, alarm_config=25, batt_alarm_config=25
I/BATT_ALG(  129): vol=4280;curr=0;dis_curr=167;temp=310;id=2;level=100;chg_src=1;chg_en=0;isOver_temp=0;timer=60;safety_count=0
D/BatteryService(  240): UEvent updateBatteryStats
D/HtcPowerSaver(  240): Recived battery changed intent.
D/UsbnetService(  240): BroadcastReceiver::onReceive+
D/UsbnetService(  240): onReceive BATTERY_CHANGED
D/UsbnetService(  240):  --> pluggedType = 2, mPluggedType = 0, mScreenOff = true
D/UsbnetService(  240): BroadcastReceiver::onReceive-
D/HtcPowerSaver(  240): Checking...
I/HtcPowerSaver(  240): >> updateStatus
D/NotificationService(  240): mIntentReceiver() Intent.ACTION_BATTERY_CHANGED
D/PowerManagerService(  240): runHtcPowerSaverCheck ======================================
D/PowerUI (  335): closing low battery warning: level=100
D/PowerUI (  335): plugged = true, health = 2, mBatteryLevel = 100, mPluggedBatteryLevel = 78, mLowBatteryWarningLevel2 = 25, mshowLowChargingWarning2 = true
I/HtcPowerSaver(  240): currentStatus=8000, currentLevel=100, enableLevel=15, enable=false, popDialog=false, statusChangeTo=-1
I/HtcPowerSaver(  240): << updateStatus
D/WifiService(  240): ACTION_BATTERY_CHANGED pluggedType: 2
D/PackageManager(  240): Failed to get PackageInfo!, pkg:com.htc.demoflorebooter, flags:1
E/Adreno200-ES20(11638): <process_gl_state_enables:456>: GL_INVALID_ENUM
D/BatteryService(  240): updateBatteryStats ======================================
I/BATT_ALG(  129): charging time: 1
I/BATT_ALG(  129): batt_alg_overtemp_check:temp:309, isOver_temp:0
I/BATT_ALG(  129): set_battery_voltage_alarm level=100, alarm_config=25, batt_alarm_config=25
I/BATT_ALG(  129): vol=4282;curr=0;dis_curr=149;temp=309;id=2;level=100;chg_src=1;chg_en=0;isOver_temp=0;timer=60;safety_count=0
D/BatteryService(  240): UEvent updateBatteryStats
D/HtcPowerSaver(  240): Recived battery changed intent.
D/UsbnetService(  240): BroadcastReceiver::onReceive+
D/UsbnetService(  240): onReceive BATTERY_CHANGED
D/UsbnetService(  240):  --> pluggedType = 2, mPluggedType = 0, mScreenOff = true
D/UsbnetService(  240): BroadcastReceiver::onReceive-
D/HtcPowerSaver(  240): Checking...
I/HtcPowerSaver(  240): >> updateStatus
D/NotificationService(  240): mIntentReceiver() Intent.ACTION_BATTERY_CHANGED
D/PowerManagerService(  240): runHtcPowerSaverCheck ======================================
D/PowerUI (  335): closing low battery warning: level=100
I/HtcPowerSaver(  240): currentStatus=8000, currentLevel=100, enableLevel=15, enable=false, popDialog=false, statusChangeTo=-1
I/HtcPowerSaver(  240): << updateStatus
D/PowerUI (  335): plugged = true, health = 2, mBatteryLevel = 100, mPluggedBatteryLevel = 78, mLowBatteryWarningLevel2 = 25, mshowLowChargingWarning2 = true
D/WifiService(  240): ACTION_BATTERY_CHANGED pluggedType: 2
D/PackageManager(  240): Failed to get PackageInfo!, pkg:com.htc.demoflorebooter, flags:1
E/Adreno200-ES20(11638): <process_gl_state_enables:456>: GL_INVALID_ENUM
I/WSP     (10240): [Receiver] EVENT - ALARM MANAGER (AUTO-SYNC)
I/WSP     (10240): [SyncAdapter] EVENT - ACCOUNT MANAGER
D/SqliteDatabaseCpp(10240): DB info: open db, path = /data/data/com.htc.sync.provider.weather/databases , key = seYt`evwqjg, flag = 6, file size = 16384
D/SqliteDatabaseCpp(10240): DB info: path = /data/data/com.htc.sync.provider.weather/databases , key = seYt`evwqjg, handle: 0x1e401f8, type: w, r/w: (0,1), mode: truncate, disk free size: 242 M
D/WSP     (10240): response code: 200
D/WSP     (10240): response code: 200
D/dalvikvm(10240): GC_CONCURRENT freed 1341K, 31% free 3234K/4643K, paused 5ms+3ms
D/WSP     (10240): response code: 200
D/WSP     (10240): response code: 200
D/dalvikvm(10240): GC_CONCURRENT freed 1819K, 37% free 3266K/5155K, paused 4ms+6ms
I/EventLogService( 7766): Aggregate from 1363664599726 (log), 1363664599726 (data)
D/BatteryService(  240): updateBatteryStats ======================================
I/BATT_ALG(  129): charging time: 1
I/BATT_ALG(  129): batt_alg_overtemp_check:temp:309, isOver_temp:0
I/BATT_ALG(  129): set_battery_voltage_alarm level=99, alarm_config=25, batt_alarm_config=25
I/BATT_ALG(  129): vol=4280;curr=0;dis_curr=149;temp=309;id=2;level=99;chg_src=1;chg_en=0;isOver_temp=0;timer=60;safety_count=0
D/BatteryService(  240): UEvent updateBatteryStats
D/HtcPowerSaver(  240): Recived battery changed intent.
D/UsbnetService(  240): BroadcastReceiver::onReceive+
D/UsbnetService(  240): onReceive BATTERY_CHANGED
D/UsbnetService(  240):  --> pluggedType = 2, mPluggedType = 0, mScreenOff = true
D/UsbnetService(  240): BroadcastReceiver::onReceive-
D/HtcPowerSaver(  240): Checking...
I/HtcPowerSaver(  240): >> updateStatus
D/NotificationService(  240): mIntentReceiver() Intent.ACTION_BATTERY_CHANGED
D/PowerManagerService(  240): runHtcPowerSaverCheck ======================================
I/HtcPowerSaver(  240): currentStatus=8000, currentLevel=99, enableLevel=15, enable=false, popDialog=false, statusChangeTo=-1
D/PowerUI (  335): closing low battery warning: level=99
D/PowerUI (  335): plugged = true, health = 2, mBatteryLevel = 99, mPluggedBatteryLevel = 78, mLowBatteryWarningLevel2 = 25, mshowLowChargingWarning2 = true
I/HtcPowerSaver(  240): << updateStatus
D/WifiService(  240): ACTION_BATTERY_CHANGED pluggedType: 2
D/PackageManager(  240): Failed to get PackageInfo!, pkg:com.htc.demoflorebooter, flags:1
E/Adreno200-ES20(11638): <process_gl_state_enables:456>: GL_INVALID_ENUM
I/ActivityManager(  240): Start proc com.google.android.maps.mytracks for service com.google.android.maps.mytracks/com.google.android.apps.mytracks.services.RemoveTempFilesService: pid=11157 uid=10126 gids={3002, 3001, 3003, 1015}
D/dalvikvm(  115): GC_EXPLICIT freed 37K, 27% free 2765K/3743K, paused 10ms+2ms
I/ActivityThread(11157): Pub com.google.android.maps.mytracks.search: com.google.android.apps.mytracks.content.SearchEngineProvider
I/ActivityThread(11157): Pub com.google.android.maps.mytracks: com.google.android.apps.mytracks.content.MyTracksProvider
D/SqliteDatabaseCpp(11157): Registering sqlite logging func: /data/data/com.google.android.maps.mytracks/databases/mytracks.db
D/dalvikvm(  115): GC_EXPLICIT freed <1K, 27% free 2765K/3743K, paused 2ms+5ms
D/SqliteDatabaseCpp(11157): DB info: open db, path = /data/data/com.google.android.maps.mytracks/databases , key = mqtvYgow, flag = 6, file size = 1674240
D/SqliteDatabaseCpp(11157): DB info: path = /data/data/com.google.android.maps.mytracks/databases , key = mqtvYgow, handle: 0x193e1a8, type: w, r/w: (0,1), mode: truncate, disk free size: 242 M
D/Socket_Alarm(11157): registerHTCSocketMonitorCallBack
D/Socket_Alarm(11157): set mSocketMonitor
D/Socket_Alarm(11157): HTCSocketMonitorImpl::HTCSocketMonitorImpl
D/dalvikvm(  115): GC_EXPLICIT freed <1K, 27% free 2765K/3743K, paused 2ms+2ms
D/Process (  240): killProcessQuiet, pid=10186
D/Process (  240): dalvik.system.VMStack.getThreadStackTrace(Native Method)
D/Process (  240): java.lang.Thread.getStackTrace(Thread.java:599)
D/Process (  240): android.os.Process.killProcessQuiet(Process.java:818)
D/Process (  240): com.android.server.am.ActivityManagerService.updateOomAdjLocked(ActivityManagerService.java:15140)
D/Process (  240): com.android.server.am.ActivityManagerService.updateOomAdjLocked(ActivityManagerService.java:15033)
D/Process (  240): com.android.server.am.ActivityManagerService.serviceDoneExecutingLocked(ActivityManagerService.java:12266)
D/Process (  240): com.android.server.am.ActivityManagerService.serviceDoneExecuting(ActivityManagerService.java:12236)
D/Process (  240): android.app.ActivityManagerNative.onTransact(ActivityManagerNative.java:723)
D/Process (  240): com.android.server.am.ActivityManagerService.onTransact(ActivityManagerService.java:1706)
D/Process (  240): android.os.Binder.execTransact(Binder.java:338)
D/Process (  240): dalvik.system.NativeStart.run(Native Method)
I/ActivityManager(  240): No longer want com.htc.sdm (pid 10186): hidden #16, adj=15
I/CarouselTimeLog(29462): onStart() finish: 1363666470624
D/ActivityManager(  240): Config after re-evaluted by window manager: null
D/CarouselDummyActivity(29462): CarouselDummyActivity.onResume: tab_allapps
D/UnlockAnimator(29462): setFrame: unlock_to_03
D/CAT     (  487): CatService: Return current sInstance
D/CAT     (  487): CatService: Return current sInstance
D/OpenGLRenderer(29462): Flushing caches (mode 2)
D/BatteryService(  240): updateBatteryStats ======================================
I/BATT_ALG(  129): charging time: 1
I/BATT_ALG(  129): batt_alg_overtemp_check:temp:309, isOver_temp:0
I/BATT_ALG(  129): set_battery_voltage_alarm level=99, alarm_config=25, batt_alarm_config=25
I/BATT_ALG(  129): vol=4275;curr=0;dis_curr=151;temp=309;id=2;level=99;chg_src=1;chg_en=0;isOver_temp=0;timer=60;safety_count=0
D/BatteryService(  240): UEvent updateBatteryStats
D/HtcPowerSaver(  240): Recived battery changed intent.
D/UsbnetService(  240): BroadcastReceiver::onReceive+
D/UsbnetService(  240): onReceive BATTERY_CHANGED
D/UsbnetService(  240):  --> pluggedType = 2, mPluggedType = 0, mScreenOff = true
D/UsbnetService(  240): BroadcastReceiver::onReceive-
D/HtcPowerSaver(  240): Checking...
I/HtcPowerSaver(  240): >> updateStatus
D/NotificationService(  240): mIntentReceiver() Intent.ACTION_BATTERY_CHANGED
D/PowerManagerService(  240): runHtcPowerSaverCheck ======================================
D/PowerUI (  335): closing low battery warning: level=99
I/HtcPowerSaver(  240): currentStatus=8000, currentLevel=99, enableLevel=15, enable=false, popDialog=false, statusChangeTo=-1
I/HtcPowerSaver(  240): << updateStatus
D/PowerUI (  335): plugged = true, health = 2, mBatteryLevel = 99, mPluggedBatteryLevel = 78, mLowBatteryWarningLevel2 = 25, mshowLowChargingWarning2 = true
D/WifiService(  240): ACTION_BATTERY_CHANGED pluggedType: 2
D/PackageManager(  240): Failed to get PackageInfo!, pkg:com.htc.demoflorebooter, flags:1
E/Adreno200-ES20(11638): <process_gl_state_enables:456>: GL_INVALID_ENUM
D/dalvikvm(10115): GC_CONCURRENT freed 1743K, 41% free 3244K/5475K, paused 1ms+2ms
D/BatteryService(  240): updateBatteryStats ======================================
I/BATT_ALG(  129): charging time: 1
I/BATT_ALG(  129): batt_alg_overtemp_check:temp:309, isOver_temp:0
I/BATT_ALG(  129): set_battery_voltage_alarm level=99, alarm_config=25, batt_alarm_config=25
I/BATT_ALG(  129): vol=4275;curr=0;dis_curr=151;temp=309;id=2;level=99;chg_src=1;chg_en=0;isOver_temp=0;timer=60;safety_count=0
D/dalvikvm( 7611): GC_CONCURRENT freed 1976K, 25% free 8133K/10723K, paused 4ms+6ms
W/AlarmManager(  240): RXTXtriggerAlarmsLocked
E/Adreno200-ES20(11638): <process_gl_state_enables:456>: GL_INVALID_ENUM
D/BatteryService(  240): updateBatteryStats ======================================
I/BATT_ALG(  129): charging time: 1
I/BATT_ALG(  129): batt_alg_overtemp_check:temp:309, isOver_temp:0
I/BATT_ALG(  129): set_battery_voltage_alarm level=99, alarm_config=25, batt_alarm_config=25
