D/BatteryService(  240): UEvent updateBatteryStats
D/HtcPowerSaver(  240): Recived battery changed intent.
D/UsbnetService(  240): BroadcastReceiver::onReceive+
D/UsbnetService(  240): onReceive BATTERY_CHANGED
D/UsbnetService(  240):  --> pluggedType = 0, mPluggedType = 0, mScreenOff = true
D/UsbnetService(  240): BroadcastReceiver::onReceive-
D/HtcPowerSaver(  240): Checking...
I/HtcPowerSaver(  240): >> updateStatus
D/NotificationService(  240): mIntentReceiver() Intent.ACTION_BATTERY_CHANGED
D/WifiService(  240): ACTION_BATTERY_CHANGED pluggedType: 0
D/PowerManagerService(  240): runHtcPowerSaverCheck ======================================
D/PowerUI (  335): plugged = false, health = 2, mBatteryLevel = 83, mPluggedBatteryLevel = 83, mLowBatteryWarningLevel2 = 25, mshowLowChargingWarning2 = true
I/HtcPowerSaver(  240): currentStatus=8000, currentLevel=83, enableLevel=15, enable=false, popDialog=false, statusChangeTo=-1
I/HtcPowerSaver(  240): << updateStatus
D/PackageManager(  240): Failed to get PackageInfo!, pkg:com.htc.demoflorebooter, flags:1
I/ActivityManager(  240): No longer want com.htc.reportagent (pid 15800): hidden #16, adj=15
D/Process (  240): killProcessQuiet, pid=15800
D/Process (  240): dalvik.system.VMStack.getThreadStackTrace(Native Method)
D/Process (  240): java.lang.Thread.getStackTrace(Thread.java:599)
D/Process (  240): android.os.Process.killProcessQuiet(Process.java:818)
D/Process (  240): com.android.server.am.ActivityManagerService.updateOomAdjLocked(ActivityManagerService.java:15140)
D/Process (  240): com.android.server.am.ActivityManagerService.updateOomAdjLocked(ActivityManagerService.java:15033)
D/Process (  240): com.android.server.am.ActivityManagerService.serviceDoneExecutingLocked(ActivityManagerService.java:12266)
D/Process (  240): com.android.server.am.ActivityManagerService.serviceDoneExecuting(ActivityManagerService.java:12236)
D/Process (  240): android.app.ActivityManagerNative.onTransact(ActivityManagerNative.java:723)
D/Process (  240): com.android.server.am.ActivityManagerService.onTransact(ActivityManagerService.java:1706)
D/Process (  240): android.os.Binder.execTransact(Binder.java:338)
D/Process (  240): dalvik.system.NativeStart.run(Native Method)
D/ActivityManager(  240): Config after re-evaluted by window manager: null
I/ActivityManager(  240): Start proc com.twitter.android for service com.twitter.android/.client.AppService: pid=16500 uid=10021 gids={3003, 1015}
I/dalvikvm(16500): Turning on JNI app bug workarounds for target SDK version 11...
I/ActivityThread(16500): Pub com.twitter.android.provider.GlobalDatabaseProvider: com.twitter.android.provider.GlobalDatabaseProvider
I/ActivityThread(16500): Pub com.twitter.android.provider.TwitterProvider: com.twitter.android.provider.TwitterProvider
D/Process (  240): killProcessQuiet, pid=16165
D/Process (  240): dalvik.system.VMStack.getThreadStackTrace(Native Method)
D/Process (  240): java.lang.Thread.getStackTrace(Thread.java:599)
D/Process (  240): android.os.Process.killProcessQuiet(Process.java:818)
D/Process (  240): com.android.server.am.ActivityManagerService.updateOomAdjLocked(ActivityManagerService.java:15140)
D/Process (  240): com.android.server.am.ActivityManagerService.updateOomAdjLocked(ActivityManagerService.java:15033)
D/Process (  240): com.android.server.am.ActivityManagerService.serviceDoneExecutingLocked(ActivityManagerService.java:12266)
D/Process (  240): com.android.server.am.ActivityManagerService.serviceDoneExecuting(ActivityManagerService.java:12236)
D/Process (  240): android.app.ActivityManagerNative.onTransact(ActivityManagerNative.java:723)
D/Process (  240): com.android.server.am.ActivityManagerService.onTransact(ActivityManagerService.java:1706)
D/Process (  240): android.os.Binder.execTransact(Binder.java:338)
D/Process (  240): dalvik.system.NativeStart.run(Native Method)
I/ActivityManager(  240): No longer want com.google.android.apps.uploader (pid 16165): hidden #16, adj=15
W/ContentService(  240): binderDied() at ObserverNode
D/ActivityManager(  240): Config after re-evaluted by window manager: null
I/BATT_ALG(  129): batt_alg_cable_detection: cable detection handler, charging source = 1
I/BATT_MAIN(  129): acquire battery wakelock
I/BATT_ALG(  129): batt_alg_check_charging: charging_source = 1,  isOver_temp = 0
I/BATT_ALG(  129): batt_alg_set_charging: set charging: 1
D/BatteryService(  240): UEvent updateBatteryStats
D/BatteryService_ULog(  240): ULogForBatteryChargingStateChange(83,2) is called
D/BatteryService_ULog(  240): charger=on,battery_power=83
D/PackageManager(  240): Failed to get PackageInfo!, pkg:com.htc.demoflorebooter, flags:1
D/BatteryService(  240): duration: 2748934 discharge: 2
D/PowerUI (  335): closing low battery warning: level=83
D/PowerUI (  335): plugged = true, health = 2, mBatteryLevel = 83, mPluggedBatteryLevel = 83, mLowBatteryWarningLevel2 = 25, mshowLowChargingWarning2 = true
W/PowerUI (  335): unknown intent: Intent { act=android.intent.action.ACTION_POWER_CONNECTED flg=0x10000010 }
D/HtcPowerSaver(  240): Recived battery changed intent.
D/UsbnetService(  240): BroadcastReceiver::onReceive+
D/UsbnetService(  240): onReceive BATTERY_CHANGED
D/UsbnetService(  240):  --> pluggedType = 2, mPluggedType = 0, mScreenOff = true
D/UsbnetService(  240): BroadcastReceiver::onReceive-
D/lights  (  240): [LedInfo] write attr ok name=/sys/class/leds/amber/brightness string=1,len=1
D/lights  (  240): [LedInfo] write attr ok name=/sys/class/leds/amber/blink string=0,len=1
D/lights  (  240): [LedInfo] write attr ok name=/sys/class/leds/amber/off_timer string=0 0,len=3
D/lights  (  240): [LedInfo] write attr ok name=/sys/class/leds/green/brightness string=0,len=1
D/lights  (  240): [LedInfo] write attr ok name=/sys/class/leds/green/blink string=0,len=1
D/lights  (  240): [LedInfo] write attr ok name=/sys/class/leds/green/off_timer string=0 0,len=3
D/HtcPowerSaver(  240): Checking...
I/HtcPowerSaver(  240): >> updateStatus
D/SensorManager(  240): [SensorManager] registerListener: delay = 1000000
D/SensorService(  240): enable: get sensor name = CM3602 Light sensor
D/NotificationService(  240): mIntentReceiver() Intent.ACTION_BATTERY_CHANGED
V/NotificationService(  240): Charging...
D/WifiService(  240): ACTION_BATTERY_CHANGED pluggedType: 2
D/PowerManagerService(  240): runHtcPowerSaverCheck ======================================
D/SensorService(  240): SensorDevice::activate--: handle = 0x8, enabled = 0x1
D/SensorService(  240): pid=240, uid=1000
D/PowerManagerService(  240): setScreenStateLocked: on=true
I/power   (  240): *** set_screen_state 1
D/PowerManagerService(  240): Power.setScreenState: err=0
D/PowerManagerService(  240): New lightsensor value:10, lcdValue:83
D/PowerManagerService(  240): lightSensorChangedLocked, buttonValue >= 0, mPowerState = 3
D/lights  (  240): set_light_buttons_func: on=16777215 brightness=255
I/HtcPowerSaver(  240): currentStatus=8000, currentLevel=83, enableLevel=15, enable=false, popDialog=false, statusChangeTo=-1
I/HtcPowerSaver(  240): << updateStatus
D/PowerManagerService(  240): button light setOrientation:-1
D/PowerManagerService(  240): ActivityManagerNative.getDefault().wakingUp();
D/BatteryService(  240): UEvent updateBatteryStats
D/FlexNetS(15525): CampNetworkInWhiteBlackList had check current PLMN =46692
V/KeyguardViewMediator(  240): password timeout now
D/ActivityManager(  240): Config after re-evaluted by window manager: null
D/StatusBarManagerService(  240): disable what =16777216, token = android.os.Binder@40fa3d58, pkg = android, mBar = com.android.internal.statusbar.IStatusBar$Stub$Proxy@41353ca8
I/WindowManager(  240): Lock screen displayed!
D/PackageManager(  240): Failed to get PackageInfo!, pkg:com.htc.demoflorebooter, flags:1
D/BatteryService(  240): UEvent updateBatteryStats
D/HtcPowerSaver(  240): Recived battery changed intent.
D/HtcPowerSaver(  240): Checking...
I/HtcPowerSaver(  240): >> updateStatus
I/HtcPowerSaver(  240): currentStatus=8000, currentLevel=83, enableLevel=15, enable=false, popDialog=false, statusChangeTo=-1
I/HtcPowerSaver(  240): << updateStatus
D/PowerManagerService(  240): runHtcPowerSaverCheck ======================================
D/UsbnetService(  240): BroadcastReceiver::onReceive+
D/UsbnetService(  240): onReceive BATTERY_CHANGED
D/UsbnetService(  240):  --> pluggedType = 2, mPluggedType = 0, mScreenOff = true
D/UsbnetService(  240): BroadcastReceiver::onReceive-
D/lights  (  240): [LedInfo] write attr ok name=/sys/class/leds/amber/brightness string=1,len=1
D/lights  (  240): [LedInfo] write attr ok name=/sys/class/leds/amber/blink string=0,len=1
D/lights  (  240): [LedInfo] write attr ok name=/sys/class/leds/amber/off_timer string=0 0,len=3
D/lights  (  240): [LedInfo] write attr ok name=/sys/class/leds/green/brightness string=0,len=1
D/lights  (  240): [LedInfo] write attr ok name=/sys/class/leds/green/blink string=0,len=1
D/lights  (  240): [LedInfo] write attr ok name=/sys/class/leds/green/off_timer string=0 0,len=3
D/NotificationService(  240): mIntentReceiver() Intent.ACTION_BATTERY_CHANGED
V/NotificationService(  240): Charging...
D/WifiService(  240): ACTION_BATTERY_CHANGED pluggedType: 2
D/dalvikvm(11638): GC_EXPLICIT freed 186K, 49% free 3327K/6435K, paused 5ms+4ms
V/UsbDeviceManager(  240): [USBNET] USB UEVENT: {USB_STATE=CONNECTED, SUBSYSTEM=android_usb, DEVPATH=/devices/virtual/android_usb/android0, SEQNUM=113499, ACTION=change}
I/Vold    (  110): mount CDROM, USB_STATE=CONNECTED
W/Vold    (  110): Cannot open ISO file
D/PowerUI (  335): closing low battery warning: level=83
D/PowerUI (  335): plugged = true, health = 2, mBatteryLevel = 83, mPluggedBatteryLevel = 83, mLowBatteryWarningLevel2 = 25, mshowLowChargingWarning2 = true
W/TelephonyManager(15525): Hidden constructor called more than once per process!
W/TelephonyManager(15525): Original: com.htc.flexnet, new: com.htc.flexnet
V/FlexNetS(15525): onStartCommand() android.intent.action.ACTION_POWER_CONNECTED
V/FlexNetS(15525): handleCommand_AutoMode action: android.intent.action.ACTION_POWER_CONNECTED
D/FlexNetS(15525): cancelTimer: ACTION_SWITCH_TO_GSM_ONLY_MODE
V/FlexNetS(15525): setRilHandOverW2GEnable: 0
D/HtcTelephonyManager(15525): enablePS_W2G_Handover()
I/ActivityManager(  240): Start proc com.htc.reportagent for broadcast com.htc.reportagent/.receiver.ReportAgentReceiver: pid=16516 uid=10042 gids={3003, 1007}
D/SurfaceFlinger(  114): Screen about to return, flinger = 0x4e29b0
I/SurfaceFlinger(  114): void android::SurfaceFlinger::updateHwcHDMI(bool) en=0
D/UsbDeviceManager(  240): [USBNET] handleMessage: 0; mConnected=false, mConfiguration=false
W/Vold    (  110): USB connected
W/Vold    (  110): Share method ums now available
I/MyReportAgent(16516): ReportAgentReceiver [onReceive] android.intent.action.ACTION_POWER_CONNECTED
V/UsbDeviceManager(  240): [USBNET] USB UEVENT: {USB_STATE=CONFIGURED, SUBSYSTEM=android_usb, DEVPATH=/devices/virtual/android_usb/android0, SEQNUM=113500, ACTION=change}
V/UsbDeviceManager(  240): [USBNET] USB UEVENT: {SUBSYSTEM=switch, SWITCH_STATE=1, DEVPATH=/devices/virtual/switch/usb_connect2pc, SEQNUM=113501, ACTION=change, SWITCH_NAME=usb_connect2pc}
D/UsbDeviceManager(  240): [USBNET] update2: 5,0
I/MountService(  240): onEvent:: raw= 620 Share method ums now available cooked =  620 Share method ums now available
D/Process (  240): killProcessQuiet, pid=16180
D/Process (  240): dalvik.system.VMStack.getThreadStackTrace(Native Method)
I/StorageNotification(  335): UMS connection changed to true (media state mounted)
D/MountService(  240): sharing = 0 
I/ActivityManager(  240): No longer want com.htc.cs (pid 16180): hidden #16, adj=15
D/Process (  240): java.lang.Thread.getStackTrace(Thread.java:599)
D/Process (  240): android.os.Process.killProcessQuiet(Process.java:818)
D/Process (  240): com.android.server.am.ActivityManagerService.updateOomAdjLocked(ActivityManagerService.java:15140)
D/Process (  240): com.android.server.am.ActivityManagerService.updateLruProcessInternalLocked(ActivityManagerService.java:1934)
D/Process (  240): com.android.server.am.ActivityManagerService.updateLruProcessLocked(ActivityManagerService.java:1941)
D/Process (  240): com.android.server.am.ActivityManagerService.processCurBroadcastLocked(ActivityManagerService.java:13338)
D/Process (  240): com.android.server.am.ActivityManagerService.processNextBroadcast(ActivityManagerService.java:13763)
D/Process (  240): com.android.server.am.ActivityManagerService.finishReceiver(ActivityManagerService.java:13166)
D/Process (  240): android.app.ActivityManagerNative.onTransact(ActivityManagerNative.java:336)
D/Process (  240): com.android.server.am.ActivityManagerService.onTransact(ActivityManagerService.java:1706)
D/Process (  240): android.os.Binder.execTransact(Binder.java:338)
D/Process (  240): dalvik.system.NativeStart.run(Native Method)
D/MP-Decision(  689): UP Nw:2.700000 Tw:180 rq:7.900000 seq:297
V/MyReportAgent(16516): ReportAgentReceiver Recv Intent: Intent { act=android.intent.action.ACTION_POWER_CONNECTED flg=0x10000010 cmp=com.htc.reportagent/.receiver.ReportAgentReceiver }
D/MyReportAgent(16516): android.intent.action.ACTION_POWER_CONNECTED
D/MyReportAgent(16516): ReportService [##] onCreate(), this = com.htc.reportagent.ReportService@40d67120
D/MyReportAgent(16516): ReportService [##] onStartCommand(), flags = 2, startId = 1, intent = Intent { act=android.intent.action.ACTION_POWER_CONNECTED flg=0x10000010 cmp=com.htc.reportagent/.ReportService }, this = com.htc.reportagent.ReportService@40d67120
D/AlarmManager(  240): ACTION_SCREEN_ON
I/InputManagerService(  240): Receive : Intent.ACTION_SCREEN_ON
D/UsbnetService(  240): BroadcastReceiver::onReceive+
D/UsbnetService(  240): onReceive SCREEN_ON
D/UsbnetService(  240): BroadcastReceiver::onReceive-
I/InputManagerService(  240): Enable input method client.
D/AudioSystem(  240): AudioSystem::get_audio_flinger() in at 53
D/AudioSystem(  240): gLock get at 55
D/AudioSystem(  240): leave AudioSystem::get_audio_flinger() at 81
D/UsbDeviceManager(  240): sendStickyBroadcast ACTION_USB_STATE: true,false
D/UsbDeviceManager(  240): [USBNET] handleMessage: 0; mConnected=true, mConfiguration=false
D/Tethering(  240): got USB_STATE change: usbConnected=true, mRndisEnabled=false, mUsbTetherRequested=false
D/Tethering(  240): got USB_STATE change: usbConnected=true, mRndisEnabled=false, mUsbTetherRequested=false
D/UsbnetService(  240): BroadcastReceiver::onReceive+
D/UsbnetService(  240): onReceive ACTION_USB_STATE: true
D/UsbnetService(  240): BroadcastReceiver::onReceive-
D/UsbnetService(  240): BroadcastReceiver::onReceive+
D/UsbnetService(  240): onReceive ACTION_USB_STATE: true
D/UsbnetService(  240): BroadcastReceiver::onReceive-
D/UsbDeviceManager(  240): sendStickyBroadcast ACTION_USB_STATE: true,true
D/ConnectivityService(  240): onUidRulesChanged(uid=10035, uidRules=0)
D/UsbDeviceManager(  240): [USBNET] handleMessage: 5; mConnected=true, mConfiguration=true
D/UsbDeviceManager(  240): [USBNET] sendStickyBroadcast ACTION_USB_CONNECT2PC: 1
D/UPolicy (16516): IUserBehaviorLoggingService reference is gotten !
D/PhoneStatusBarPolicy(  335): ServiceState ss: 0
D/PhoneStatusBarPolicy(  335): Network Type: 3
D/WifiService(  240): ACTION_SCREEN_ON
D/TileRenderer(  335): glEndTilingQCOM: 0x502
D/WifiStateMachine(  240): fetchRssiAndLinkSpeedNative send RSSIChange intent, newSignalLevel =2mLastSignalLevel = -1
D/FlexNetS(15525): CampNetworkInWhiteBlackList had check current PLMN =46692
W/TelephonyManager(15525): Hidden constructor called more than once per process!
W/TelephonyManager(15525): Original: com.htc.flexnet, new: com.htc.flexnet
V/FlexNetS(15525): onStartCommand() ALARM_FRAMEWORK_BROADCAST_ACTION_SCREEN_ON
V/FlexNetS(15525): handleCommand_AutoMode action: ALARM_FRAMEWORK_BROADCAST_ACTION_SCREEN_ON
D/TileRenderer(  335): glEndTilingQCOM: 0x502
I/ActivityManager(  240): Start proc android.process.media for broadcast com.android.providers.media/.UsbReceiver: pid=16539 uid=10046 gids={1015, 1023, 1024, 5001, 5002, 2001, 3003, 3007}
D/TileRenderer(  335): glEndTilingQCOM: 0x502
D/SqliteDatabaseCpp(  240): DB info: open db, path = /data/system , key = uwevfe`Yrakv, flag = 6, file size = 14336
D/MyReportAgent(16516): ReportServiceHandler Detect power connected intent
D/MyReportAgent(16516): ReportServiceHandler Power is changed from not connected to connected
D/TileRenderer(  335): glEndTilingQCOM: 0x502
D/TileRenderer(  335): glEndTilingQCOM: 0x502
I/ActivityThread(16539): Pub downloads: com.android.providers.downloads.DownloadProvider
D/TileRenderer(  335): glEndTilingQCOM: 0x502
I/ActivityThread(16539): Pub drm: com.android.providers.drm.DrmProvider
I/DownloadManager(16539): in removeSpuriousFiles
D/SqliteDatabaseCpp(16539): Registering sqlite logging func: /data/data/com.android.providers.downloads/databases/downloads.db
I/ActivityThread(16539): Pub media: com.android.providers.media.MediaProvider
D/SqliteDatabaseCpp(16539): DB info: open db, path = /data/data/com.android.providers.downloads/databases , key = dksjlkYdw, flag = 6, file size = 22528
D/SqliteDatabaseCpp(16539): DB info: path = /data/data/com.android.providers.downloads/databases , key = dksjlkYdw, handle: 0x193e1a8, type: w, r/w: (0,1), mode: wal, disk free size: 184 M
I/DownloadManager(16539): in removeSpuriousFiles, preserving file /mnt/sdcard/download/OTA_SHOOTER_U_ICS_35_S_hTC_Asia_TW_3.28.709.3-1.23.709.7_release_270768lumbc2sewgzkyykd.zip
I/DownloadManager(16539): in removeSpuriousFiles, preserving file /mnt/sdcard/Download/RPG-Grinsia-v1.1.3-Gamestouch.net-.apk
I/DownloadManager(16539): in removeSpuriousFiles, preserving file /mnt/sdcard/Download/d_049813.lzh
I/DownloadManager(16539): in removeSpuriousFiles, preserving file /mnt/sdcard/Download/demoinfo2.zip
I/DownloadManager(16539): in removeSpuriousFiles, preserving file /mnt/sdcard/Download/OpenCV-2.4.2.tar.bz2
I/DownloadManager(16539): in removeSpuriousFiles, preserving file /mnt/sdcard/Download/LearningOpenCV_Code.zip
I/DownloadManager(16539): in removeSpuriousFiles, preserving file /mnt/sdcard/Download/gobook.pdf
I/DownloadManager(16539): in removeSpuriousFiles, preserving file /mnt/sdcard/Download/Lawson_gsas.harvard_0084L_10577.pdf
I/DownloadManager(16539): in removeSpuriousFiles, preserving file /mnt/sdcard/Download/SQLagent v1.0 SD 20121118.rar
I/DownloadManager(16539): in removeSpuriousFiles, preserving file /mnt/sdcard/Download/d_053495.zip
I/DownloadManager(16539): in removeSpuriousFiles, preserving file /mnt/sdcard/Download/Droid2600-16.apk
I/DownloadManager(16539): in removeSpuriousFiles, preserving file /mnt/sdcard/Download/PiTP - 2009 - Monday, July 13, 2009 - Kernighan.lo.mp4
I/DownloadManager(16539): in removeSpuriousFiles, preserving file /mnt/sdcard/Download/download.mp4
I/DownloadManager(16539): in removeSpuriousFiles, preserving file /mnt/sdcard/Download/.bin
I/DownloadManager(16539): in removeSpuriousFiles, preserving file /mnt/sdcard/Download/AdMob_-_Site_&_App_Reporting_2013-01-21_2013-02-20.csv
I/DownloadManager(16539): deleting spurious file /cache/@pm@.data
D/SqliteDatabaseCpp(16539): DB info: open db, path = /data/data/com.android.providers.media/databases , key = eptevjYl-1()24eb0, flag = 6, file size = 2705408
W/MountService(  240): getVolumeState(/mnt/sdcard/ext_sd): Unknown volume
D/UsbConnectedReceiver( 6195): action = android.hardware.usb.action.USB_CONNECT2PC
D/PSCommon( 6195): state = 0
D/PSCommon( 6195): status = offline
D/PSCommon( 6195): -initialDefaultSettingForFota()
D/PSCommon( 6195): Don't need to initial.
D/UsbConnectedReceiver( 6195): USB Connected.
D/PSCommon( 6195): isMFGBuild() = false
D/SqliteDatabaseCpp(  240): DB info: path = /data/system , key = uwevfe`Yrakv, handle: 0x32a6a48, type: w, r/w: (0,1), mode: truncate, disk free size: 184 M
D/PSCommon( 6195): isMFGBuild() = false
I/ActivityManager(  240): Start proc com.android.settings for broadcast com.android.settings/.PSReceiver: pid=16557 uid=1000 gids={1015, 3002, 3001, 3003, 5001, 5004, 5003, 3007, 3006, 2001, 1007}
D/PSCommon( 6195): -enableChargeOnly() -from:3
D/PSCommon( 6195): usb_cable_connect = 1
I/ActivityThread(16557): Pub com.android.settings.provider.suggestion: com.android.settings.framework.search.SuggestionProvider
I/ActivityThread(16557): Pub framework.activity.powersaver: com.android.settings.framework.activity.powersaver.SmartSyncProvider
I/ActivityThread(16557): Pub com.android.settings.provider.cdmasettings: com.android.settings.HtcCdmaSettingsProvider
D/HtcCdmaSettingsProvider(16557): onCreate !
D/WifiStateMachine(  240): [DriverStartedState] CMD_START_DRIVER
D/WifiService(  240): Got ACTION_UPDATE_WIFI_STATE
D/WifiService(  240): updateWifiState(): disable hotspot
D/WifiService(  240): updateWifiState(): enable and start wifi
D/TileRenderer(  335): glEndTilingQCOM: 0x502
W/AlarmManager(  240): RemoveAPPAlarmPendingIntent has no PendingIntent operation
W/AlarmManager(  240): RemoveAPPAlarmPendingIntent has no PendingIntent operation
W/AlarmManager(  240): RemoveAPPAlarmPendingIntent has no PendingIntent operation
W/AlarmManager(  240): RemoveAPPAlarmPendingIntent has no PendingIntent operation
D/TileRenderer(  335): glEndTilingQCOM: 0x502
D/PSReceiver(16557): onReceive : android.hardware.usb.action.USB_CONNECT2PC
D/TileRenderer(  335): glEndTilingQCOM: 0x502
D/UserBehaviorLoggingService(  240): sync count=0
D/PSReceiver(16557): USB Plugged, Set USBPlugged=  true
D/SmartSyncDataLinkTurnOffReceiver(16338): DataLink: SMARTSYNC_SERVICE_BROADCAST_SCREEN_ON 
D/SqliteDatabaseCpp(  240): DB info: close db, path = /data/system , key = uwevfe`Yrakv, handle = 0x32a6a48, type = w, r/w = (0, 0)
D/SqliteDatabaseCpp(  240): DB info: open db, path = /data/system , key = uwevfe`Yrakv, flag = 6, file size = 14336
I/MLReceiver(16557): customizedML:false
D/TileRenderer(  335): glEndTilingQCOM: 0x502
I/MLReceiver(16557): sp customizedML:false
I/MLReceiver(16557): customizedNS2:truecustomizedML2:false
I/MLReceiver(16557): LAN Type:false ML Type:true
I/MLReceiver(16557): IS Type:true IS_ML:false
D/TileRenderer(  335): glEndTilingQCOM: 0x502
I/NetSharing_NSReceiver(16557): customizedNS:true
I/NetSharing_NSReceiver(16557): sp customizedNS:true
I/NetSharing_NSReceiver(16557): customizedNS2:truecustomizedML2:false
I/NetSharing_NSReceiver(16557): LAN Type:false ML Type:true
I/NetSharing_NSReceiver(16557): IS Type:true IS_ML:false
D/TileRenderer(  335): glEndTilingQCOM: 0x502
D/NetSharing_NSReceiver(16557): onReceive : com.htc.usb.change
D/NetSharing_NSReceiver(16557): USB = true hasTethered = false
D/SqliteDatabaseCpp(  240): DB info: path = /data/system , key = uwevfe`Yrakv, handle: 0x2fd00c0, type: w, r/w: (0,1), mode: truncate, disk free size: 184 M
D/TileRenderer(  335): glEndTilingQCOM: 0x502
D/UserBehaviorLoggingService(  240): sync count=0
D/TileRenderer(  335): glEndTilingQCOM: 0x502
D/SqliteDatabaseCpp(  240): DB info: close db, path = /data/system , key = uwevfe`Yrakv, handle = 0x2fd00c0, type = w, r/w = (0, 0)
D/TileRenderer(  335): glEndTilingQCOM: 0x502
D/SqliteDatabaseCpp(  240): DB info: open db, path = /data/system , key = uwevfe`Yrakv, flag = 6, file size = 14336
D/SqliteDatabaseCpp(  240): DB info: path = /data/system , key = uwevfe`Yrakv, handle: 0x31fab78, type: w, r/w: (0,1), mode: truncate, disk free size: 184 M
D/TileRenderer(  335): glEndTilingQCOM: 0x502
D/SqliteDatabaseCpp(16539): DB info: path = /data/data/com.android.providers.media/databases , key = eptevjYl-1()24eb0, handle: 0x197a330, type: w, r/w: (0,1), mode: truncate, disk free size: 184 M
D/TileRenderer(  335): glEndTilingQCOM: 0x502
D/TileRenderer(  335): glEndTilingQCOM: 0x502
D/SqliteDatabaseCpp(  240): DB info: close db, path = /data/system , key = uwevfe`Yrakv, handle = 0x31fab78, type = w, r/w = (0, 0)
D/TileRenderer(  335): glEndTilingQCOM: 0x502
D/TileRenderer(  335): glEndTilingQCOM: 0x502
D/TileRenderer(  335): glEndTilingQCOM: 0x502
D/dalvikvm(16500): GC_CONCURRENT freed 1018K, 25% free 3509K/4643K, paused 2ms+2ms
D/dalvikvm(14491): GC_CONCURRENT freed 1776K, 38% free 3413K/5475K, paused 1ms+2ms
D/MP-Decision(  689): DOWN Ns:2.100000 Ts:270 rq:1.000000 seq:307 (Up time:1530)
D/dalvikvm(16500): GC_CONCURRENT freed 1406K, 29% free 3889K/5411K, paused 2ms+2ms
D/dalvikvm(16500): GC_CONCURRENT freed 1443K, 27% free 4256K/5795K, paused 2ms+2ms
D/dalvikvm(16500): GC_CONCURRENT freed 1366K, 25% free 4633K/6115K, paused 2ms+2ms
D/SqliteDatabaseCpp(16500): Registering sqlite logging func: /data/data/com.twitter.android/databases/16005039.db
D/SqliteDatabaseCpp(16500): DB info: open db, path = /data/data/com.twitter.android/databases , key = )2((5(71, flag = 6, file size = 353280
D/SqliteDatabaseCpp(16500): DB info: path = /data/data/com.twitter.android/databases , key = )2((5(71, handle: 0x193e1a8, type: w, r/w: (0,1), mode: truncate, disk free size: 184 M
I/MLReceiver(16557): customizedML:false
I/MLReceiver(16557): sp customizedML:false
I/MLReceiver(16557): customizedNS2:truecustomizedML2:false
I/MLReceiver(16557): LAN Type:false ML Type:true
I/MLReceiver(16557): IS Type:true IS_ML:false
D/WifiStateMachine(  240): fetchRssiAndLinkSpeedNative send RSSIChange intent, newSignalLevel =1mLastSignalLevel = 2
W/Twitter-PinningTrustManager(16500): Certificate pins are stale, (27137313548 millis vs 15552000000 millis) falling back to system trust.
V/LocationManagerService(  240): getAllProviders
V/LocationManagerService(  240): getLastKnownLocation: network
V/LocationManagerService(  240): getLastKnownLocation: passive
V/LocationManagerService(  240): getLastKnownLocation: gps
D/WifiStateMachine(  240): syncRequestConnectionInfo mWifiInfo=SSID: MOMO, BSSID: 00:19:cb:4b:15:f2, MAC: A8:26:D9:D1:BF:D5, Supplicant state: COMPLETED, RSSI: -81, Link speed: 11, Frequency: 2432, Net ID: 0, Explicit connect: false
D/SqliteDatabaseCpp(16500): DB info: open db, path = /data/data/com.twitter.android/databases , key = clkfYl, flag = 6, file size = 18432
D/SqliteDatabaseCpp(16500): DB info: path = /data/data/com.twitter.android/databases , key = clkfYl, handle: 0x19991a0, type: w, r/w: (0,1), mode: truncate, disk free size: 184 M
I/DatabaseHelper(16500): Begin cleanup.
I/DatabaseHelper(16500): Cleaned up: 0
D/Socket_Alarm(16500): registerHTCSocketMonitorCallBack
D/Socket_Alarm(16500): set mSocketMonitor
D/Socket_Alarm(16500): HTCSocketMonitorImpl::HTCSocketMonitorImpl
I/ActivityManager(  240): No longer want com.dropbox.android (pid 15605): hidden #16, adj=15
D/Process (  240): killProcessQuiet, pid=15605
D/Process (  240): dalvik.system.VMStack.getThreadStackTrace(Native Method)
D/Process (  240): java.lang.Thread.getStackTrace(Thread.java:599)
D/Process (  240): android.os.Process.killProcessQuiet(Process.java:818)
D/Process (  240): com.android.server.am.ActivityManagerService.updateOomAdjLocked(ActivityManagerService.java:15140)
D/Process (  240): com.android.server.am.ActivityManagerService.updateOomAdjLocked(ActivityManagerService.java:15033)
D/Process (  240): com.android.server.am.ActivityManagerService.serviceDoneExecutingLocked(ActivityManagerService.java:12266)
D/Process (  240): com.android.server.am.ActivityManagerService.serviceDoneExecuting(ActivityManagerService.java:12236)
D/Process (  240): android.app.ActivityManagerNative.onTransact(ActivityManagerNative.java:723)
D/Process (  240): com.android.server.am.ActivityManagerService.onTransact(ActivityManagerService.java:1706)
D/Process (  240): android.os.Binder.execTransact(Binder.java:338)
D/Process (  240): dalvik.system.NativeStart.run(Native Method)
D/PhoneStatusBarPolicy(  335): ServiceState ss: 0
D/PhoneStatusBarPolicy(  335): Network Type: 3
D/MyReportAgent(16516): ReportService [##] onDestroy(), this =com.htc.reportagent.ReportService@40d67120
I/ActivityManager(  240): No longer want com.htc.bg (pid 16196): hidden #16, adj=15
D/Process (  240): killProcessQuiet, pid=16196
D/Process (  240): dalvik.system.VMStack.getThreadStackTrace(Native Method)
D/MyReportAgent(16516): ReportServiceHandler [##] call stopSelfResult() startId = 1, reurn true
D/Process (  240): java.lang.Thread.getStackTrace(Thread.java:599)
D/Process (  240): android.os.Process.killProcessQuiet(Process.java:818)
D/Process (  240): com.android.server.am.ActivityManagerService.updateOomAdjLocked(ActivityManagerService.java:15140)
D/Process (  240): com.android.server.am.ActivityManagerService.updateOomAdjLocked(ActivityManagerService.java:15033)
D/Process (  240): com.android.server.am.ActivityManagerService.serviceDoneExecutingLocked(ActivityManagerService.java:12266)
D/Process (  240): com.android.server.am.ActivityManagerService.serviceDoneExecuting(ActivityManagerService.java:12236)
D/Process (  240): android.app.ActivityManagerNative.onTransact(ActivityManagerNative.java:723)
D/Process (  240): com.android.server.am.ActivityManagerService.onTransact(ActivityManagerService.java:1706)
D/Process (  240): android.os.Binder.execTransact(Binder.java:338)
D/Process (  240): dalvik.system.NativeStart.run(Native Method)
D/WifiStateMachine(  240): fetchRssiAndLinkSpeedNative send RSSIChange intent, SameSignalLevelCount =1
D/PhoneStatusBarPolicy(  335): ServiceState ss: 0
D/PhoneStatusBarPolicy(  335): Network Type: 3
D/WifiStateMachine(  240): fetchRssiAndLinkSpeedNative send RSSIChange intent, newSignalLevel =2mLastSignalLevel = 1
D/PhoneStatusBarPolicy(  335): ServiceState ss: 0
D/PhoneStatusBarPolicy(  335): Network Type: 3
D/SensorService(  240): disable: get sensor name = CM3602 Light sensor
D/SensorService(  240): SensorDevice::activate--: handle = 0x8, enabled = 0x0
D/SensorService(  240): pid=240, uid=1000
D/PowerManagerService(  240): setScreenStateLocked, turn off the button light 
D/lights  (  240): set_light_buttons_func: on=0 brightness=0
D/PowerManagerService(  240): setScreenStateLocked: on=false
I/power   (  240): *** set_screen_state 0
D/PowerManagerService(  240): Power.setScreenState: err=0
D/PowerManagerService(  240): ActivityManagerNative.getDefault().goingToSleep();
D/SurfaceFlinger(  114): About to give-up screen, flinger = 0x4e29b0
D/StatusBarManagerService(  240): disable what =16777216, token = android.os.Binder@40fa3d58, pkg = android, mBar = com.android.internal.statusbar.IStatusBar$Stub$Proxy@41353ca8
D/UsbnetService(  240): BroadcastReceiver::onReceive+
D/UsbnetService(  240): onReceive SCREEN_OFF
D/UsbnetService(  240): BroadcastReceiver::onReceive-
D/AlarmManager(  240): ACTION_SCREEN_OFF
I/InputManagerService(  240): Receive : Intent.ACTION_SCREEN_OFF
I/InputManagerService(  240): Disable input method client.
D/AudioSystem(  240): AudioSystem::get_audio_flinger() in at 53
D/AudioSystem(  240): gLock get at 55
D/AudioSystem(  240): leave AudioSystem::get_audio_flinger() at 81
D/ConnectivityService(  240): onUidRulesChanged(uid=10035, uidRules=0)
D/ComposeMessageActivity(28204): on screen off
D/ContactMessageStore(  487): start background delete task...
D/WifiService(  240): ACTION_SCREEN_OFF
D/FlexNetS(15525): CampNetworkInWhiteBlackList had check current PLMN =46692
W/TelephonyManager(15525): Hidden constructor called more than once per process!
W/TelephonyManager(15525): Original: com.htc.flexnet, new: com.htc.flexnet
V/FlexNetS(15525): onStartCommand() ALARM_FRAMEWORK_BROADCAST_ACTION_SCREEN_OFF
V/FlexNetS(15525): handleCommand_AutoMode action: ALARM_FRAMEWORK_BROADCAST_ACTION_SCREEN_OFF
V/SmartSynServiceReceiver(16338): ACTION_SCREEN_OFF SmartSynServiceRunning=true
V/SmartSynServiceReceiver(16338): ACTION_SCREEN_OFF
V/SmartSynServiceReceiver(16338): ACTION_SCREEN_OFFfalse
V/SmartSyncScreenOnOffTimeReceiver(16338): SCREEN_OFF h =10
V/SmartSyncScreenOnOffTimeReceiver(16338): SCREEN_OFF T=5
V/SmartSyncDataLinkTurnOffReceiver(16338): SMARTSYNC_SERVICE_BROADCAST_SCREEN_OFF true
V/SmartSyncDataLinkTurnOffReceiver(16338): BROADCAST_SCREEN_OFF mWiFiManager.getWifiState() =3
V/SmartSyncDataLinkTurnOffReceiver(16338): OF M=false W=true A=true
D/AutoSetting( 6195): service - mHandler: cancel location update
D/AutoSetting( 6195): service -           changes count: 0
V/SmartSyncDataLinkTurnOffReceiver(16338): SMARTSYNC_SERVICE_BROADCAST_SCREEN_OFF  preMobile_txPkts=53501
V/SmartSyncDataLinkTurnOffReceiver(16338): SMARTSYNC_SERVICE_BROADCAST_SCREEN_OFF  preMobile_rxPkts= 57483
V/SmartSyncDataLinkTurnOffReceiver(16338): SMARTSYNC_SERVICE_BROADCAST_SCREEN_OFF  preWifi_txPkts=1282
V/SmartSyncDataLinkTurnOffReceiver(16338): SMARTSYNC_SERVICE_BROADCAST_SCREEN_OFF  preWifi_rxPkts= 1248
D/ContactMessageStore(  487): size: 0 , 0
D/ContactMessageStore(  487): Background delete complete
W/ActivityManager(  240): Unable to start service Intent { act=com.google.android.apps.chrome.omaha.ACTION_REGISTER_REQUEST flg=0x4 cmp=com.chrome.beta/com.google.android.apps.chrome.omaha.OmahaPingService (has extras) }: not found
D/Process (  240): killProcessQuiet, pid=13607
D/Process (  240): dalvik.system.VMStack.getThreadStackTrace(Native Method)
D/Process (  240): java.lang.Thread.getStackTrace(Thread.java:599)
D/Process (  240): android.os.Process.killProcessQuiet(Process.java:818)
D/Process (  240): com.android.server.am.ActivityManagerService.updateOomAdjLocked(ActivityManagerService.java:15140)
D/Process (  240): com.android.server.am.ActivityManagerService.deliverToRegisteredReceiverLocked(ActivityManagerService.java:13431)
D/Process (  240): com.android.server.am.ActivityManagerService.processNextBroadcast(ActivityManagerService.java:13661)
D/Process (  240): com.android.server.am.ActivityManagerService.access$100(ActivityManagerService.java:184)
D/Process (  240): com.android.server.am.ActivityManagerService$2.handleMessage(ActivityManagerService.java:1088)
I/ActivityManager(  240): No longer want com.google.android.apps.maps:GoogleLocationService (pid 13607): hidden #17, adj=15
D/Process (  240): android.os.Handler.dispatchMessage(Handler.java:99)
D/Process (  240): android.os.Looper.loop(Looper.java:154)
D/Process (  240): com.android.server.am.ActivityManagerService$AThread.run(ActivityManagerService.java:1547)
W/ContentService(  240): binderDied() at ObserverNode
D/GpsLocationProvider(  240): GPS status listener died
D/CarGpsProvider(  240): GPS Mock status listener died
D/SensorGUI(  240): ~SensorChannel: mSendFd = 287, mReceiveFd = -1
V/LocationManagerService(  240): Location listener died
V/LocationManagerService(  240): _removeUpdates: listener = Receiver{4180b0d8 Listener android.os.BinderProxy@411ad9b0}mUpdateRecords: {passive=UpdateRecord{417f6248 mProvider: passive mUid: 10048}}
W/ActivityManager(  240): Scheduling restart of crashed service com.google.android.apps.maps/com.google.android.location.internal.server.GoogleLocationService in 5000ms
D/ActivityManager(  240): Config after re-evaluted by window manager: null
I/ActivityManager(  240): Start proc com.google.android.apps.maps:GoogleLocationService for service com.google.android.apps.maps/com.google.android.location.internal.server.GoogleLocationService: pid=16590 uid=10048 gids={3003, 1015}
D/Socket_Alarm(16590): registerHTCSocketMonitorCallBack
D/Socket_Alarm(16590): set mSocketMonitor
D/Socket_Alarm(16590): HTCSocketMonitorImpl::HTCSocketMonitorImpl
V/LocationManagerService(  240): getAllProviders
D/dalvikvm(16590): GC_CONCURRENT freed 956K, 23% free 3621K/4643K, paused 2ms+2ms
E/LocationManagerService(  240): add listener to CarGpsProvider to provide NMEA
V/LocationManagerService(  240): requestLocationUpdates
V/LocationManagerService(  240): _requestLocationUpdates: listener = Receiver{41b14830 Listener android.os.BinderProxy@41b147d0}mUpdateRecords: {}
V/LocationManagerService(  240): requestLocationUpdatesLocked++
V/LocationManagerService(  240): _requestLocationUpdates: provider = passive listener = Receiver{41b14830 Listener android.os.BinderProxy@41b147d0}mUpdateRecords: {passive=UpdateRecord{41dbb3a8 mProvider: passive mUid: 10048}}
V/LocationManagerService(  240): requestLocationUpdatesLocked--
D/WifiStateMachine(  240): [DriverStartedState] CMD_START_DRIVER
D/WifiService(  240): acquireWifiLockLocked: WifiLock{NetworkLocationLocator type=2 binder=android.os.BinderProxy@4110bf58}
D/WifiService(  240): updateWifiState(): disable hotspot
D/WifiService(  240): updateWifiState(): enable and start wifi
I/wpa_supplicant(14741): wpa_driver_wext_combo_scan: Start
D/WifiStateMachine(  240): syncRequestConnectionInfo mWifiInfo=SSID: MOMO, BSSID: 00:19:cb:4b:15:f2, MAC: A8:26:D9:D1:BF:D5, Supplicant state: COMPLETED, RSSI: -83, Link speed: 11, Frequency: 2432, Net ID: 0, Explicit connect: false
D/WifiStateMachine(  240): syncRequestConnectionInfo mWifiInfo=SSID: MOMO, BSSID: 00:19:cb:4b:15:f2, MAC: A8:26:D9:D1:BF:D5, Supplicant state: COMPLETED, RSSI: -83, Link speed: 11, Frequency: 2432, Net ID: 0, Explicit connect: false
I/ActivityManager(  240): Start proc com.google.android.apps.maps:FriendService for broadcast com.google.android.apps.maps/com.google.googlenav.friend.android.ServiceReceiver: pid=16610 uid=10048 gids={3003, 1015}
D/Socket_Alarm(16610): registerHTCSocketMonitorCallBack
D/Socket_Alarm(16610): set mSocketMonitor
D/Socket_Alarm(16610): HTCSocketMonitorImpl::HTCSocketMonitorImpl
I/PackageManager(  240):  setEnabledSetting(), pkgName=com.google.android.apps.maps, clsName=com.google.android.maps.driveabout.app.DestinationActivity, state=1, flag=1, pid=16610, uid=10048
D/Process (  240): killProcessQuiet, pid=16261
D/Process (  240): dalvik.system.VMStack.getThreadStackTrace(Native Method)
D/Process (  240): java.lang.Thread.getStackTrace(Thread.java:599)
D/Process (  240): android.os.Process.killProcessQuiet(Process.java:818)
D/Process (  240): com.android.server.am.ActivityManagerService.updateOomAdjLocked(ActivityManagerService.java:15140)
D/Process (  240): com.android.server.am.ActivityManagerService.trimApplications(ActivityManagerService.java:15303)
D/Process (  240): com.android.server.am.ActivityManagerService.finishReceiver(ActivityManagerService.java:13168)
D/Process (  240): android.app.ActivityManagerNative.onTransact(ActivityManagerNative.java:336)
D/Process (  240): com.android.server.am.ActivityManagerService.onTransact(ActivityManagerService.java:1706)
D/Process (  240): android.os.Binder.execTransact(Binder.java:338)
D/Process (  240): dalvik.system.NativeStart.run(Native Method)
I/ActivityManager(  240): Start proc com.google.android.apps.maps:LocationFriendService for broadcast com.google.android.apps.maps/com.google.googlenav.friend.reporting.LocationReportingIntentReceiver: pid=16622 uid=10048 gids={3003, 1015}
I/ActivityManager(  240): No longer want com.google.android.gcm (pid 16261): hidden #16, adj=15
W/ContentService(  240): binderDied() at ObserverNode
D/ActivityManager(  240): Config after re-evaluted by window manager: null
D/SqliteDatabaseCpp(16622): Registering sqlite logging func: /data/data/com.google.android.apps.maps/databases/webview.db
D/SqliteDatabaseCpp(16622): DB info: open db, path = /data/data/com.google.android.apps.maps/databases , key = sefraes, flag = 6, file size = 15360
D/SqliteDatabaseCpp(16622): DB info: path = /data/data/com.google.android.apps.maps/databases , key = sefraes, handle: 0x193e1a8, type: w, r/w: (0,1), mode: wal, disk free size: 184 M
D/Tethering(  240): interfaceStatusChanged wlan0, true
D/Process (  240): killProcessQuiet, pid=16372
I/ActivityManager(  240): No longer want com.google.android.maps.mytracks (pid 16372): hidden #16, adj=15
D/Process (  240): dalvik.system.VMStack.getThreadStackTrace(Native Method)
D/Process (  240): java.lang.Thread.getStackTrace(Thread.java:599)
D/Process (  240): android.os.Process.killProcessQuiet(Process.java:818)
D/Process (  240): com.android.server.am.ActivityManagerService.updateOomAdjLocked(ActivityManagerService.java:15140)
D/Process (  240): com.android.server.am.ActivityManagerService.processNextBroadcast(ActivityManagerService.java:13549)
D/Process (  240): com.android.server.am.ActivityManagerService.finishReceiver(ActivityManagerService.java:13166)
D/Process (  240): android.app.ActivityManagerNative.onTransact(ActivityManagerNative.java:336)
D/Process (  240): com.android.server.am.ActivityManagerService.onTransact(ActivityManagerService.java:1706)
D/Process (  240): android.os.Binder.execTransact(Binder.java:338)
D/Process (  240): dalvik.system.NativeStart.run(Native Method)
D/WifiStateMachine(  240): [DriverStartedState] CMD_START_DRIVER
D/WifiService(  240): releaseWifiLockLocked: WifiLock{NetworkLocationLocator type=2 binder=android.os.BinderProxy@4110bf58}
D/WifiService(  240): updateWifiState(): disable hotspot
D/WifiService(  240): updateWifiState(): enable and start wifi
D/dalvikvm(16622): GC_CONCURRENT freed 1040K, 24% free 3531K/4643K, paused 2ms+3ms
D/ActivityManager(  240): Config after re-evaluted by window manager: null
I/BATT_ALG(  129): charging time: 0
I/BATT_ALG(  129): batt_alg_overtemp_check:temp:285, isOver_temp:0
I/BATT_ALG(  129): set_battery_voltage_alarm level=83, alarm_config=25, batt_alarm_config=25
I/BATT_ALG(  129): vol=4229;curr=357;dis_curr=0;temp=285;id=2;level=83;chg_src=1;chg_en=1;isOver_temp=0;timer=285;safety_count=0
D/BatteryService(  240): UEvent updateBatteryStats
D/HtcPowerSaver(  240): Recived battery changed intent.
D/UsbnetService(  240): BroadcastReceiver::onReceive+
D/UsbnetService(  240): onReceive BATTERY_CHANGED
D/UsbnetService(  240):  --> pluggedType = 2, mPluggedType = 0, mScreenOff = true
D/UsbnetService(  240): BroadcastReceiver::onReceive-
D/HtcPowerSaver(  240): Checking...
I/HtcPowerSaver(  240): >> updateStatus
D/NotificationService(  240): mIntentReceiver() Intent.ACTION_BATTERY_CHANGED
D/PowerManagerService(  240): runHtcPowerSaverCheck ======================================
D/PowerUI (  335): closing low battery warning: level=83
D/PowerUI (  335): plugged = true, health = 2, mBatteryLevel = 83, mPluggedBatteryLevel = 83, mLowBatteryWarningLevel2 = 25, mshowLowChargingWarning2 = true
I/HtcPowerSaver(  240): currentStatus=8000, currentLevel=83, enableLevel=15, enable=false, popDialog=false, statusChangeTo=-1
I/HtcPowerSaver(  240): << updateStatus
D/WifiService(  240): ACTION_BATTERY_CHANGED pluggedType: 2
D/PackageManager(  240): Failed to get PackageInfo!, pkg:com.htc.demoflorebooter, flags:1
I/rmt_storage(  136): rmt_storage write event: handle=1
I/rmt_storage(  136): Try to unblock rmt_storage client thread... (handle=1)
I/rmt_storage(  136): rmt_storage events processing done. (handle=1)
I/rmt_storage(  136): rmt_storage client thread is unblocked. (handle=1)
I/rmt_storage(  136): rmt_storage fop(1) fd(8) handle(1): bytes required=3145216, offset=0
I/rmt_storage(  136): rmt_storage fop(1) fd(8) handle(1): bytes transferred=3145216
I/rmt_storage(  136): rmt_storage fop(1) fd(8) handle(1): bytes required=512, offset=3145216
I/rmt_storage(  136): rmt_storage fop(1) fd(8) handle(1): bytes transferred=512
I/rmt_storage(  136): rmt_storage_send_status fop(1) fd(8) handle(1): error_code = 0
I/rmt_storage(  136): rmt_storage client thread waiting... (handle=1)
D/dalvikvm(  335): GC_CONCURRENT freed 1815K, 62% free 5848K/15203K, paused 5ms+6ms
D/BatteryService(  240): updateBatteryStats ======================================
I/BATT_ALG(  129): charging time: 0
I/BATT_ALG(  129): batt_alg_overtemp_check:temp:287, isOver_temp:0
I/BATT_ALG(  129): set_battery_voltage_alarm level=83, alarm_config=25, batt_alarm_config=25
I/BATT_ALG(  129): vol=4238;curr=347;dis_curr=0;temp=287;id=2;level=83;chg_src=1;chg_en=1;isOver_temp=0;timer=60;safety_count=0
D/BatteryService(  240): UEvent updateBatteryStats
D/HtcPowerSaver(  240): Recived battery changed intent.
D/UsbnetService(  240): BroadcastReceiver::onReceive+
D/UsbnetService(  240): onReceive BATTERY_CHANGED
D/UsbnetService(  240):  --> pluggedType = 2, mPluggedType = 0, mScreenOff = true
D/UsbnetService(  240): BroadcastReceiver::onReceive-
D/HtcPowerSaver(  240): Checking...
I/HtcPowerSaver(  240): >> updateStatus
D/NotificationService(  240): mIntentReceiver() Intent.ACTION_BATTERY_CHANGED
D/PowerManagerService(  240): runHtcPowerSaverCheck ======================================
D/PowerUI (  335): closing low battery warning: level=83
D/PowerUI (  335): plugged = true, health = 2, mBatteryLevel = 83, mPluggedBatteryLevel = 83, mLowBatteryWarningLevel2 = 25, mshowLowChargingWarning2 = true
I/HtcPowerSaver(  240): currentStatus=8000, currentLevel=83, enableLevel=15, enable=false, popDialog=false, statusChangeTo=-1
I/HtcPowerSaver(  240): << updateStatus
D/WifiService(  240): ACTION_BATTERY_CHANGED pluggedType: 2
D/PackageManager(  240): Failed to get PackageInfo!, pkg:com.htc.demoflorebooter, flags:1
I/ActivityManager(  240): Start proc com.htc.android.mail for service com.htc.android.mail/.mailservice.MailService: pid=16661 uid=10164 gids={3003, 1015}
D/Process (  240): killProcessQuiet, pid=13969
D/Process (  240): dalvik.system.VMStack.getThreadStackTrace(Native Method)
D/Process (  240): java.lang.Thread.getStackTrace(Thread.java:599)
D/Process (  240): android.os.Process.killProcessQuiet(Process.java:818)
D/Process (  240): com.android.server.am.ActivityManagerService.updateOomAdjLocked(ActivityManagerService.java:15140)
D/Process (  240): com.android.server.am.ActivityManagerService.updateLruProcessInternalLocked(ActivityManagerService.java:1934)
D/Process (  240): com.android.server.am.ActivityManagerService.updateLruProcessLocked(ActivityManagerService.java:1941)
D/Process (  240): com.android.server.am.ActivityManagerService.realStartServiceLocked(ActivityManagerService.java:11201)
D/Process (  240): com.android.server.am.ActivityManagerService.attachApplicationLocked(ActivityManagerService.java:4234)
D/Process (  240): com.android.server.am.ActivityManagerService.attachApplication(ActivityManagerService.java:4296)
D/Process (  240): android.app.ActivityManagerNative.onTransact(ActivityManagerNative.java:347)
D/Process (  240): com.android.server.am.ActivityManagerService.onTransact(ActivityManagerService.java:1706)
D/Process (  240): android.os.Binder.execTransact(Binder.java:338)
D/Process (  240): dalvik.system.NativeStart.run(Native Method)
I/ActivityManager(  240): No longer want com.onelouder.baconreader (pid 13969): hidden #17, adj=15
I/ActivityThread(16661): Pub com.htc.android.mail.attachmentprovider: com.htc.android.mail.provider.AttachmentProvider
I/ActivityThread(16661): Pub mail: com.htc.android.mail.MailProvider
W/ActivityManager(  240): Scheduling restart of crashed service com.onelouder.baconreader/.CheckMessageService in 5000ms
D/ActivityManager(  240): Config after re-evaluted by window manager: null
I/ActivityThread(16661): Pub com.htc.android.mail.MailCarousel: com.htc.android.mail.MailCarousel
I/ActivityThread(16661): Pub htceas: com.htc.android.mail.eassvc.core.EASProvider
D/MailService(16661): 06021143 ***** HTC MailService *****: checking mail,com.htc.android.mail.intent.action.MAIL_SERVICE_WAKEUP
D/SqliteDatabaseCpp(16661): Registering sqlite logging func: /data/data/com.htc.android.mail/databases/mail.db
D/SqliteDatabaseCpp(16661): DB info: open db, path = /data/data/com.htc.android.mail/databases , key = mYal, flag = 6, file size = 458752
D/SqliteDatabaseCpp(16661): DB info: path = /data/data/com.htc.android.mail/databases , key = mYal, handle: 0x193e1a8, type: w, r/w: (0,1), mode: truncate, disk free size: 184 M
D/CursorWindowStats(16661): Allocate Cursor Window larger than default value, size: 4194304, default:2097152
D/CursorWindowStats(16661): Allocate Cursor Window larger than default value, size: 4194304, default:2097152
D/CursorWindowStats(16661): Allocate Cursor Window larger than default value, size: 4194304, default:2097152
D/dalvikvm(  240): GC_EXPLICIT freed 3717K, 43% free 24100K/41891K, paused 5ms+24ms
D/CursorWindowStats(16661): Allocate Cursor Window larger than default value, size: 4194304, default:2097152
D/EASAppSvc(16661): [ NA ]- onCreate()
D/EASAppSvc(16661): [ NA ]> waitForInitComplete()com.htc.android.mail.eassvc.EASAppSvc@40dd1f00
D/WifiStateMachine(  240): [DriverStartedState] CMD_START_DRIVER
I/RequestController(16661): enter sendAllMail
W/SSLCertificateSocketFactory(16661): Bypassing SSL security checks at caller's request
D/WifiService(  240): acquireWifiLockLocked: WifiLock{MAIL_WIFI_LOCK type=1 binder=android.os.BinderProxy@42462c90}
D/WifiService(  240): updateWifiState(): disable hotspot
D/WifiService(  240): updateWifiState(): enable and start wifi
D/CursorWindowStats(16661): Allocate Cursor Window larger than default value, size: 4194304, default:2097152
D/CursorWindowStats(16661): Allocate Cursor Window larger than default value, size: 4194304, default:2097152
D/CursorWindowStats(16661): Allocate Cursor Window larger than default value, size: 4194304, default:2097152
D/EASAppSvc(16661): [ NA ]< waitForInitComplete()com.htc.android.mail.eassvc.EASAppSvc@40dd1f00
I/ActivityManager(  240): Start proc com.htc.android.mail:directpush for service com.htc.android.mail/.mailservice.DirectPushService: pid=16684 uid=10164 gids={3003, 1015}
D/dalvikvm(  115): GC_EXPLICIT freed 38K, 27% free 2765K/3743K, paused 2ms+2ms
D/Socket_Alarm(16661): registerHTCSocketMonitorCallBack
D/Socket_Alarm(16661): set mSocketMonitor
D/Socket_Alarm(16661): HTCSocketMonitorImpl::HTCSocketMonitorImpl
D/dalvikvm(  115): GC_EXPLICIT freed <1K, 27% free 2765K/3743K, paused 2ms+2ms
D/dalvikvm(  115): GC_EXPLICIT freed <1K, 27% free 2765K/3743K, paused 2ms+2ms
D/CursorWindowStats(16661): Allocate Cursor Window larger than default value, size: 4194304, default:2097152
D/CursorWindowStats(16661): Allocate Cursor Window larger than default value, size: 4194304, default:2097152
D/Process (  240): killProcessQuiet, pid=16391
D/Process (  240): dalvik.system.VMStack.getThreadStackTrace(Native Method)
D/Process (  240): java.lang.Thread.getStackTrace(Thread.java:599)
D/Process (  240): android.os.Process.killProcessQuiet(Process.java:818)
