* daemon not running. starting it now on port 5037 *
* daemon started successfully *
--------- beginning of /dev/log/system
D/ActivityManager(  240): Config after re-evaluted by window manager: null
D/BatteryService(  240): updateBatteryStats ======================================
D/BatteryService(  240): UEvent updateBatteryStats
D/NotificationService(  240): mIntentReceiver() Intent.ACTION_BATTERY_CHANGED
D/PowerManagerService(  240): runHtcPowerSaverCheck ======================================
D/PowerUI (  335): closing low battery warning: level=80
D/PowerUI (  335): plugged = true, health = 2, mBatteryLevel = 80, mPluggedBatteryLevel = 70, mLowBatteryWarningLevel2 = 25, mshowLowChargingWarning2 = true
D/WifiService(  240): ACTION_BATTERY_CHANGED pluggedType: 1
D/ConnectivityService(  240): ConnectivityService FeatureUser expire(0, enableSUPL, android.os.Binder@41aa04f8, 3), created 60063 mSec ago
D/ConnectivityService(  240): reassessPidDns for pid 240
D/ConnectivityService(  240): stopUsingNetworkFeature for net 0: enableSUPL by 240/1000 send teardown request 3
D/ConnectivityService(  240): issue teardown to special network:3, null from (1)
D/MobileDataStateTracker(  240): supl: setTeardownRequested(true)
D/BatteryService(  240): updateBatteryStats ======================================
D/BatteryService(  240): UEvent updateBatteryStats
D/NotificationService(  240): mIntentReceiver() Intent.ACTION_BATTERY_CHANGED
D/PowerManagerService(  240): runHtcPowerSaverCheck ======================================
D/PowerUI (  335): closing low battery warning: level=81
D/PowerUI (  335): plugged = true, health = 2, mBatteryLevel = 81, mPluggedBatteryLevel = 70, mLowBatteryWarningLevel2 = 25, mshowLowChargingWarning2 = true
D/WifiService(  240): ACTION_BATTERY_CHANGED pluggedType: 1
V/LocationManagerService(  240): _removeUpdates: listener = Receiver{4203c058 Listener android.os.BinderProxy@417c6930}mUpdateRecords: {gps=UpdateRecord{429201f8 mProvider: gps mUid: 10048}}
V/LocationManagerService(  240): removeUpdatesLocked: enableLocationTracking(false)
V/LocationManagerService(  240): requestLocationUpdates
V/LocationManagerService(  240): _requestLocationUpdates: listener = Receiver{419d1b68 Listener android.os.BinderProxy@419ff820}mUpdateRecords: {}
V/LocationManagerService(  240): requestLocationUpdatesLocked++
V/LocationManagerService(  240): _requestLocationUpdates: provider = passive listener = Receiver{419d1b68 Listener android.os.BinderProxy@419ff820}mUpdateRecords: {passive=UpdateRecord{419798b8 mProvider: passive mUid: 10048}}
V/LocationManagerService(  240): requestLocationUpdatesLocked--
D/WifiService(  240): releaseWifiLockLocked: WifiLock{NetworkLocationActiveCollector type=2 binder=android.os.BinderProxy@4277dd68}
D/WifiService(  240): updateWifiState(): disable hotspot
D/WifiService(  240): updateWifiState(): enable and start wifi
D/BatteryService(  240): updateBatteryStats ======================================
D/BatteryService(  240): UEvent updateBatteryStats
D/NotificationService(  240): mIntentReceiver() Intent.ACTION_BATTERY_CHANGED
D/PowerManagerService(  240): runHtcPowerSaverCheck ======================================
D/PowerUI (  335): closing low battery warning: level=82
D/PowerUI (  335): plugged = true, health = 2, mBatteryLevel = 82, mPluggedBatteryLevel = 70, mLowBatteryWarningLevel2 = 25, mshowLowChargingWarning2 = true
D/WifiService(  240): ACTION_BATTERY_CHANGED pluggedType: 1
I/ActivityManager(  240): Start proc com.android.settings:remote for broadcast com.android.settings/.framework.activity.powersaver.SmartSyncScreenOnOffTimeReceiver: pid=12499 uid=1000 gids={1015, 3002, 3001, 3003, 5001, 5004, 5003, 3007, 3006, 2001, 1007}
I/ActivityManager(  240): No longer want com.htc.notes (pid 12304): hidden #16, adj=15
D/ActivityManager(  240): Config after re-evaluted by window manager: null
D/BatteryService(  240): updateBatteryStats ======================================
D/BatteryService(  240): UEvent updateBatteryStats
D/NotificationService(  240): mIntentReceiver() Intent.ACTION_BATTERY_CHANGED
D/PowerManagerService(  240): runHtcPowerSaverCheck ======================================
D/PowerUI (  335): closing low battery warning: level=82
D/PowerUI (  335): plugged = true, health = 2, mBatteryLevel = 82, mPluggedBatteryLevel = 70, mLowBatteryWarningLevel2 = 25, mshowLowChargingWarning2 = true
D/WifiService(  240): ACTION_BATTERY_CHANGED pluggedType: 1
D/BatteryService(  240): updateBatteryStats ======================================
D/BatteryService(  240): UEvent updateBatteryStats
D/NotificationService(  240): mIntentReceiver() Intent.ACTION_BATTERY_CHANGED
D/PowerManagerService(  240): runHtcPowerSaverCheck ======================================
D/PowerUI (  335): closing low battery warning: level=83
D/PowerUI (  335): plugged = true, health = 2, mBatteryLevel = 83, mPluggedBatteryLevel = 70, mLowBatteryWarningLevel2 = 25, mshowLowChargingWarning2 = true
D/WifiService(  240): ACTION_BATTERY_CHANGED pluggedType: 1
D/BatteryService(  240): updateBatteryStats ======================================
D/BatteryService(  240): UEvent updateBatteryStats
D/NotificationService(  240): mIntentReceiver() Intent.ACTION_BATTERY_CHANGED
D/PowerManagerService(  240): runHtcPowerSaverCheck ======================================
D/PowerUI (  335): closing low battery warning: level=83
D/PowerUI (  335): plugged = true, health = 2, mBatteryLevel = 83, mPluggedBatteryLevel = 70, mLowBatteryWarningLevel2 = 25, mshowLowChargingWarning2 = true
D/WifiService(  240): ACTION_BATTERY_CHANGED pluggedType: 1
D/BatteryService(  240): updateBatteryStats ======================================
D/BatteryService(  240): UEvent updateBatteryStats
D/NotificationService(  240): mIntentReceiver() Intent.ACTION_BATTERY_CHANGED
D/PowerManagerService(  240): runHtcPowerSaverCheck ======================================
D/PowerUI (  335): closing low battery warning: level=84
D/PowerUI (  335): plugged = true, health = 2, mBatteryLevel = 84, mPluggedBatteryLevel = 70, mLowBatteryWarningLevel2 = 25, mshowLowChargingWarning2 = true
D/WifiService(  240): ACTION_BATTERY_CHANGED pluggedType: 1
D/BatteryService(  240): updateBatteryStats ======================================
D/BatteryService(  240): UEvent updateBatteryStats
D/NotificationService(  240): mIntentReceiver() Intent.ACTION_BATTERY_CHANGED
D/PowerManagerService(  240): runHtcPowerSaverCheck ======================================
D/PowerUI (  335): closing low battery warning: level=85
D/PowerUI (  335): plugged = true, health = 2, mBatteryLevel = 85, mPluggedBatteryLevel = 70, mLowBatteryWarningLevel2 = 25, mshowLowChargingWarning2 = true
D/WifiService(  240): ACTION_BATTERY_CHANGED pluggedType: 1
D/BatteryService(  240): updateBatteryStats ======================================
D/BatteryService(  240): updateBatteryStats ======================================
D/BatteryService(  240): UEvent updateBatteryStats
D/NotificationService(  240): mIntentReceiver() Intent.ACTION_BATTERY_CHANGED
D/PowerManagerService(  240): runHtcPowerSaverCheck ======================================
D/PowerUI (  335): closing low battery warning: level=86
D/PowerUI (  335): plugged = true, health = 2, mBatteryLevel = 86, mPluggedBatteryLevel = 70, mLowBatteryWarningLevel2 = 25, mshowLowChargingWarning2 = true
D/WifiService(  240): ACTION_BATTERY_CHANGED pluggedType: 1
D/BatteryService(  240): updateBatteryStats ======================================
I/ActivityManager(  240): Start proc com.google.android.gm for service com.google.android.gm/.provider.MailSyncAdapterService: pid=12624 uid=10097 gids={3003, 1015}
D/ActivityThread(12624): Loading provider com.android.gmail.ui: com.google.android.gm.provider.UiProvider
D/ActivityThread(12624): Loading provider com.android.gmail.ui: com.google.android.gm.provider.UiProvider
W/ProcessStats(  240): Skipping unknown process pid 12668
I/ActivityManager(  240): No longer want android.process.media (pid 7025): hidden #16, adj=15
W/ActivityManager(  240): Scheduling restart of crashed service com.android.providers.media/.MediaDBMigrationService in 933179904ms
D/ActivityManager(  240): Config after re-evaluted by window manager: null
D/MountService(  240): An IMountServiceListener waiting for binder!
D/MountService(  240): An IMountServiceListener waiting for binder!
D/MountService(  240): An IMountServiceListener waiting for binder!
D/MountService(  240): An IMountServiceListener waiting for binder!
D/MountService(  240): An IMountServiceListener waiting for binder!
D/MountService(  240): An IMountServiceListener waiting for binder!
D/BatteryService(  240): updateBatteryStats ======================================
D/BatteryService(  240): UEvent updateBatteryStats
D/NotificationService(  240): mIntentReceiver() Intent.ACTION_BATTERY_CHANGED
D/PowerManagerService(  240): runHtcPowerSaverCheck ======================================
D/PowerUI (  335): closing low battery warning: level=87
D/PowerUI (  335): plugged = true, health = 2, mBatteryLevel = 87, mPluggedBatteryLevel = 70, mLowBatteryWarningLevel2 = 25, mshowLowChargingWarning2 = true
D/WifiService(  240): ACTION_BATTERY_CHANGED pluggedType: 1
D/BatteryService(  240): updateBatteryStats ======================================
D/BatteryService(  240): UEvent updateBatteryStats
D/NotificationService(  240): mIntentReceiver() Intent.ACTION_BATTERY_CHANGED
D/PowerManagerService(  240): runHtcPowerSaverCheck ======================================
D/PowerUI (  335): closing low battery warning: level=87
D/PowerUI (  335): plugged = true, health = 2, mBatteryLevel = 87, mPluggedBatteryLevel = 70, mLowBatteryWarningLevel2 = 25, mshowLowChargingWarning2 = true
D/WifiService(  240): ACTION_BATTERY_CHANGED pluggedType: 1
I/ActivityManager(  240): No longer want com.htc.flexnet (pid 11967): hidden #16, adj=15
D/ActivityManager(  240): Config after re-evaluted by window manager: null
D/BatteryService(  240): updateBatteryStats ======================================
D/BatteryService(  240): UEvent updateBatteryStats
D/NotificationService(  240): mIntentReceiver() Intent.ACTION_BATTERY_CHANGED
D/PowerManagerService(  240): runHtcPowerSaverCheck ======================================
D/PowerUI (  335): closing low battery warning: level=88
D/PowerUI (  335): plugged = true, health = 2, mBatteryLevel = 88, mPluggedBatteryLevel = 70, mLowBatteryWarningLevel2 = 25, mshowLowChargingWarning2 = true
D/WifiService(  240): ACTION_BATTERY_CHANGED pluggedType: 1
D/BatteryService(  240): updateBatteryStats ======================================
D/BatteryService(  240): updateBatteryStats ======================================
D/BatteryService(  240): UEvent updateBatteryStats
D/NotificationService(  240): mIntentReceiver() Intent.ACTION_BATTERY_CHANGED
D/PowerManagerService(  240): runHtcPowerSaverCheck ======================================
D/PowerUI (  335): closing low battery warning: level=89
D/WifiService(  240): ACTION_BATTERY_CHANGED pluggedType: 1
D/PowerUI (  335): plugged = true, health = 2, mBatteryLevel = 89, mPluggedBatteryLevel = 70, mLowBatteryWarningLevel2 = 25, mshowLowChargingWarning2 = true
I/ActivityManager(  240): No longer want com.google.android.apps.maps:GoogleLocationService (pid 9970): hidden #17, adj=15
W/ActivityManager(  240): Scheduling restart of crashed service com.google.android.apps.maps/com.google.android.location.internal.server.GoogleLocationService in 5000ms
D/ActivityManager(  240): Config after re-evaluted by window manager: null
V/LocationManagerService(  240): Location listener died
V/LocationManagerService(  240): _removeUpdates: listener = Receiver{419d1b68 Listener android.os.BinderProxy@419ff820}mUpdateRecords: {passive=UpdateRecord{419798b8 mProvider: passive mUid: 10048}}
I/ActivityManager(  240): Start proc com.google.android.apps.maps:GoogleLocationService for service com.google.android.apps.maps/com.google.android.location.internal.server.GoogleLocationService: pid=12741 uid=10048 gids={3003, 1015}
D/Socket_Alarm(12741): registerHTCSocketMonitorCallBack
D/Socket_Alarm(12741): set mSocketMonitor
D/Socket_Alarm(12741): HTCSocketMonitorImpl::HTCSocketMonitorImpl
V/LocationManagerService(  240): getAllProviders
E/LocationManagerService(  240): add listener to CarGpsProvider to provide NMEA
V/LocationManagerService(  240): requestLocationUpdates
V/LocationManagerService(  240): _requestLocationUpdates: listener = Receiver{416fa1e8 Listener android.os.BinderProxy@4171e338}mUpdateRecords: {}
V/LocationManagerService(  240): requestLocationUpdatesLocked++
V/LocationManagerService(  240): _requestLocationUpdates: provider = passive listener = Receiver{416fa1e8 Listener android.os.BinderProxy@4171e338}mUpdateRecords: {passive=UpdateRecord{416d0dc0 mProvider: passive mUid: 10048}}
V/LocationManagerService(  240): requestLocationUpdatesLocked--
D/WifiService(  240): acquireWifiLockLocked: WifiLock{NetworkLocationLocator type=2 binder=android.os.BinderProxy@41c84c00}
D/WifiService(  240): updateWifiState(): disable hotspot
D/WifiService(  240): updateWifiState(): enable and start wifi
I/ActivityManager(  240): Start proc com.google.android.apps.maps:FriendService for broadcast com.google.android.apps.maps/com.google.googlenav.friend.android.ServiceReceiver: pid=12761 uid=10048 gids={3003, 1015}
D/Socket_Alarm(12761): registerHTCSocketMonitorCallBack
D/Socket_Alarm(12761): set mSocketMonitor
D/Socket_Alarm(12761): HTCSocketMonitorImpl::HTCSocketMonitorImpl
I/PackageManager(  240):  setEnabledSetting(), pkgName=com.google.android.apps.maps, clsName=com.google.android.maps.driveabout.app.DestinationActivity, state=1, flag=1, pid=12761, uid=10048
I/ActivityManager(  240): Start proc com.google.android.apps.maps:LocationFriendService for broadcast com.google.android.apps.maps/com.google.googlenav.friend.reporting.LocationReportingIntentReceiver: pid=12773 uid=10048 gids={3003, 1015}
I/ActivityManager(  240): No longer want com.htc.htcMessageUploader (pid 12318): hidden #16, adj=15
D/ActivityManager(  240): Config after re-evaluted by window manager: null
D/WifiStateMachine(  240): syncRequestConnectionInfo mWifiInfo=SSID: MOMO, BSSID: 00:19:cb:4b:15:f2, MAC: A8:26:D9:D1:BF:D5, Supplicant state: COMPLETED, RSSI: -67, Link speed: 11, Frequency: 2432, Net ID: 0, Explicit connect: false
D/WifiStateMachine(  240): syncRequestConnectionInfo mWifiInfo=SSID: MOMO, BSSID: 00:19:cb:4b:15:f2, MAC: A8:26:D9:D1:BF:D5, Supplicant state: COMPLETED, RSSI: -67, Link speed: 11, Frequency: 2432, Net ID: 0, Explicit connect: false
I/ActivityManager(  240): Start proc com.android.settings for broadcast com.android.settings/.wifi.WifiOffloadRequest: pid=12791 uid=1000 gids={1015, 3002, 3001, 3003, 5001, 5004, 5003, 3007, 3006, 2001, 1007}
I/ActivityManager(  240): No longer want com.htc.notes:NotesService (pid 12332): hidden #16, adj=15
D/WifiService(  240): releaseWifiLockLocked: WifiLock{NetworkLocationLocator type=2 binder=android.os.BinderProxy@41c84c00}
D/WifiService(  240): updateWifiState(): disable hotspot
D/WifiService(  240): updateWifiState(): enable and start wifi
D/WifiService(  240): acquireWifiLockLocked: WifiLock{NetworkLocationPassiveCollector type=2 binder=android.os.BinderProxy@41c6a678}
D/WifiService(  240): updateWifiState(): disable hotspot
D/WifiService(  240): updateWifiState(): enable and start wifi
V/LocationManagerService(  240): _removeUpdates: listener = Receiver{416fa1e8 Listener android.os.BinderProxy@4171e338}mUpdateRecords: {passive=UpdateRecord{416d0dc0 mProvider: passive mUid: 10048}}
V/LocationManagerService(  240): requestLocationUpdates
V/LocationManagerService(  240): _requestLocationUpdates: listener = Receiver{41a6bd10 Listener android.os.BinderProxy@41aa4aa0}mUpdateRecords: {}
V/LocationManagerService(  240): requestLocationUpdatesLocked++
V/LocationManagerService(  240): requestLocationUpdatesLocked: calling addListener()
V/LocationManagerService(  240): requestLocationUpdatesLocked: provider(gps) isProviderEnabled = true
V/LocationManagerService(  240): _requestLocationUpdates: provider = gps listener = Receiver{41a6bd10 Listener android.os.BinderProxy@41aa4aa0}mUpdateRecords: {gps=UpdateRecord{41a369f8 mProvider: gps mUid: 10048}}
V/LocationManagerService(  240): requestLocationUpdatesLocked--
D/ActivityManager(  240): Config after re-evaluted by window manager: null
D/ConnectivityService(  240): startUsingNetworkFeature for net 0: enableSUPL by 240/1000
D/ConnectivityService(  240): Disconnect 3 in 60000ms
D/ConnectivityService(  240): reconnecting to special network 3
D/ConnectivityService(  240): issue reconnect to special network:3
D/MobileDataStateTracker(  240): supl: setTeardownRequested(false)
D/MobileDataStateTracker(  240): supl: setDetailed state, old=IDLE and new state=FAILED reason=dataEnabled extra=null mEntitleError=0
D/ConnectivityService(  240): [embedded] ConnectivityChange for mobile_supl: DISCONNECTED/FAILED, default=1
D/ConnectivityService(  240): ConnectivityChange for mobile_supl: DISCONNECTED/FAILED
D/MobileDataStateTracker(  240): supl: setTeardownRequested(false)
D/ConnectivityService(  240): Attempt to connect to mobile_supl failed (dataEnabled).
D/ConnectivityService(  240): sendStickyBroadcast: action=android.net.conn.CONNECTIVITY_CHANGE_IMMEDIATE
D/ConnectivityService(  240): sendStickyBroadcast: action=android.net.conn.CONNECTIVITY_CHANGE
D/WifiStateMachine(  240): syncRequestConnectionInfo mWifiInfo=SSID: MOMO, BSSID: 00:19:cb:4b:15:f2, MAC: A8:26:D9:D1:BF:D5, Supplicant state: COMPLETED, RSSI: -66, Link speed: 11, Frequency: 2432, Net ID: 0, Explicit connect: false
D/ConnectivityService(  240): reportInetCondition for net 1, percentage: 100 by 32552/10041
D/ConnectivityService(  240): handleInetConditionChange: net=1, condition=100,mActiveDefaultNetwork=1
D/ConnectivityService(  240): handleInetConditionChange: starting a change hold
I/ActivityManager(  240): Start proc com.htc.notes for broadcast com.htc.notes/.collection.NotesReceiver: pid=12804 uid=9996 gids={3003, 1015, 1006, 2001}
I/ActivityManager(  240): No longer want com.google.android.apps.uploader (pid 12344): hidden #16, adj=15
D/ActivityManager(  240): Config after re-evaluted by window manager: null
I/ActivityManager(  240): Start proc android.process.media for broadcast com.android.providers.downloads/.DownloadReceiver: pid=12816 uid=10046 gids={1015, 1023, 1024, 5001, 5002, 2001, 3003, 3007}
I/ActivityManager(  240): No longer want com.htc.cs (pid 12359): hidden #16, adj=15
D/ConnectivityService(  240): onMeteredIfacesChanged(ifaces=[])
D/ActivityManager(  240): Config after re-evaluted by window manager: null
D/ConnectivityService(  240): handleInetConditionHoldEnd: net=1, condition=100, published condition=100
D/ConnectivityService(  240): sendStickyBroadcast: action=android.net.conn.INET_CONDITION_ACTION
D/PhoneStatusBarPolicy(  335): ServiceState ss: 0
D/PhoneStatusBarPolicy(  335): Network Type: 3
W/MountService(  240): getVolumeState(/mnt/sdcard/ext_sd): Unknown volume
I/ActivityManager(  240): Start proc com.htc.flexnet for broadcast com.htc.flexnet/.SystemIntentReceiver: pid=12831 uid=10140 gids={3003}
I/ActivityManager(  240): No longer want com.htc.reportagent (pid 11983): hidden #16, adj=15
D/ActivityManager(  240): Config after re-evaluted by window manager: null
I/ActivityManager(  240): Start proc com.htc.htcMessageUploader for broadcast com.htc.htcMessageUploader/.UploadMessageReceiver: pid=12847 uid=10070 gids={3003}
D/Socket_Alarm(12847): registerHTCSocketMonitorCallBack
D/Socket_Alarm(12847): set mSocketMonitor
D/Socket_Alarm(12847): HTCSocketMonitorImpl::HTCSocketMonitorImpl
I/ActivityManager(  240): Start proc com.htc.notes:NotesService for broadcast com.htc.notes/.provider.notes.NotesReceiver: pid=12860 uid=9996 gids={3003, 1015, 1006, 2001}
I/ActivityManager(  240): No longer want com.htc.bg (pid 12374): hidden #16, adj=15
I/ActivityManager(  240): Start proc com.google.android.apps.uploader for broadcast com.google.android.apps.uploader/.ConnectivityBroadcastReceiver: pid=12873 uid=10045 gids={3003}
I/ActivityManager(  240): No longer want com.google.android.youtube (pid 12000): hidden #16, adj=15
I/ActivityManager(  240): Start proc com.htc.cs for broadcast com.htc.cs/.receiver.PoweronReceiver: pid=12888 uid=10012 gids={2001, 3003, 1015, 1006, 5001}
I/ActivityManager(  240): No longer want com.dropbox.android (pid 12391): hidden #16, adj=15
I/ActivityManager(  240): Start proc com.htc.reportagent for broadcast com.htc.reportagent/.receiver.ReportAgentReceiver: pid=12902 uid=10042 gids={3003, 1007}
I/ActivityManager(  240): No longer want com.google.android.apps.plus (pid 12042): hidden #16, adj=15
I/ActivityManager(  240): No longer want com.google.android.gcm (pid 12413): hidden #16, adj=15
W/ActivityManager(  240): Exception when sending broadcast to ComponentInfo{com.htc.providers.uploads/com.htc.providers.uploads.UploadReceiver}
W/ActivityManager(  240): android.os.TransactionTooLargeException
W/ActivityManager(  240): 	at android.os.BinderProxy.transact(Native Method)
W/ActivityManager(  240): 	at android.app.ApplicationThreadProxy.scheduleReceiver(ApplicationThreadNative.java:749)
W/ActivityManager(  240): 	at com.android.server.am.ActivityManagerService.processCurBroadcastLocked(ActivityManagerService.java:13350)
W/ActivityManager(  240): 	at com.android.server.am.ActivityManagerService.processNextBroadcast(ActivityManagerService.java:13763)
W/ActivityManager(  240): 	at com.android.server.am.ActivityManagerService.finishReceiver(ActivityManagerService.java:13166)
W/ActivityManager(  240): 	at android.app.ActivityManagerNative.onTransact(ActivityManagerNative.java:336)
W/ActivityManager(  240): 	at com.android.server.am.ActivityManagerService.onTransact(ActivityManagerService.java:1706)
W/ActivityManager(  240): 	at android.os.Binder.execTransact(Binder.java:338)
W/ActivityManager(  240): 	at dalvik.system.NativeStart.run(Native Method)
I/ActivityManager(  240): Start proc com.htc.bg for broadcast com.htc.providers.uploads/.UploadReceiver: pid=12916 uid=10012 gids={2001, 3003, 1015, 1006, 5001}
I/ActivityManager(  240): No longer want com.android.settings:remote (pid 12499): hidden #16, adj=15
D/ActivityManager(  240): Config after re-evaluted by window manager: null
I/ActivityManager(  240): Start proc com.dropbox.android for broadcast com.dropbox.android/.service.DropboxNetworkReceiver: pid=12933 uid=10121 gids={3003, 1015}
D/WifiStateMachine(  240): syncRequestConnectionInfo mWifiInfo=SSID: MOMO, BSSID: 00:19:cb:4b:15:f2, MAC: A8:26:D9:D1:BF:D5, Supplicant state: COMPLETED, RSSI: -66, Link speed: 11, Frequency: 2432, Net ID: 0, Explicit connect: false
D/ActivityManager(  240): Config after re-evaluted by window manager: null
I/ActivityManager(  240): Start proc com.google.android.apps.plus for broadcast com.google.android.apps.plus/.service.ConnectivityReceiver: pid=12956 uid=10176 gids={3003, 3002, 1015, 1006}
I/ActivityManager(  240): No longer want com.radioopt.widget (pid 8048): hidden #16, adj=15
W/ActivityManager(  240): Scheduling restart of crashed service com.radioopt.widget/com.tm.monitoring.TMService in 5000ms
V/LocationManagerService(  240): Location listener died
V/LocationManagerService(  240): _removeUpdates: listener = Receiver{412deb88 Listener android.os.BinderProxy@412c0f78}mUpdateRecords: {passive=UpdateRecord{418bc1a0 mProvider: passive mUid: 10074}}
D/ActivityManager(  240): Config after re-evaluted by window manager: null
I/ActivityManager(  240): Start proc com.google.android.gcm for broadcast com.google.android.gms/.gcm.ServiceAutoStarter: pid=12974 uid=10041 gids={3003, 1015, 2001, 1007, 3006}
I/ActivityManager(  240): No longer want com.google.android.gsf.login (pid 12440): hidden #16, adj=15
I/ActivityManager(  240): Start proc com.chrome.beta for broadcast com.chrome.beta/com.google.android.apps.chrome.preferences.ConnectionChangeReceiver: pid=12989 uid=10050 gids={3003, 1006, 1015}
D/ActivityManager(  240): Config after re-evaluted by window manager: null
D/Socket_Alarm(12956): registerHTCSocketMonitorCallBack
D/Socket_Alarm(12956): set mSocketMonitor
D/Socket_Alarm(12956): HTCSocketMonitorImpl::HTCSocketMonitorImpl
I/ActivityManager(  240): Start proc com.google.android.gsf.login for service com.google.android.gms/.recovery.AccountRecoveryService: pid=13004 uid=10041 gids={3003, 1015, 2001, 1007, 3006}
I/ActivityManager(  240): No longer want com.google.android.gm (pid 12624): hidden #16, adj=15
D/ActivityManager(  240): Config after re-evaluted by window manager: null
D/Socket_Alarm(13004): registerHTCSocketMonitorCallBack
D/Socket_Alarm(13004): set mSocketMonitor
D/Socket_Alarm(13004): HTCSocketMonitorImpl::HTCSocketMonitorImpl
I/ActivityManager(  240): No longer want com.google.android.apps.maps:FriendService (pid 12761): hidden #16, adj=15
D/ActivityManager(  240): Config after re-evaluted by window manager: null
I/ActivityManager(  240): No longer want com.google.android.apps.maps:LocationFriendService (pid 12773): hidden #16, adj=15
D/ActivityManager(  240): Config after re-evaluted by window manager: null
I/ActivityManager(  240): No longer want com.android.settings (pid 12791): hidden #16, adj=15
D/ActivityManager(  240): Config after re-evaluted by window manager: null
I/ActivityManager(  240): Start proc com.radioopt.widget for service com.radioopt.widget/com.tm.monitoring.TMService: pid=13022 uid=10074 gids={3003}
V/LocationManagerService(  240): requestLocationUpdates
V/LocationManagerService(  240): _requestLocationUpdates: listener = Receiver{41320648 Listener android.os.BinderProxy@41333028}mUpdateRecords: {}
V/LocationManagerService(  240): requestLocationUpdatesLocked++
V/LocationManagerService(  240): _requestLocationUpdates: provider = passive listener = Receiver{41320648 Listener android.os.BinderProxy@41333028}mUpdateRecords: {passive=UpdateRecord{412fb0e8 mProvider: passive mUid: 10074}}
V/LocationManagerService(  240): requestLocationUpdatesLocked--
E/LocationManagerService(  240): add listener to CarGpsProvider to provide NMEA
D/Socket_Alarm(13022): registerHTCSocketMonitorCallBack
D/Socket_Alarm(13022): set mSocketMonitor
D/Socket_Alarm(13022): HTCSocketMonitorImpl::HTCSocketMonitorImpl
D/WifiStateMachine(  240): syncRequestConnectionInfo mWifiInfo=SSID: MOMO, BSSID: 00:19:cb:4b:15:f2, MAC: A8:26:D9:D1:BF:D5, Supplicant state: COMPLETED, RSSI: -67, Link speed: 11, Frequency: 2432, Net ID: 0, Explicit connect: false
D/WifiStateMachine(  240): syncRequestConnectionInfo mWifiInfo=SSID: MOMO, BSSID: 00:19:cb:4b:15:f2, MAC: A8:26:D9:D1:BF:D5, Supplicant state: COMPLETED, RSSI: -67, Link speed: 11, Frequency: 2432, Net ID: 0, Explicit connect: false
D/WifiStateMachine(  240): syncRequestConnectionInfo mWifiInfo=SSID: MOMO, BSSID: 00:19:cb:4b:15:f2, MAC: A8:26:D9:D1:BF:D5, Supplicant state: COMPLETED, RSSI: -67, Link speed: 11, Frequency: 2432, Net ID: 0, Explicit connect: false
D/BatteryService(  240): updateBatteryStats ======================================
D/BatteryService(  240): UEvent updateBatteryStats
D/NotificationService(  240): mIntentReceiver() Intent.ACTION_BATTERY_CHANGED
D/PowerManagerService(  240): runHtcPowerSaverCheck ======================================
D/PowerUI (  335): closing low battery warning: level=89
D/WifiService(  240): ACTION_BATTERY_CHANGED pluggedType: 1
D/PowerUI (  335): plugged = true, health = 2, mBatteryLevel = 89, mPluggedBatteryLevel = 70, mLowBatteryWarningLevel2 = 25, mshowLowChargingWarning2 = true
D/WifiService(  240): acquireWifiLockLocked: WifiLock{NetworkLocationCacheUpdater type=2 binder=android.os.BinderProxy@41784368}
D/WifiService(  240): updateWifiState(): disable hotspot
D/WifiService(  240): updateWifiState(): enable and start wifi
D/WifiService(  240): releaseWifiLockLocked: WifiLock{NetworkLocationCacheUpdater type=2 binder=android.os.BinderProxy@41784368}
D/WifiService(  240): updateWifiState(): disable hotspot
D/WifiService(  240): updateWifiState(): enable and start wifi
W/AlarmManager(  240): RXTXtriggerAlarmsLocked
I/ActivityManager(  240): Start proc com.htc.android.mail for broadcast com.htc.android.mail/.ulog.MULogReceiver: pid=13052 uid=10164 gids={3003, 1015}
I/ActivityManager(  240): No longer want com.htc.notes (pid 12804): hidden #16, adj=15
D/ActivityManager(  240): Config after re-evaluted by window manager: null
D/ConnectivityService(  240): ConnectivityService FeatureUser expire(0, enableSUPL, android.os.Binder@416f3ca8, 3), created 60050 mSec ago
D/ConnectivityService(  240): reassessPidDns for pid 240
D/ConnectivityService(  240): stopUsingNetworkFeature for net 0: enableSUPL by 240/1000 send teardown request 3
D/ConnectivityService(  240): issue teardown to special network:3, null from (1)
D/MobileDataStateTracker(  240): supl: setTeardownRequested(true)
D/BatteryService(  240): updateBatteryStats ======================================
D/BatteryService(  240): UEvent updateBatteryStats
D/NotificationService(  240): mIntentReceiver() Intent.ACTION_BATTERY_CHANGED
D/PowerManagerService(  240): runHtcPowerSaverCheck ======================================
D/WifiService(  240): ACTION_BATTERY_CHANGED pluggedType: 1
D/PowerUI (  335): closing low battery warning: level=90
D/PowerUI (  335): plugged = true, health = 2, mBatteryLevel = 90, mPluggedBatteryLevel = 70, mLowBatteryWarningLevel2 = 25, mshowLowChargingWarning2 = true
I/ActivityManager(  240): No longer want com.onelouder.baconreader (pid 12115): hidden #16, adj=15
V/LocationManagerService(  240): _removeUpdates: listener = Receiver{41a6bd10 Listener android.os.BinderProxy@41aa4aa0}mUpdateRecords: {gps=UpdateRecord{41a369f8 mProvider: gps mUid: 10048}}
V/LocationManagerService(  240): removeUpdatesLocked: enableLocationTracking(false)
V/LocationManagerService(  240): requestLocationUpdates
V/LocationManagerService(  240): _requestLocationUpdates: listener = Receiver{41dcf8c0 Listener android.os.BinderProxy@417a4a78}mUpdateRecords: {}
V/LocationManagerService(  240): requestLocationUpdatesLocked++
V/LocationManagerService(  240): _requestLocationUpdates: provider = passive listener = Receiver{41dcf8c0 Listener android.os.BinderProxy@417a4a78}mUpdateRecords: {passive=UpdateRecord{420944a0 mProvider: passive mUid: 10048}}
V/LocationManagerService(  240): requestLocationUpdatesLocked--
D/WifiService(  240): releaseWifiLockLocked: WifiLock{NetworkLocationPassiveCollector type=2 binder=android.os.BinderProxy@41c6a678}
D/WifiService(  240): updateWifiState(): disable hotspot
D/WifiService(  240): updateWifiState(): enable and start wifi
W/ActivityManager(  240): Scheduling restart of crashed service com.onelouder.baconreader/.CheckMessageService in 5000ms
D/ActivityManager(  240): Config after re-evaluted by window manager: null
I/ActivityManager(  240): Start proc com.onelouder.baconreader for service com.onelouder.baconreader/.CheckMessageService: pid=13085 uid=10142 gids={3003, 1015}
D/BatteryService(  240): updateBatteryStats ======================================
D/BatteryService(  240): updateBatteryStats ======================================
D/BatteryService(  240): UEvent updateBatteryStats
D/NotificationService(  240): mIntentReceiver() Intent.ACTION_BATTERY_CHANGED
D/PowerManagerService(  240): runHtcPowerSaverCheck ======================================
D/PowerUI (  335): closing low battery warning: level=90
D/PowerUI (  335): plugged = true, health = 2, mBatteryLevel = 90, mPluggedBatteryLevel = 70, mLowBatteryWarningLevel2 = 25, mshowLowChargingWarning2 = true
D/WifiService(  240): ACTION_BATTERY_CHANGED pluggedType: 1
D/BatteryService(  240): updateBatteryStats ======================================
D/BatteryService(  240): UEvent updateBatteryStats
D/NotificationService(  240): mIntentReceiver() Intent.ACTION_BATTERY_CHANGED
D/PowerManagerService(  240): runHtcPowerSaverCheck ======================================
D/PowerUI (  335): closing low battery warning: level=91
D/PowerUI (  335): plugged = true, health = 2, mBatteryLevel = 91, mPluggedBatteryLevel = 70, mLowBatteryWarningLevel2 = 25, mshowLowChargingWarning2 = true
D/WifiService(  240): ACTION_BATTERY_CHANGED pluggedType: 1
D/BatteryService(  240): updateBatteryStats ======================================
D/BatteryService(  240): UEvent updateBatteryStats
D/NotificationService(  240): mIntentReceiver() Intent.ACTION_BATTERY_CHANGED
D/PowerManagerService(  240): runHtcPowerSaverCheck ======================================
D/PowerUI (  335): closing low battery warning: level=91
D/PowerUI (  335): plugged = true, health = 2, mBatteryLevel = 91, mPluggedBatteryLevel = 70, mLowBatteryWarningLevel2 = 25, mshowLowChargingWarning2 = true
D/WifiService(  240): ACTION_BATTERY_CHANGED pluggedType: 1
D/BatteryService(  240): updateBatteryStats ======================================
D/BatteryService(  240): UEvent updateBatteryStats
D/NotificationService(  240): mIntentReceiver() Intent.ACTION_BATTERY_CHANGED
D/PowerManagerService(  240): runHtcPowerSaverCheck ======================================
D/PowerUI (  335): closing low battery warning: level=92
D/PowerUI (  335): plugged = true, health = 2, mBatteryLevel = 92, mPluggedBatteryLevel = 70, mLowBatteryWarningLevel2 = 25, mshowLowChargingWarning2 = true
D/WifiService(  240): ACTION_BATTERY_CHANGED pluggedType: 1
D/BatteryService(  240): updateBatteryStats ======================================
D/BatteryService(  240): UEvent updateBatteryStats
D/NotificationService(  240): mIntentReceiver() Intent.ACTION_BATTERY_CHANGED
D/PowerManagerService(  240): runHtcPowerSaverCheck ======================================
D/PowerUI (  335): closing low battery warning: level=92
D/PowerUI (  335): plugged = true, health = 2, mBatteryLevel = 92, mPluggedBatteryLevel = 70, mLowBatteryWarningLevel2 = 25, mshowLowChargingWarning2 = true
D/WifiService(  240): ACTION_BATTERY_CHANGED pluggedType: 1
D/BatteryService(  240): updateBatteryStats ======================================
D/BatteryService(  240): UEvent updateBatteryStats
D/NotificationService(  240): mIntentReceiver() Intent.ACTION_BATTERY_CHANGED
D/PowerManagerService(  240): runHtcPowerSaverCheck ======================================
D/PowerUI (  335): closing low battery warning: level=92
D/PowerUI (  335): plugged = true, health = 2, mBatteryLevel = 92, mPluggedBatteryLevel = 70, mLowBatteryWarningLevel2 = 25, mshowLowChargingWarning2 = true
D/WifiService(  240): ACTION_BATTERY_CHANGED pluggedType: 1
D/WifiService(  240): acquireWifiLockLocked: WifiLock{MAIL_WIFI_LOCK type=1 binder=android.os.BinderProxy@422b2938}
D/WifiService(  240): updateWifiState(): disable hotspot
D/WifiService(  240): updateWifiState(): enable and start wifi
I/ActivityManager(  240): Start proc com.htc.android.mail:directpush for service com.htc.android.mail/.mailservice.DirectPushService: pid=13208 uid=10164 gids={3003, 1015}
D/Socket_Alarm(13052): registerHTCSocketMonitorCallBack
D/Socket_Alarm(13052): set mSocketMonitor
D/Socket_Alarm(13052): HTCSocketMonitorImpl::HTCSocketMonitorImpl
D/BatteryService(  240): updateBatteryStats ======================================
D/BatteryService(  240): UEvent updateBatteryStats
D/NotificationService(  240): mIntentReceiver() Intent.ACTION_BATTERY_CHANGED
D/PowerManagerService(  240): runHtcPowerSaverCheck ======================================
D/PowerUI (  335): closing low battery warning: level=93
D/PowerUI (  335): plugged = true, health = 2, mBatteryLevel = 93, mPluggedBatteryLevel = 70, mLowBatteryWarningLevel2 = 25, mshowLowChargingWarning2 = true
D/WifiService(  240): ACTION_BATTERY_CHANGED pluggedType: 1
I/ActivityManager(  240): No longer want com.htc.flexnet (pid 12831): hidden #16, adj=15
D/ActivityManager(  240): Config after re-evaluted by window manager: null
D/WifiService(  240): releaseWifiLockLocked: WifiLock{MAIL_WIFI_LOCK type=1 binder=android.os.BinderProxy@422b2938}
D/WifiService(  240): updateWifiState(): disable hotspot
D/WifiService(  240): updateWifiState(): enable and start wifi
I/ActivityManager(  240): Start proc com.htc.idlescreen.base for broadcast com.htc.idlescreen.base/.setting.UpdateShortcutReceiver: pid=13231 uid=10057 gids={3003}
I/ActivityManager(  240): No longer want com.htc.htcMessageUploader (pid 12847): hidden #16, adj=15
D/ActivityManager(  240): Config after re-evaluted by window manager: null
I/ActivityManager(  240): Start proc com.android.settings:remote for broadcast com.android.settings/.framework.activity.powersaver.SmartSyncDataLinkTurnOffReceiver: pid=13255 uid=1000 gids={1015, 3002, 3001, 3003, 5001, 5004, 5003, 3007, 3006, 2001, 1007}
D/Socket_Alarm(13255): registerHTCSocketMonitorCallBack
D/Socket_Alarm(13255): set mSocketMonitor
D/Socket_Alarm(13255): HTCSocketMonitorImpl::HTCSocketMonitorImpl
I/ActivityManager(  240): No longer want com.htc.notes:NotesService (pid 12860): hidden #16, adj=15
D/ActivityManager(  240): Config after re-evaluted by window manager: null
I/ActivityManager(  240): Start proc com.htc.calendar for broadcast com.htc.calendar/.app.widget.CalendarAppWidgetService$CalendarFactory: pid=13268 uid=10012 gids={2001, 3003, 1015, 1006, 5001}
I/ActivityManager(  240): No longer want com.google.android.apps.uploader (pid 12873): hidden #16, adj=15
D/ActivityManager(  240): Config after re-evaluted by window manager: null
D/Socket_Alarm(13268): registerHTCSocketMonitorCallBack
D/Socket_Alarm(13268): set mSocketMonitor
D/Socket_Alarm(13268): HTCSocketMonitorImpl::HTCSocketMonitorImpl
D/BatteryService(  240): updateBatteryStats ======================================
D/BatteryService(  240): updateBatteryStats ======================================
D/BatteryService(  240): UEvent updateBatteryStats
D/NotificationService(  240): mIntentReceiver() Intent.ACTION_BATTERY_CHANGED
D/PowerManagerService(  240): runHtcPowerSaverCheck ======================================
D/PowerUI (  335): closing low battery warning: level=93
D/PowerUI (  335): plugged = true, health = 2, mBatteryLevel = 93, mPluggedBatteryLevel = 70, mLowBatteryWarningLevel2 = 25, mshowLowChargingWarning2 = true
D/WifiService(  240): ACTION_BATTERY_CHANGED pluggedType: 1
D/BatteryService(  240): updateBatteryStats ======================================
D/BatteryService(  240): UEvent updateBatteryStats
D/NotificationService(  240): mIntentReceiver() Intent.ACTION_BATTERY_CHANGED
D/PowerManagerService(  240): runHtcPowerSaverCheck ======================================
D/PowerUI (  335): closing low battery warning: level=93
D/PowerUI (  335): plugged = true, health = 2, mBatteryLevel = 93, mPluggedBatteryLevel = 70, mLowBatteryWarningLevel2 = 25, mshowLowChargingWarning2 = true
D/WifiService(  240): ACTION_BATTERY_CHANGED pluggedType: 1
V/LocationManagerService(  240): getAllProviders
V/LocationManagerService(  240): getProviders
V/LocationManagerService(  240): getLastKnownLocation: network
D/BatteryService(  240): updateBatteryStats ======================================
D/BatteryService(  240): UEvent updateBatteryStats
D/NotificationService(  240): mIntentReceiver() Intent.ACTION_BATTERY_CHANGED
D/PowerManagerService(  240): runHtcPowerSaverCheck ======================================
D/PowerUI (  335): closing low battery warning: level=94
D/PowerUI (  335): plugged = true, health = 2, mBatteryLevel = 94, mPluggedBatteryLevel = 70, mLowBatteryWarningLevel2 = 25, mshowLowChargingWarning2 = true
D/WifiService(  240): ACTION_BATTERY_CHANGED pluggedType: 1
V/LocationManagerService(  240): getAllProviders
V/LocationManagerService(  240): getProviders
V/LocationManagerService(  240): getLastKnownLocation: network
D/BatteryService(  240): updateBatteryStats ======================================
D/BatteryService(  240): UEvent updateBatteryStats
D/NotificationService(  240): mIntentReceiver() Intent.ACTION_BATTERY_CHANGED
D/PowerManagerService(  240): runHtcPowerSaverCheck ======================================
D/PowerUI (  335): closing low battery warning: level=94
D/PowerUI (  335): plugged = true, health = 2, mBatteryLevel = 94, mPluggedBatteryLevel = 70, mLowBatteryWarningLevel2 = 25, mshowLowChargingWarning2 = true
D/WifiService(  240): ACTION_BATTERY_CHANGED pluggedType: 1
D/BatteryService(  240): updateBatteryStats ======================================
D/BatteryService(  240): UEvent updateBatteryStats
D/NotificationService(  240): mIntentReceiver() Intent.ACTION_BATTERY_CHANGED
D/PowerManagerService(  240): runHtcPowerSaverCheck ======================================
D/PowerUI (  335): closing low battery warning: level=94
D/PowerUI (  335): plugged = true, health = 2, mBatteryLevel = 94, mPluggedBatteryLevel = 70, mLowBatteryWarningLevel2 = 25, mshowLowChargingWarning2 = true
D/WifiService(  240): ACTION_BATTERY_CHANGED pluggedType: 1
W/ActivityManager(  240): Unable to start service Intent { act=com.google.android.apps.chrome.omaha.ACTION_REGISTER_REQUEST flg=0x4 cmp=com.chrome.beta/com.google.android.apps.chrome.omaha.OmahaPingService (has extras) }: not found
D/BatteryService(  240): updateBatteryStats ======================================
D/BatteryService(  240): updateBatteryStats ======================================
D/BatteryService(  240): UEvent updateBatteryStats
D/NotificationService(  240): mIntentReceiver() Intent.ACTION_BATTERY_CHANGED
D/PowerManagerService(  240): runHtcPowerSaverCheck ======================================
D/PowerUI (  335): closing low battery warning: level=95
D/PowerUI (  335): plugged = true, health = 2, mBatteryLevel = 95, mPluggedBatteryLevel = 70, mLowBatteryWarningLevel2 = 25, mshowLowChargingWarning2 = true
D/WifiService(  240): ACTION_BATTERY_CHANGED pluggedType: 1
D/BatteryService(  240): updateBatteryStats ======================================
D/BatteryService(  240): UEvent updateBatteryStats
D/NotificationService(  240): mIntentReceiver() Intent.ACTION_BATTERY_CHANGED
D/PowerManagerService(  240): runHtcPowerSaverCheck ======================================
D/PowerUI (  335): closing low battery warning: level=95
D/PowerUI (  335): plugged = true, health = 2, mBatteryLevel = 95, mPluggedBatteryLevel = 70, mLowBatteryWarningLevel2 = 25, mshowLowChargingWarning2 = true
D/WifiService(  240): ACTION_BATTERY_CHANGED pluggedType: 1
D/BatteryService(  240): updateBatteryStats ======================================
D/BatteryService(  240): UEvent updateBatteryStats
D/NotificationService(  240): mIntentReceiver() Intent.ACTION_BATTERY_CHANGED
D/PowerManagerService(  240): runHtcPowerSaverCheck ======================================
D/PowerUI (  335): closing low battery warning: level=95
D/PowerUI (  335): plugged = true, health = 2, mBatteryLevel = 95, mPluggedBatteryLevel = 70, mLowBatteryWarningLevel2 = 25, mshowLowChargingWarning2 = true
D/WifiService(  240): ACTION_BATTERY_CHANGED pluggedType: 1
D/BatteryService(  240): updateBatteryStats ======================================
D/BatteryService(  240): updateBatteryStats ======================================
D/BatteryService(  240): UEvent updateBatteryStats
D/NotificationService(  240): mIntentReceiver() Intent.ACTION_BATTERY_CHANGED
D/PowerManagerService(  240): runHtcPowerSaverCheck ======================================
D/PowerUI (  335): closing low battery warning: level=96
D/PowerUI (  335): plugged = true, health = 2, mBatteryLevel = 96, mPluggedBatteryLevel = 70, mLowBatteryWarningLevel2 = 25, mshowLowChargingWarning2 = true
D/WifiService(  240): ACTION_BATTERY_CHANGED pluggedType: 1
D/BatteryService(  240): updateBatteryStats ======================================
D/BatteryService(  240): updateBatteryStats ======================================
D/BatteryService(  240): UEvent updateBatteryStats
D/NotificationService(  240): mIntentReceiver() Intent.ACTION_BATTERY_CHANGED
D/PowerManagerService(  240): runHtcPowerSaverCheck ======================================
D/PowerUI (  335): closing low battery warning: level=96
D/PowerUI (  335): plugged = true, health = 2, mBatteryLevel = 96, mPluggedBatteryLevel = 70, mLowBatteryWarningLevel2 = 25, mshowLowChargingWarning2 = true
D/WifiService(  240): ACTION_BATTERY_CHANGED pluggedType: 1
D/BatteryService(  240): updateBatteryStats ======================================
W/AlarmManager(  240): RXTXtriggerAlarmsLocked
D/BatteryService(  240): updateBatteryStats ======================================
D/BatteryService(  240): updateBatteryStats ======================================
D/BatteryService(  240): UEvent updateBatteryStats
D/NotificationService(  240): mIntentReceiver() Intent.ACTION_BATTERY_CHANGED
D/PowerManagerService(  240): runHtcPowerSaverCheck ======================================
D/PowerUI (  335): closing low battery warning: level=97
D/PowerUI (  335): plugged = true, health = 2, mBatteryLevel = 97, mPluggedBatteryLevel = 70, mLowBatteryWarningLevel2 = 25, mshowLowChargingWarning2 = true
D/WifiService(  240): ACTION_BATTERY_CHANGED pluggedType: 1
D/BatteryService(  240): updateBatteryStats ======================================
D/BatteryService(  240): UEvent updateBatteryStats
D/NotificationService(  240): mIntentReceiver() Intent.ACTION_BATTERY_CHANGED
D/PowerManagerService(  240): runHtcPowerSaverCheck ======================================
D/PowerUI (  335): closing low battery warning: level=97
D/PowerUI (  335): plugged = true, health = 2, mBatteryLevel = 97, mPluggedBatteryLevel = 70, mLowBatteryWarningLevel2 = 25, mshowLowChargingWarning2 = true
D/WifiService(  240): ACTION_BATTERY_CHANGED pluggedType: 1
D/BatteryService(  240): updateBatteryStats ======================================
I/ActivityManager(  240): Start proc com.twitter.android for service com.twitter.android/.client.AppService: pid=13556 uid=10021 gids={3003, 1015}
I/ActivityManager(  240): No longer want com.htc.cs (pid 12888): hidden #16, adj=15
D/ActivityManager(  240): Config after re-evaluted by window manager: null
D/Socket_Alarm(13556): registerHTCSocketMonitorCallBack
D/Socket_Alarm(13556): set mSocketMonitor
D/Socket_Alarm(13556): HTCSocketMonitorImpl::HTCSocketMonitorImpl
D/BatteryService(  240): updateBatteryStats ======================================
D/BatteryService(  240): updateBatteryStats ======================================
D/BatteryService(  240): UEvent updateBatteryStats
D/NotificationService(  240): mIntentReceiver() Intent.ACTION_BATTERY_CHANGED
D/PowerManagerService(  240): runHtcPowerSaverCheck ======================================
D/PowerUI (  335): closing low battery warning: level=97
D/PowerUI (  335): plugged = true, health = 2, mBatteryLevel = 97, mPluggedBatteryLevel = 70, mLowBatteryWarningLevel2 = 25, mshowLowChargingWarning2 = true
D/WifiService(  240): ACTION_BATTERY_CHANGED pluggedType: 1
I/ActivityManager(  240): No longer want com.htc.reportagent (pid 12902): hidden #16, adj=15
I/ActivityManager(  240): No longer want com.htc.bg (pid 12916): hidden #17, adj=15
I/ActivityManager(  240): No longer want com.google.android.apps.maps:GoogleLocationService (pid 12741): hidden #18, adj=15
D/ActivityManager(  240): Config after re-evaluted by window manager: null
W/ActivityManager(  240): Scheduling restart of crashed service com.google.android.apps.maps/com.google.android.location.internal.server.GoogleLocationService in 5000ms
V/LocationManagerService(  240): Location listener died
V/LocationManagerService(  240): _removeUpdates: listener = Receiver{41dcf8c0 Listener android.os.BinderProxy@417a4a78}mUpdateRecords: {passive=UpdateRecord{420944a0 mProvider: passive mUid: 10048}}
I/ActivityManager(  240): Start proc com.google.android.apps.maps:GoogleLocationService for service com.google.android.apps.maps/com.google.android.location.internal.server.GoogleLocationService: pid=13607 uid=10048 gids={3003, 1015}
D/Socket_Alarm(13607): registerHTCSocketMonitorCallBack
D/Socket_Alarm(13607): set mSocketMonitor
D/Socket_Alarm(13607): HTCSocketMonitorImpl::HTCSocketMonitorImpl
V/LocationManagerService(  240): getAllProviders
E/LocationManagerService(  240): add listener to CarGpsProvider to provide NMEA
V/LocationManagerService(  240): requestLocationUpdates
V/LocationManagerService(  240): _requestLocationUpdates: listener = Receiver{41ddd8f0 Listener android.os.BinderProxy@41ddd890}mUpdateRecords: {}
V/LocationManagerService(  240): requestLocationUpdatesLocked++
V/LocationManagerService(  240): _requestLocationUpdates: provider = passive listener = Receiver{41ddd8f0 Listener android.os.BinderProxy@41ddd890}mUpdateRecords: {passive=UpdateRecord{42003198 mProvider: passive mUid: 10048}}
V/LocationManagerService(  240): requestLocationUpdatesLocked--
I/ActivityManager(  240): Start proc com.google.android.apps.maps:FriendService for broadcast com.google.android.apps.maps/com.google.googlenav.friend.android.ServiceReceiver: pid=13628 uid=10048 gids={3003, 1015}
D/Socket_Alarm(13628): registerHTCSocketMonitorCallBack
D/Socket_Alarm(13628): set mSocketMonitor
D/Socket_Alarm(13628): HTCSocketMonitorImpl::HTCSocketMonitorImpl
I/PackageManager(  240):  setEnabledSetting(), pkgName=com.google.android.apps.maps, clsName=com.google.android.maps.driveabout.app.DestinationActivity, state=1, flag=1, pid=13628, uid=10048
I/ActivityManager(  240): Start proc com.google.android.apps.maps:LocationFriendService for broadcast com.google.android.apps.maps/com.google.googlenav.friend.reporting.LocationReportingIntentReceiver: pid=13640 uid=10048 gids={3003, 1015}
D/WifiService(  240): acquireWifiLockLocked: WifiLock{NetworkLocationLocator type=2 binder=android.os.BinderProxy@418c4af0}
D/WifiService(  240): updateWifiState(): disable hotspot
D/WifiService(  240): updateWifiState(): enable and start wifi
I/ActivityManager(  240): No longer want com.dropbox.android (pid 12933): hidden #16, adj=15
D/ActivityManager(  240): Config after re-evaluted by window manager: null
