D/Socket_Alarm(16138): set mSocketMonitor
D/Socket_Alarm(16138): HTCSocketMonitorImpl::HTCSocketMonitorImpl
V/BackupManagerService(  240): Running a backup pass
V/BackupManagerService(  240): clearing pending backups
V/PerformBackupTask(  240): Beginning backup of 11 targets
D/dalvikvm(  487): GC_EXPLICIT freed 600K, 59% free 6035K/14627K, paused 3ms+5ms
I/ActivityManager(  240): Start proc com.htc.notes:NotesService for broadcast com.htc.notes/.provider.notes.NotesReceiver: pid=16152 uid=9996 gids={3003, 1015, 1006, 2001}
D/Process (  240): killProcessQuiet, pid=14356
D/Process (  240): dalvik.system.VMStack.getThreadStackTrace(Native Method)
D/Process (  240): java.lang.Thread.getStackTrace(Thread.java:599)
D/Process (  240): android.os.Process.killProcessQuiet(Process.java:818)
D/Process (  240): com.android.server.am.ActivityManagerService.updateOomAdjLocked(ActivityManagerService.java:15140)
D/Process (  240): com.android.server.am.ActivityManagerService.trimApplications(ActivityManagerService.java:15303)
D/Process (  240): com.android.server.am.ActivityManagerService.finishReceiver(ActivityManagerService.java:13168)
D/Process (  240): android.app.ActivityManagerNative.onTransact(ActivityManagerNative.java:336)
D/Process (  240): com.android.server.am.ActivityManagerService.onTransact(ActivityManagerService.java:1706)
D/Process (  240): android.os.Binder.execTransact(Binder.java:338)
D/Process (  240): dalvik.system.NativeStart.run(Native Method)
D/GpsLocationProvider(  240): mInjectNtpTimePending(FALSE)
D/GpsLocationProvider(  240): mDownloadXtraDataPending(FALSE)
I/ActivityManager(  240): No longer want com.htc.bg (pid 14356): hidden #16, adj=15
W/ContentService(  240): binderDied() at ObserverNode
D/Process (  240): killProcessQuiet, pid=15572
D/Process (  240): dalvik.system.VMStack.getThreadStackTrace(Native Method)
D/Process (  240): java.lang.Thread.getStackTrace(Thread.java:599)
D/Process (  240): android.os.Process.killProcessQuiet(Process.java:818)
D/Process (  240): com.android.server.am.ActivityManagerService.updateOomAdjLocked(ActivityManagerService.java:15140)
D/Process (  240): com.android.server.am.ActivityManagerService.trimApplications(ActivityManagerService.java:15303)
D/Process (  240): com.android.server.am.ActivityManagerService.finishReceiver(ActivityManagerService.java:13168)
D/Process (  240): android.app.ActivityManagerNative.onTransact(ActivityManagerNative.java:336)
D/Process (  240): com.android.server.am.ActivityManagerService.onTransact(ActivityManagerService.java:1706)
D/Process (  240): android.os.Binder.execTransact(Binder.java:338)
D/Process (  240): dalvik.system.NativeStart.run(Native Method)
I/ActivityManager(  240): Start proc com.google.android.apps.uploader for broadcast com.google.android.apps.uploader/.ConnectivityBroadcastReceiver: pid=16165 uid=10045 gids={3003}
I/ActivityManager(  240): No longer want com.htc.cs (pid 15572): hidden #16, adj=15
I/dalvikvm(16165): Turning on JNI app bug workarounds for target SDK version 11...
I/ActivityThread(16165): Pub com.google.android.apps.uploader: com.google.android.apps.uploader.UploadsContentProvider
I/ActivityThread(16165): Pub com.google.photos.provider.Album: com.google.android.apps.uploader.clients.picasa.AlbumProvider
D/MediaUploader(16165): UploaderApplication.onCreate
E/SqliteDatabaseCpp(32552): native_1x1_string (step): errno = 2, error message = No such file or directory, path = /data/data/com.google.android.gsf/databases , key = cwevragew, handle = 0x197a330
D/MediaUploader(16165): nonWifiLimit=20971520, default=20971520
I/MediaUploader(16165): No need to wake up
D/Process (  240): killProcessQuiet, pid=15308
D/Process (  240): dalvik.system.VMStack.getThreadStackTrace(Native Method)
D/Process (  240): java.lang.Thread.getStackTrace(Thread.java:599)
D/Process (  240): android.os.Process.killProcessQuiet(Process.java:818)
D/Process (  240): com.android.server.am.ActivityManagerService.updateOomAdjLocked(ActivityManagerService.java:15140)
D/Process (  240): com.android.server.am.ActivityManagerService.trimApplications(ActivityManagerService.java:15303)
D/Process (  240): com.android.server.am.ActivityManagerService.finishReceiver(ActivityManagerService.java:13168)
D/Process (  240): android.app.ActivityManagerNative.onTransact(ActivityManagerNative.java:336)
D/Process (  240): com.android.server.am.ActivityManagerService.onTransact(ActivityManagerService.java:1706)
D/Process (  240): android.os.Binder.execTransact(Binder.java:338)
D/Process (  240): dalvik.system.NativeStart.run(Native Method)
I/ActivityManager(  240): Start proc com.htc.cs for broadcast com.htc.cs/.receiver.PoweronReceiver: pid=16180 uid=10012 gids={2001, 3003, 1015, 1006, 5001}
I/ActivityManager(  240): No longer want com.htc.android.mail:directpush (pid 15308): hidden #16, adj=15
I/ActivityThread(16180): Pub com.htc.connectedservice.csprovider: com.htc.cs.provider.ConnectedServiceProvider
I/ActivityThread(16180): Pub com.htc.cs.dashboard: com.htc.cs.sync.dashboard.DashboardProvider
D/MyHTC   (16180): PoweronReceiver.onReceive(): intent=android.net.conn.CONNECTIVITY_CHANGE
D/MyHTC   (16180): ConnectivityWatcher: connectivityChanged()
D/CSUtil  ( 6195): serverTime = 1360740234648
D/CSUtil  ( 6195): serverTime = 258702
D/CSUtil  ( 6195): curGMTTime = 4781458
D/Process (  240): killProcessQuiet, pid=15821
D/Process (  240): dalvik.system.VMStack.getThreadStackTrace(Native Method)
D/Process (  240): java.lang.Thread.getStackTrace(Thread.java:599)
D/Process (  240): android.os.Process.killProcessQuiet(Process.java:818)
D/Process (  240): com.android.server.am.ActivityManagerService.updateOomAdjLocked(ActivityManagerService.java:15140)
D/Process (  240): com.android.server.am.ActivityManagerService.updateLruProcessInternalLocked(ActivityManagerService.java:1934)
D/Process (  240): com.android.server.am.ActivityManagerService.updateLruProcessLocked(ActivityManagerService.java:1941)
D/Process (  240): com.android.server.am.ActivityManagerService.processCurBroadcastLocked(ActivityManagerService.java:13338)
D/Process (  240): com.android.server.am.ActivityManagerService.processNextBroadcast(ActivityManagerService.java:13763)
D/Process (  240): com.android.server.am.ActivityManagerService.finishReceiver(ActivityManagerService.java:13166)
D/Process (  240): android.app.ActivityManagerNative.onTransact(ActivityManagerNative.java:336)
D/Process (  240): com.android.server.am.ActivityManagerService.onTransact(ActivityManagerService.java:1706)
D/Process (  240): android.os.Binder.execTransact(Binder.java:338)
D/Process (  240): dalvik.system.NativeStart.run(Native Method)
I/MyReportAgent(15800): ReportAgentReceiver [onReceive] android.net.conn.CONNECTIVITY_CHANGE
V/MyReportAgent(15800): ReportAgentReceiver Recv Intent: Intent { act=android.net.conn.CONNECTIVITY_CHANGE flg=0x10000010 cmp=com.htc.reportagent/.receiver.ReportAgentReceiver (has extras) }
D/MyReportAgent(15800): android.net.conn.CONNECTIVITY_CHANGE
I/ActivityManager(  240): No longer want com.google.android.youtube (pid 15821): hidden #16, adj=15
W/ContentService(  240): binderDied() at ObserverNode
I/ActivityManager(  240): Start proc com.htc.bg for broadcast com.htc.providers.uploads/.UploadReceiver: pid=16196 uid=10012 gids={2001, 3003, 1015, 1006, 5001}
D/MyReportAgent(15800): ReportService [##] onStartCommand(), flags = 2, startId = 2, intent = Intent { act=android.net.conn.CONNECTIVITY_CHANGE flg=0x10000010 cmp=com.htc.reportagent/.ReportService (has extras) }, this = com.htc.reportagent.ReportService@40da9480
I/ActivityThread(16196): Pub com.htc.socialnetwork.flickr.provider.StreamProvider: com.htc.socialnetwork.flickr.provider.FlickrStreamProvider
D/ConnectivityService(  240): handleInetConditionHoldEnd: net=1, condition=100, published condition=100
D/ConnectivityService(  240): sendStickyBroadcast: action=android.net.conn.INET_CONDITION_ACTION
D/PhoneStatusBarPolicy(  335): ServiceState ss: 0
D/PhoneStatusBarPolicy(  335): Network Type: 3
I/ActivityThread(16196): Pub com.htc.accounts: com.htc.CustomizationSetup.AccountsProvider
I/ActivityThread(16196): Pub com.htc.friendstream.provider.FriendStreamProvider: com.htc.friendstream.provider.FriendStreamProvider
I/ActivityThread(16196): Pub com.htc.settings.accountsync.SYNC: com.htc.opensense.syncprovider.SyncProvider
D/SyncProvider(16196): onCreate
I/ActivityThread(16196): Pub com.htc.providers.uploads: com.htc.providers.uploads.UploadProvider
D/UploadProvider(16196): UploadProvider is running
I/ActivityThread(16196): Pub com.htc.socialnetwork.plurk.provider.CacheImageProvider: com.htc.socialnetwork.plurk.provider.PlurkCacheImageProvider
I/ActivityThread(16196): Pub com.htc.socialnetwork.facebook.provider.CacheImageProvider: com.htc.socialnetwork.facebook.provider.FacebookCacheImageProvider
I/ActivityThread(16196): Pub plurks;com.htc.socialnetwork.plurk: com.htc.socialnetwork.plurk.PlurkProvider
I/ActivityThread(16196): Pub com.htc.htctwitter.Users: com.htc.htctwitter.FriendProvider
I/ActivityThread(16196): Pub com.htc.opensense.snprovider: com.htc.opensense.snprovider.SocialNetworkProvider
D/SocialNetworkProvider(16196): onCreate
I/ActivityThread(16196): Pub com.htc.socialnetwork.flickr.provider.CacheImageProvider: com.htc.socialnetwork.flickr.provider.FlickrCacheImageProvider
I/ActivityThread(16196): Pub com.htc.htctwitter: com.htc.htctwitter.TwitterProvider
D/TwidroidPreferences(16196): SyncPreferences created
D/TwidroidPreferences(16196): readprefs favoritePage: 0
I/ActivityThread(16196): Pub com.htc.provider.settings: com.htc.provider.settings.NotificationFlashLightProvider
I/ActivityThread(16196): Pub com.htc.cachemanager: com.htc.opensense.cachemanager.CacheProvider
I/ActivityThread(16196): Pub com.htc.htctwitter.provider.CacheImageProvider: com.htc.htctwitter.provider.TwitterCacheImageProvider
I/ActivityThread(16196): Pub com.htc.socialnetwork.facebook: com.htc.socialnetwork.facebook.FacebookDB
D/UploadReceiver(16196): Action android.net.conn.CONNECTIVITY_CHANGE
V/UploadReceiver(16196): Receiver onConnectivity
D/SqliteDatabaseCpp(16196): Registering sqlite logging func: /data/data/com.htc.providers.uploads/databases/uploads.db
D/SqliteDatabaseCpp(16196): DB info: open db, path = /data/data/com.htc.providers.uploads/databases , key = uhlkYdw, flag = 6, file size = 10240
D/SqliteDatabaseCpp(16196): DB info: path = /data/data/com.htc.providers.uploads/databases , key = uhlkYdw, handle: 0x1936e88, type: w, r/w: (0,1), mode: truncate, disk free size: 184 M
D/Process (  240): killProcessQuiet, pid=15285
D/Process (  240): dalvik.system.VMStack.getThreadStackTrace(Native Method)
D/Process (  240): java.lang.Thread.getStackTrace(Thread.java:599)
D/Process (  240): android.os.Process.killProcessQuiet(Process.java:818)
D/Process (  240): com.android.server.am.ActivityManagerService.updateOomAdjLocked(ActivityManagerService.java:15140)
D/Process (  240): com.android.server.am.ActivityManagerService.trimApplications(ActivityManagerService.java:15303)
D/Process (  240): com.android.server.am.ActivityManagerService.finishReceiver(ActivityManagerService.java:13168)
D/Process (  240): android.app.ActivityManagerNative.onTransact(ActivityManagerNative.java:336)
D/Process (  240): com.android.server.am.ActivityManagerService.onTransact(ActivityManagerService.java:1706)
D/Process (  240): android.os.Binder.execTransact(Binder.java:338)
D/Process (  240): dalvik.system.NativeStart.run(Native Method)
I/ActivityManager(  240): Start proc com.google.android.youtube for broadcast com.google.android.youtube/.app.prefetch.PrefetchService$DeviceStateReceiver: pid=16214 uid=10009 gids={3003, 1015, 1006}
I/ActivityManager(  240): No longer want com.htc.android.mail (pid 15285): hidden #16, adj=15
V/UploadHelper(16196): frequency = 
I/ActivityThread(16214): Pub com.google.android.youtube.SuggestionProvider: com.google.android.youtube.core.suggest.SuggestionProvider
E/SqliteDatabaseCpp(32552): native_1x1_string (step): errno = 2, error message = No such file or directory, path = /data/data/com.google.android.gsf/databases , key = cwevragew, handle = 0x197a330
I/PackageManager(  240):  setEnabledSetting(), pkgName=com.google.android.youtube, clsName=com.google.android.youtube.app.prefetch.PrefetchService, state=1, flag=1, pid=16214, uid=10009
I/PackageManager(  240):  setEnabledSetting(), pkgName=com.google.android.youtube, clsName=com.google.android.youtube.app.prefetch.PrefetchService$DeviceStateReceiver, state=1, flag=1, pid=16214, uid=10009
E/SqliteDatabaseCpp(32552): native_1x1_string (step): errno = 2, error message = No such file or directory, path = /data/data/com.google.android.gsf/databases , key = cwevragew, handle = 0x197a330
E/SqliteDatabaseCpp(32552): native_1x1_string (step): errno = 2, error message = No such file or directory, path = /data/data/com.google.android.gsf/databases , key = cwevragew, handle = 0x197a330
E/SqliteDatabaseCpp(32552): native_1x1_string (step): errno = 2, error message = No such file or directory, path = /data/data/com.google.android.gsf/databases , key = cwevragew, handle = 0x197a330
E/SqliteDatabaseCpp(32552): native_1x1_string (step): errno = 2, error message = No such file or directory, path = /data/data/com.google.android.gsf/databases , key = cwevragew, handle = 0x197a330
E/SqliteDatabaseCpp(32552): native_1x1_string (step): errno = 2, error message = No such file or directory, path = /data/data/com.google.android.gsf/databases , key = cwevragew, handle = 0x197a330
E/SqliteDatabaseCpp(32552): native_1x1_string (step): errno = 2, error message = No such file or directory, path = /data/data/com.google.android.gsf/databases , key = cwevragew, handle = 0x197a330
E/SqliteDatabaseCpp(32552): native_1x1_string (step): errno = 2, error message = No such file or directory, path = /data/data/com.google.android.gsf/databases , key = cwevragew, handle = 0x197a330
D/SqliteDatabaseCpp(16214): Registering sqlite logging func: /data/data/com.google.android.youtube/databases/google_analytics.db
D/SqliteDatabaseCpp(16214): DB info: open db, path = /data/data/com.google.android.youtube/databases , key = ckkcle[YjYlqtagw, flag = 6, file size = 18432
D/SqliteDatabaseCpp(16214): DB info: path = /data/data/com.google.android.youtube/databases , key = ckkcle[YjYlqtagw, handle: 0x193e1a8, type: w, r/w: (0,1), mode: truncate, disk free size: 184 M
E/SqliteDatabaseCpp(32552): native_1x1_string (step): errno = 2, error message = No such file or directory, path = /data/data/com.google.android.gsf/databases , key = cwevragew, handle = 0x197a330
D/dalvikvm(  240): GC_CONCURRENT freed 4934K, 42% free 24435K/41891K, paused 6ms+27ms
E/SqliteDatabaseCpp(32552): native_1x1_string (step): errno = 2, error message = No such file or directory, path = /data/data/com.google.android.gsf/databases , key = cwevragew, handle = 0x197a330
E/SqliteDatabaseCpp(32552): native_1x1_string (step): errno = 2, error message = No such file or directory, path = /data/data/com.google.android.gsf/databases , key = cwevragew, handle = 0x197a330
E/SqliteDatabaseCpp(32552): native_1x1_string (step): errno = 2, error message = No such file or directory, path = /data/data/com.google.android.gsf/databases , key = cwevragew, handle = 0x197a330
E/SqliteDatabaseCpp(32552): native_1x1_string (step): errno = 2, error message = No such file or directory, path = /data/data/com.google.android.gsf/databases , key = cwevragew, handle = 0x197a330
D/MP-Decision(  689): DOWN Ns:2.100000 Ts:270 rq:2.000000 seq:297 (Up time:1284)
D/dalvikvm(  240): GC_EXPLICIT freed 422K, 42% free 24551K/41891K, paused 11ms+31ms
E/SqliteDatabaseCpp(32552): native_1x1_string (step): errno = 2, error message = No such file or directory, path = /data/data/com.google.android.gsf/databases , key = cwevragew, handle = 0x197a330
D/PhoneStatusBarPolicy(  335): ServiceState ss: 0
D/PhoneStatusBarPolicy(  335): Network Type: 3
D/dalvikvm(16214): DexOpt: --- BEGIN 'ads1520293415.jar' (bootstrap=0) ---
D/dalvikvm(16214): DexOpt:fork++
D/dalvikvm(16214): DexOpt:fork--, pid=16241
D/dalvikvm(16214): DexOpt: waiting for verify+opt, pid=16241
D/dalvikvm(16241): DexOpt:fork--, pid=0
D/dalvikvm(16241): DexOpt:dvmGetBootPathSize++
D/dalvikvm(16241): DexOpt:dvmGetBootPathSize--, size=16
D/dalvikvm(16241): DexOpt:setpgid++
D/dalvikvm(16241): DexOpt:setpgid--, ret=0
D/dalvikvm(16241): DexOpt:getenv++
D/dalvikvm(16241): DexOpt:getenv--
D/dalvikvm(16241): DexOpt:androidRoot=[/system]
D/dalvikvm(16241): DexOpt:malloc=[0xbea6b498]
D/dalvikvm(16241): DexOpt:strcpy execFile=[/system]
D/dalvikvm(16241): DexOpt:strcat execFile=[/system/bin/dexopt]
D/dalvikvm(16241): DexOpt:values[2]=[27]
D/dalvikvm(16241): DexOpt:values[3]=[56]
D/dalvikvm(16241): DexOpt:values[4]=[40]
D/dalvikvm(16241): DexOpt:values[5]=[5072]
D/dalvikvm(16241): DexOpt:values[7]=[1111069815]
D/dalvikvm(16241): DexOpt:values[8]=[-1831889124]
D/dalvikvm(16241): DexOpt:values[9]=[45]
D/dalvikvm(16241): DexOpt:for bootclass++
D/dalvikvm(16241): DexOpt:for bootclass--
D/dalvikvm(16241): DexOpt:execve('/system/bin/dexopt')
D/dalvikvm(16241): DexOpt: load 5ms, verify+opt 17ms
D/PerformBackupTask(  240): processOneBackup doBackup() on @pm@
V/BackupServiceBinder(  240): doBackup() invoked
D/dalvikvm(16214): DexOpt: waiting--
D/dalvikvm(16214): DexOpt: --- END 'ads1520293415.jar' (success) ---
D/dalvikvm(16214): DEX prep '/data/data/com.google.android.youtube/cache/ads1520293415.jar': unzip in 0ms, rewrite 308ms
D/dalvikvm(32552): GC_EXPLICIT freed 1076K, 28% free 3780K/5219K, paused 2ms+4ms
E/SqliteDatabaseCpp(32552): native_1x1_string (step): errno = 2, error message = No such file or directory, path = /data/data/com.google.android.gsf/databases , key = cwevragew, handle = 0x197a330
E/SqliteDatabaseCpp(32552): native_1x1_string (step): errno = 2, error message = No such file or directory, path = /data/data/com.google.android.gsf/databases , key = cwevragew, handle = 0x197a330
E/SqliteDatabaseCpp(32552): native_1x1_string (step): errno = 2, error message = No such file or directory, path = /data/data/com.google.android.gsf/databases , key = cwevragew, handle = 0x197a330
D/PackageManager(  240): Failed to get PackageInfo!, pkg:com.google.android.hubbroker, flags:0
D/PackageManager(  240): Failed to get PackageInfo!, pkg:com.google.android.setupwarlock, flags:0
D/PackageManager(  240): Failed to get PackageInfo!, pkg:com.google.android.hubbroker, flags:0
D/PackageManager(  240): Failed to get PackageInfo!, pkg:com.google.android.setupwarlock, flags:0
D/PackageManager(  240): Failed to get PackageInfo!, pkg:null, flags:0
D/dalvikvm(16214): GC_CONCURRENT freed 938K, 22% free 3658K/4643K, paused 2ms+3ms
D/dalvikvm(16214): DexOpt: couldn't find field Landroid/app/Notification;.bigContentView
W/dalvikvm(16214): VFY: unable to resolve instance field 5
D/dalvikvm(16214): VFY: replacing opcode 0x5b at 0x016d
I/ConversionPing(16214): Sending ping: http://googleads.g.doubleclick.net/pagead/viewthroughconversion/1001680686/?label=8cu4CIrA3gMQrt7R3QM&muid=luVq86NEGjr_SP5u8HOQqg
D/MP-Decision(  689): UP Nw:2.700000 Tw:180 rq:6.200000 seq:198
D/SqliteDatabaseCpp(16214): DB info: open db, path = /data/data/com.google.android.youtube/databases , key = dksjlkYdw, flag = 6, file size = 1024
D/SqliteDatabaseCpp(16214): DB info: path = /data/data/com.google.android.youtube/databases , key = dksjlkYdw, handle: 0x18e55c8, type: w, r/w: (0,1), mode: wal, disk free size: 184 M
I/PMBA    (  240): Previous metadata 123848.7 mismatch vs 388707.3 - rewriting
W/BackupTransportService(  240): Unknown package in backup request: @pm@
I/dalvikvm(16214): Could not find method android.media.MediaPlayer.setVideoScalingMode, referenced from method com.google.android.youtube.core.player.aa.c
W/dalvikvm(16214): VFY: unable to resolve virtual method 818: Landroid/media/MediaPlayer;.setVideoScalingMode (I)V
D/dalvikvm(16214): VFY: replacing opcode 0x6e at 0x0002
D/Socket_Alarm(16214): registerHTCSocketMonitorCallBack
D/Socket_Alarm(16214): set mSocketMonitor
D/Socket_Alarm(16214): HTCSocketMonitorImpl::HTCSocketMonitorImpl
D/dalvikvm(15864): GC_FOR_ALLOC freed 715K, 14% free 6482K/7523K, paused 52ms
W/BackupTransportService(  240): Backup account missing, trying again later
W/BackupTransportService(  240): Error sending final backup to server: java.io.IOException: Can't get Backup account
I/dalvikvm-heap(15864): Grow heap (frag case) to 38.393MB for 33554448-byte allocation
D/dalvikvm(15864): GC_FOR_ALLOC freed 31K, 3% free 39219K/40355K, paused 39ms
D/gp.PicasaSync(15864): sync account database
D/SqliteDatabaseCpp(15864): DB info: open db, path = /data/data/com.google.android.apps.plus/databases , key = hagYwY, flag = 6, file size = 1024
D/SqliteDatabaseCpp(15864): DB info: path = /data/data/com.google.android.apps.plus/databases , key = hagYwY, handle: 0x19b0568, type: w, r/w: (0,1), mode: wal, disk free size: 184 M
D/Process (  240): killProcessQuiet, pid=16116
D/Process (  240): dalvik.system.VMStack.getThreadStackTrace(Native Method)
D/Process (  240): java.lang.Thread.getStackTrace(Thread.java:599)
D/Process (  240): android.os.Process.killProcessQuiet(Process.java:818)
D/Process (  240): com.android.server.am.ActivityManagerService.updateOomAdjLocked(ActivityManagerService.java:15140)
D/Process (  240): com.android.server.am.ActivityManagerService.updateOomAdjLocked(ActivityManagerService.java:15033)
D/Process (  240): com.android.server.am.ActivityManagerService.serviceDoneExecutingLocked(ActivityManagerService.java:12266)
D/Process (  240): com.android.server.am.ActivityManagerService.serviceDoneExecuting(ActivityManagerService.java:12236)
D/Process (  240): android.app.ActivityManagerNative.onTransact(ActivityManagerNative.java:723)
D/Process (  240): com.android.server.am.ActivityManagerService.onTransact(ActivityManagerService.java:1706)
D/Process (  240): android.os.Binder.execTransact(Binder.java:338)
D/Process (  240): dalvik.system.NativeStart.run(Native Method)
D/gp.PicasaSync(15864): accounts in DB=1
D/gp.PicasaSyncManager(15864): active network: NetworkInfo: type: WIFI[], state: CONNECTED/CONNECTED, reason: (unspecified), extra: (none), roaming: false, failover: false, isAvailable: true, isIpv4Connected: true, isIpv6Connected: false
D/gp.PicasaSyncManager(15864): background data: true
I/ActivityManager(  240): No longer want com.htc.syncagent (pid 16116): hidden #16, adj=15
I/ActivityManager(  240): Start proc com.google.android.gcm for broadcast com.google.android.gms/.gcm.ServiceAutoStarter: pid=16261 uid=10041 gids={3003, 1015, 2001, 1007, 3006}
D/gp.PicasaSyncManager(15864): battery info: false
D/GCM     (16261): COMPAT: Single user
E/SqliteDatabaseCpp(32552): native_1x1_string (step): errno = 2, error message = No such file or directory, path = /data/data/com.google.android.gsf/databases , key = cwevragew, handle = 0x197a330
E/SqliteDatabaseCpp(32552): native_1x1_string (step): errno = 2, error message = No such file or directory, path = /data/data/com.google.android.gsf/databases , key = cwevragew, handle = 0x197a330
D/Process (  240): killProcessQuiet, pid=15913
D/Process (  240): dalvik.system.VMStack.getThreadStackTrace(Native Method)
D/Process (  240): java.lang.Thread.getStackTrace(Thread.java:599)
D/Process (  240): android.os.Process.killProcessQuiet(Process.java:818)
D/Process (  240): com.android.server.am.ActivityManagerService.updateOomAdjLocked(ActivityManagerService.java:15140)
D/Process (  240): com.android.server.am.ActivityManagerService.updateLruProcessInternalLocked(ActivityManagerService.java:1934)
D/Process (  240): com.android.server.am.ActivityManagerService.updateLruProcessLocked(ActivityManagerService.java:1941)
D/Process (  240): com.android.server.am.ActivityManagerService.processCurBroadcastLocked(ActivityManagerService.java:13338)
D/Process (  240): com.android.server.am.ActivityManagerService.processNextBroadcast(ActivityManagerService.java:13763)
D/Process (  240): com.android.server.am.ActivityManagerService.finishReceiver(ActivityManagerService.java:13166)
D/Process (  240): android.app.ActivityManagerNative.onTransact(ActivityManagerNative.java:336)
D/Process (  240): com.android.server.am.ActivityManagerService.onTransact(ActivityManagerService.java:1706)
D/Process (  240): android.os.Binder.execTransact(Binder.java:338)
D/Process (  240): com.android.server.SystemServer.init1(Native Method)
D/Process (  240): com.android.server.SystemServer.main(SystemServer.java:1009)
D/Process (  240): java.lang.reflect.Method.invokeNative(Native Method)
D/Process (  240): java.lang.reflect.Method.invoke(Method.java:511)
D/Process (  240): com.android.internal.os.ZygoteInit$MethodAndArgsCaller.run(ZygoteInit.java:784)
D/Process (  240): com.android.internal.os.ZygoteInit.main(ZygoteInit.java:551)
D/Process (  240): dalvik.system.NativeStart.main(Native Method)
I/ActivityManager(  240): No longer want com.chrome.beta (pid 15913): hidden #16, adj=15
D/FlexNetS(15525): CampNetworkInWhiteBlackList had check current PLMN =46692
W/TelephonyManager(15525): Hidden constructor called more than once per process!
W/TelephonyManager(15525): Original: com.htc.flexnet, new: com.htc.flexnet
V/FlexNetS(15525): onStartCommand() ACTION_WIFI_CONNECTED
D/WifiStateMachine(  240): syncRequestConnectionInfo mWifiInfo=SSID: MOMO, BSSID: 00:19:cb:4b:15:f2, MAC: A8:26:D9:D1:BF:D5, Supplicant state: COMPLETED, RSSI: -90, Link speed: 5, Frequency: 2432, Net ID: 0, Explicit connect: false
V/FlexNetS(15525): handleCommand_AutoMode action: ACTION_WIFI_CONNECTED
W/TelephonyManager(32552): Hidden constructor called more than once per process!
W/TelephonyManager(32552): Original: com.google.android.gsf, new: com.google.android.gsf
D/FlexNetS(15525): CampNetworkInWhiteBlackList had check current PLMN =46692
V/FlexNetS(15525): isAllowedToGsmOnlyMode not allow: getHigherPowerIn2GPref = true
D/AutoSetting( 6195): receiver - intent: android.net.conn.CONNECTIVITY_CHANGE
D/AutoSetting( 6195): receiver - NetworkInfo: type: WIFI[], state: CONNECTED/CONNECTED, reason: (unspecified), extra: (none), roaming: false, failover: false, isAvailable: true, isIpv4Connected: true, isIpv6Connected: false
V/htcMessageUploader(16138): [UploadMessageReceiver] UploadMessageReceiver() constructor !!!
I/htcMessageUploader(16138): Start thread to upload fota event message:com.htc.htcMessageUploader.UploadMessageReceiver
D/htcMessageUploader(16138): Total time in main thread:3 milli-seconds
D/htcMessageUploader(16138): Get CONNECTIVITY_ACTION intent 
D/AutoSetting( 6195): service - onStartCommand() action: com.htc.app.autosetting.requestlocationupdate
D/AutoSetting( 6195): service - requestNLP() to last request within 2hrs, don't request 817905
D/AutoSetting( 6195): service - onStartCommand() REMOVE current location bundle
D/AutoSetting( 6195): service - handleMessage() incoming message, what:9
D/AutoSetting( 6195): service - mHandler: update time
D/AutoSetting( 6195): service - processTime() ICS platform (15), skip time sync task
D/AutoSetting( 6195): service - handleMessage() setting current location null
I/MediaUploader(16165): No need to wake up
D/MyHTC   (16180): PoweronReceiver.onReceive(): intent=android.net.conn.CONNECTIVITY_CHANGE
D/MyHTC   (16180): ConnectivityWatcher: connectivityChanged()
I/htcMessageUploader(16138): == UploadMessageReceiver finished ==
D/CSUtil  ( 6195): serverTime = 1360740234648
D/CSUtil  ( 6195): serverTime = 258702
D/CSUtil  ( 6195): curGMTTime = 4783574
I/MyReportAgent(15800): ReportAgentReceiver [onReceive] android.net.conn.CONNECTIVITY_CHANGE
V/MyReportAgent(15800): ReportAgentReceiver Recv Intent: Intent { act=android.net.conn.CONNECTIVITY_CHANGE flg=0x10000010 cmp=com.htc.reportagent/.receiver.ReportAgentReceiver (has extras) }
D/MyReportAgent(15800): android.net.conn.CONNECTIVITY_CHANGE
D/UploadReceiver(16196): Action android.net.conn.CONNECTIVITY_CHANGE
V/UploadReceiver(16196): Receiver onConnectivity
D/MyReportAgent(15800): ReportService [##] onStartCommand(), flags = 2, startId = 3, intent = Intent { act=android.net.conn.CONNECTIVITY_CHANGE flg=0x10000010 cmp=com.htc.reportagent/.ReportService (has extras) }, this = com.htc.reportagent.ReportService@40da9480
I/UploadService(16196): Service onCreate
V/UploadHelper(16196): frequency = 
I/UploadNotification(16196): updateNotification
I/UploadNotification(16196): colloateNotification
D/gp.PicasaSyncManager(15864): active network: NetworkInfo: type: WIFI[], state: CONNECTED/CONNECTED, reason: (unspecified), extra: (none), roaming: false, failover: false, isAvailable: true, isIpv4Connected: true, isIpv6Connected: false
D/gp.PicasaSyncManager(15864): background data: true
I/UploadNotification(16196): updateAllNotification
D/UploadService(16196): updateFromProvider synchronized
I/UploadService(16196): Service onStart
W/UploadService(16196): UpdateThread already running
I/ActivityManager(  240): Start proc com.chrome.beta for broadcast com.chrome.beta/com.google.android.apps.chrome.preferences.ConnectionChangeReceiver: pid=16286 uid=10050 gids={3003, 1006, 1015}
D/UploadService(16196): UpdateThread is looping keepService = false
D/UploadService(16196): UpdateThread synchronized
D/UploadService(16196): mUpload.size 0
D/UploadService(16196): set notification curActiveUpload = 0
I/PerformBackupTask(  240): Backup pass finished.
D/UploadService(16196): keepService = false
D/UploadService(16196): UpdateThread is looping keepService = false
D/UploadService(16196): UpdateThread synchronized
D/UploadService(16196): stop self
I/UploadService(16196): Service onDestroy
I/ActivityThread(16286): Pub com.chrome.beta.snapshot: com.google.android.apps.chrome.snapshot.SnapshotProvider
I/ActivityThread(16286): Pub com.chrome.beta.ChromeBrowserProvider;com.chrome.beta.browser;com.chrome.beta: com.google.android.apps.chrome.ChromeBrowserProvider
I/ActivityManager(  240): Start proc com.google.android.gms for broadcast com.google.android.gms/.recovery.AccountRecoveryService$Receiver: pid=16300 uid=10041 gids={3003, 1015, 2001, 1007, 3006}
D/Process (  240): killProcessQuiet, pid=15974
D/Process (  240): dalvik.system.VMStack.getThreadStackTrace(Native Method)
D/Process (  240): java.lang.Thread.getStackTrace(Thread.java:599)
D/Process (  240): android.os.Process.killProcessQuiet(Process.java:818)
D/Process (  240): com.android.server.am.ActivityManagerService.updateOomAdjLocked(ActivityManagerService.java:15140)
D/Process (  240): com.android.server.am.ActivityManagerService.updateOomAdjLocked(ActivityManagerService.java:15033)
D/Process (  240): com.android.server.am.ActivityManagerService.serviceDoneExecutingLocked(ActivityManagerService.java:12266)
D/Process (  240): com.android.server.am.ActivityManagerService.serviceDoneExecuting(ActivityManagerService.java:12236)
D/Process (  240): android.app.ActivityManagerNative.onTransact(ActivityManagerNative.java:723)
D/Process (  240): com.android.server.am.ActivityManagerService.onTransact(ActivityManagerService.java:1706)
D/Process (  240): android.os.Binder.execTransact(Binder.java:338)
D/Process (  240): com.android.server.SystemServer.init1(Native Method)
D/Process (  240): com.android.server.SystemServer.main(SystemServer.java:1009)
D/Process (  240): java.lang.reflect.Method.invokeNative(Native Method)
D/Process (  240): java.lang.reflect.Method.invoke(Method.java:511)
D/Process (  240): com.android.internal.os.ZygoteInit$MethodAndArgsCaller.run(ZygoteInit.java:784)
D/Process (  240): com.android.internal.os.ZygoteInit.main(ZygoteInit.java:551)
D/Process (  240): dalvik.system.NativeStart.main(Native Method)
I/ActivityManager(  240): No longer want com.android.settings (pid 15974): hidden #16, adj=15
I/ActivityThread(16300): Pub com.google.android.gms.plus;com.google.android.gms.plus.action: com.google.android.gms.plus.provider.PlusProvider
I/Recovery(16300): Received: Intent { act=com.google.android.gms.INITIALIZE flg=0x10 pkg=com.google.android.gms cmp=com.google.android.gms/.recovery.AccountRecoveryService$Receiver }
I/ActivityManager(  240): Start proc com.google.android.gsf.login for service com.google.android.gms/.recovery.AccountRecoveryService: pid=16313 uid=10041 gids={3003, 1015, 2001, 1007, 3006}
I/Recovery(16300): Received: Intent { act=com.google.android.gms.INITIALIZE flg=0x10 pkg=com.google.android.gms cmp=com.google.android.gms/.recovery.AccountRecoveryService$Receiver }
D/Process (  240): killProcessQuiet, pid=15541
D/Process (  240): dalvik.system.VMStack.getThreadStackTrace(Native Method)
D/Process (  240): java.lang.Thread.getStackTrace(Thread.java:599)
D/Process (  240): android.os.Process.killProcessQuiet(Process.java:818)
D/Process (  240): com.android.server.am.ActivityManagerService.updateOomAdjLocked(ActivityManagerService.java:15140)
D/Process (  240): com.android.server.am.ActivityManagerService.processNextBroadcast(ActivityManagerService.java:13549)
D/Process (  240): com.android.server.am.ActivityManagerService.finishReceiver(ActivityManagerService.java:13166)
D/Process (  240): android.app.ActivityManagerNative.onTransact(ActivityManagerNative.java:336)
D/Process (  240): com.android.server.am.ActivityManagerService.onTransact(ActivityManagerService.java:1706)
D/Process (  240): android.os.Binder.execTransact(Binder.java:338)
D/Process (  240): dalvik.system.NativeStart.run(Native Method)
I/ActivityManager(  240): No longer want com.android.settings:remote (pid 15541): hidden #16, adj=15
D/SqliteDatabaseCpp(16300): Registering sqlite logging func: /data/data/com.google.android.gms/databases/plus.db
D/SqliteDatabaseCpp(16300): DB info: open db, path = /data/data/com.google.android.gms/databases , key = hluw, flag = 6, file size = 9216
D/SqliteDatabaseCpp(16300): DB info: path = /data/data/com.google.android.gms/databases , key = hluw, handle: 0x193e1a8, type: w, r/w: (0,1), mode: truncate, disk free size: 184 M
I/Recovery(16300): Received: Intent { act=com.google.android.gms.INITIALIZE flg=0x10 pkg=com.google.android.gms cmp=com.google.android.gms/.recovery.AccountRecoveryService$Receiver }
E/SqliteDatabaseCpp(32552): native_1x1_string (step): errno = 2, error message = No such file or directory, path = /data/data/com.google.android.gsf/databases , key = cwevragew, handle = 0x197a330
D/WifiStateMachine(  240): fetchRssiAndLinkSpeedNative send RSSIChange intent, SameSignalLevelCount =2
D/Socket_Alarm(16313): registerHTCSocketMonitorCallBack
D/Socket_Alarm(16313): set mSocketMonitor
D/Socket_Alarm(16313): HTCSocketMonitorImpl::HTCSocketMonitorImpl
D/MP-Decision(  689): DOWN Ns:2.100000 Ts:270 rq:0.700000 seq:297 (Up time:890)
D/PhoneStatusBarPolicy(  335): ServiceState ss: 0
D/PhoneStatusBarPolicy(  335): Network Type: 3
D/MyReportAgent(15800): ReportService [##] onDestroy(), this =com.htc.reportagent.ReportService@40da9480
D/Process (  240): killProcessQuiet, pid=15592
D/Process (  240): dalvik.system.VMStack.getThreadStackTrace(Native Method)
D/Process (  240): java.lang.Thread.getStackTrace(Thread.java:599)
D/Process (  240): android.os.Process.killProcessQuiet(Process.java:818)
D/Process (  240): com.android.server.am.ActivityManagerService.updateOomAdjLocked(ActivityManagerService.java:15140)
D/Process (  240): com.android.server.am.ActivityManagerService.updateOomAdjLocked(ActivityManagerService.java:15033)
D/Process (  240): com.android.server.am.ActivityManagerService.serviceDoneExecutingLocked(ActivityManagerService.java:12266)
D/Process (  240): com.android.server.am.ActivityManagerService.serviceDoneExecuting(ActivityManagerService.java:12236)
D/Process (  240): android.app.ActivityManagerNative.onTransact(ActivityManagerNative.java:723)
D/Process (  240): com.android.server.am.ActivityManagerService.onTransact(ActivityManagerService.java:1706)
D/Process (  240): android.os.Binder.execTransact(Binder.java:338)
D/Process (  240): dalvik.system.NativeStart.run(Native Method)
I/ActivityManager(  240): No longer want com.htc.notes (pid 15592): hidden #16, adj=15
D/MyReportAgent(15800): ReportServiceHandler [##] call stopSelfResult() startId = 3, reurn true
D/PhoneStatusBarPolicy(  335): ServiceState ss: 0
D/PhoneStatusBarPolicy(  335): Network Type: 3
I/BATT_ALG(  129): charging time: 0
I/BATT_ALG(  129): set_battery_voltage_alarm level=85, alarm_config=25, batt_alarm_config=25
I/BATT_ALG(  129): vol=4128;curr=0;dis_curr=189;temp=306;id=2;level=85;chg_src=0;chg_en=0;isOver_temp=0;timer=60;safety_count=0
D/BatteryService(  240): UEvent updateBatteryStats
D/HtcPowerSaver(  240): Recived battery changed intent.
D/UsbnetService(  240): BroadcastReceiver::onReceive+
D/UsbnetService(  240): onReceive BATTERY_CHANGED
D/UsbnetService(  240):  --> pluggedType = 0, mPluggedType = 0, mScreenOff = false
D/UsbnetService(  240): BroadcastReceiver::onReceive-
D/HtcPowerSaver(  240): Checking...
I/HtcPowerSaver(  240): >> updateStatus
D/NotificationService(  240): mIntentReceiver() Intent.ACTION_BATTERY_CHANGED
D/PowerManagerService(  240): runHtcPowerSaverCheck ======================================
I/HtcPowerSaver(  240): currentStatus=8000, currentLevel=85, enableLevel=15, enable=false, popDialog=false, statusChangeTo=-1
I/HtcPowerSaver(  240): << updateStatus
D/PowerUI (  335): plugged = false, health = 2, mBatteryLevel = 85, mPluggedBatteryLevel = 83, mLowBatteryWarningLevel2 = 25, mshowLowChargingWarning2 = true
D/WifiService(  240): ACTION_BATTERY_CHANGED pluggedType: 0
D/PackageManager(  240): Failed to get PackageInfo!, pkg:com.htc.demoflorebooter, flags:1
D/SensorService(  240): disable: get sensor name = CM3602 Light sensor
D/SensorService(  240): SensorDevice::activate--: handle = 0x8, enabled = 0x0
D/SensorService(  240): pid=240, uid=1000
D/PowerManagerService(  240): setScreenStateLocked, turn off the button light 
D/lights  (  240): set_light_buttons_func: on=0 brightness=0
D/PowerManagerService(  240): setScreenStateLocked: on=false
I/power   (  240): *** set_screen_state 0
D/PowerManagerService(  240): Power.setScreenState: err=0
D/PowerManagerService(  240): ActivityManagerNative.getDefault().goingToSleep();
D/MP-Decision(  689): UP Nw:2.700000 Tw:180 rq:2.785714 seq:224
D/StatusBarManagerService(  240): disable what =16777216, token = android.os.Binder@40fa3d58, pkg = android, mBar = com.android.internal.statusbar.IStatusBar$Stub$Proxy@41353ca8
D/SurfaceFlinger(  114): About to give-up screen, flinger = 0x4e29b0
D/UsbnetService(  240): BroadcastReceiver::onReceive+
D/UsbnetService(  240): onReceive SCREEN_OFF
D/UsbnetService(  240): BroadcastReceiver::onReceive-
D/AlarmManager(  240): ACTION_SCREEN_OFF
I/InputManagerService(  240): Receive : Intent.ACTION_SCREEN_OFF
I/InputManagerService(  240): Disable input method client.
D/AudioSystem(  240): AudioSystem::get_audio_flinger() in at 53
D/AudioSystem(  240): gLock get at 55
D/AudioSystem(  240): leave AudioSystem::get_audio_flinger() at 81
D/ContactMessageStore(  487): start background delete task...
D/ConnectivityService(  240): onUidRulesChanged(uid=10035, uidRules=0)
D/ContactMessageStore(  487): size: 0 , 0
D/ContactMessageStore(  487): Background delete complete
D/ComposeMessageActivity(28204): on screen off
D/AutoSetting( 6195): service - mHandler: cancel location update
D/AutoSetting( 6195): service -           changes count: 0
D/WifiService(  240): ACTION_SCREEN_OFF
D/FlexNetS(15525): CampNetworkInWhiteBlackList had check current PLMN =46692
W/TelephonyManager(15525): Hidden constructor called more than once per process!
W/TelephonyManager(15525): Original: com.htc.flexnet, new: com.htc.flexnet
V/FlexNetS(15525): onStartCommand() ALARM_FRAMEWORK_BROADCAST_ACTION_SCREEN_OFF
V/FlexNetS(15525): handleCommand_AutoMode action: ALARM_FRAMEWORK_BROADCAST_ACTION_SCREEN_OFF
I/ActivityManager(  240): Start proc com.android.settings:remote for broadcast com.android.settings/.framework.activity.powersaver.SmartSynServiceReceiver: pid=16338 uid=1000 gids={1015, 3002, 3001, 3003, 5001, 5004, 5003, 3007, 3006, 2001, 1007}
V/SmartSynServiceReceiver(16338): ACTION_SCREEN_OFF SmartSynServiceRunning=true
V/SmartSynServiceReceiver(16338): ACTION_SCREEN_OFF
V/SmartSynServiceReceiver(16338): ACTION_SCREEN_OFFfalse
D/Process (  240): killProcessQuiet, pid=15888
D/Process (  240): dalvik.system.VMStack.getThreadStackTrace(Native Method)
D/Process (  240): java.lang.Thread.getStackTrace(Thread.java:599)
D/Process (  240): android.os.Process.killProcessQuiet(Process.java:818)
D/Process (  240): com.android.server.am.ActivityManagerService.updateOomAdjLocked(ActivityManagerService.java:15140)
D/Process (  240): com.android.server.am.ActivityManagerService.updateLruProcessInternalLocked(ActivityManagerService.java:1934)
D/Process (  240): com.android.server.am.ActivityManagerService.updateLruProcessLocked(ActivityManagerService.java:1941)
D/Process (  240): com.android.server.am.ActivityManagerService.processCurBroadcastLocked(ActivityManagerService.java:13338)
D/Process (  240): com.android.server.am.ActivityManagerService.processNextBroadcast(ActivityManagerService.java:13763)
D/Process (  240): com.android.server.am.ActivityManagerService.finishReceiver(ActivityManagerService.java:13166)
D/Process (  240): android.app.ActivityManagerNative.onTransact(ActivityManagerNative.java:336)
D/Process (  240): com.android.server.am.ActivityManagerService.onTransact(ActivityManagerService.java:1706)
I/ActivityManager(  240): No longer want android.process.media (pid 15888): hidden #16, adj=15
D/Process (  240): android.os.Binder.execTransact(Binder.java:338)
D/Process (  240): dalvik.system.NativeStart.run(Native Method)
D/MountService(  240): An IMountServiceListener waiting for binder!
D/MountService(  240): An IMountServiceListener waiting for binder!
V/SmartSyncScreenOnOffTimeReceiver(16338): SCREEN_OFF h =9
V/SmartSyncScreenOnOffTimeReceiver(16338): SCREEN_OFF T=19
D/ActivityManager(  240): Config after re-evaluted by window manager: null
D/Socket_Alarm(16338): registerHTCSocketMonitorCallBack
D/Socket_Alarm(16338): set mSocketMonitor
D/Socket_Alarm(16338): HTCSocketMonitorImpl::HTCSocketMonitorImpl
V/SmartSyncDataLinkTurnOffReceiver(16338): SMARTSYNC_SERVICE_BROADCAST_SCREEN_OFF true
V/SmartSyncDataLinkTurnOffReceiver(16338): BROADCAST_SCREEN_OFF mWiFiManager.getWifiState() =3
V/SmartSyncDataLinkTurnOffReceiver(16338): OF M=false W=true A=true
V/SmartSyncDataLinkTurnOffReceiver(16338): SMARTSYNC_SERVICE_BROADCAST_SCREEN_OFF  preMobile_txPkts=53501
V/SmartSyncDataLinkTurnOffReceiver(16338): SMARTSYNC_SERVICE_BROADCAST_SCREEN_OFF  preMobile_rxPkts= 57483
V/SmartSyncDataLinkTurnOffReceiver(16338): SMARTSYNC_SERVICE_BROADCAST_SCREEN_OFF  preWifi_txPkts=1044
V/SmartSyncDataLinkTurnOffReceiver(16338): SMARTSYNC_SERVICE_BROADCAST_SCREEN_OFF  preWifi_rxPkts= 993
D/MP-Decision(  689): DOWN Ns:2.100000 Ts:270 rq:1.000000 seq:297 (Up time:583)
D/SensorManager(13607): [SensorManager] registerListener: delay = 20000
D/SensorService(  240): enable: get sensor name = MPL accel
D/Sensors (  240): handle : 4 en: 1, v09.2-1-Store Calibration, landscape support - Add log for block issue
D/Sensors (  240): Andy: MPLSensor::enable: lock1
D/Sensors (  240): mEnabled = 0x10
D/Sensors (  240): set_power_states++: enabled_sensors: 16 dmp_started: 0
D/Sensors (  240): Before if statment: cs:0 rs:1 en_ped:0 da_ped:0 en_g:0 da_g:0
D/Sensors (  240): STOP timerirq_1
D/Sensors (  240): Starting DMP
I/        (  240): mpu3050_resume: Resuming to 0070
D/Sensors (  240): Exit: Starting DMP
D/Sensors (  240): set_power_states--
D/Sensors (  240): Andy: MPLSensor::enable: unlock1
D/Sensors (  240): MPLSensor::enable--1
D/Sensors (  240): (llu)G_Delay = 200
I/        (  240): mpu3050_resume: Resuming to 0070
I/        (  240): mpu3050_suspend: suspending sensors to 0070
I/        (  240): mpu3050_suspend: Will resume next to 0070
I/MPL-ml  (  240): Actual ODR: 31 Hz
D/SensorService(  240): SensorDevice::activate--: handle = 0x4, enabled = 0x1
D/SensorService(  240): pid=13607, uid=10048
D/Sensors (  240): (llu)G_Delay = 20
I/        (  240): mpu3050_resume: Resuming to 0070
I/        (  240): mpu3050_suspend: suspending sensors to 0070
I/        (  240): mpu3050_suspend: Will resume next to 0070
I/MPL-ml  (  240): Actual ODR: 31 Hz
D/SensorService(  240): disable: get sensor name = MPL accel
D/Sensors (  240): handle : 4 en: 0, v09.2-1-Store Calibration, landscape support - Add log for block issue
D/Sensors (  240): Andy: MPLSensor::enable: lock1
W/MPL-sup (  240): MLGetAKMComassStatus, gAKMCompassStatus = 0
D/Sensors (  240): mEnabled = 0x0
D/Sensors (  240): set_power_states++: enabled_sensors: 0 dmp_started: 1
D/Sensors (  240): Before if statment: cs:0 rs:0 en_ped:0 da_ped:0 en_g:0 da_g:0
D/Sensors (  240): Stopping DMP
I/        (  240): mpu3050_suspend: suspending sensors to 0000
I/        (  240): mpu3050_suspend: Will resume next to 0070
D/Sensors (  240): inside if(s_use_timerirq)
D/Sensors (  240): set_power_states--
D/Sensors (  240): Andy: MPLSensor::enable: unlock1
D/Sensors (  240): MPLSensor::enable--1
D/SensorService(  240): SensorDevice::activate--: handle = 0x4, enabled = 0x0
D/SensorService(  240): pid=13607, uid=10048
D/dalvikvm(13607): GC_CONCURRENT freed 1721K, 33% free 4134K/6115K, paused 4ms+3ms
W/ActivityManager(  240): finishReceiver called but no pending broadcasts
W/Smack/Packet(32552): notify conn break (IOEx), close connection
D/ConnectivityService(  240): reportInetCondition for net 1, percentage: 0 by 32552/10041
D/ConnectivityService(  240): handleInetConditionChange: net=1, condition=0,mActiveDefaultNetwork=1
D/ConnectivityService(  240): handleInetConditionChange: starting a change hold
I/GTalkService/c(32552): [AndroidEndpoint@1088356744] connect: acct=1000000, state=CONNECTING
D/ConnectivityService(  240): reportInetCondition for net 1, percentage: 100 by 32552/10041
D/ConnectivityService(  240): handleInetConditionChange: net=1, condition=100,mActiveDefaultNetwork=1
D/ConnectivityService(  240): handleInetConditionChange: currently in hold - not setting new end evt
W/AlarmManager(  240): RXTXtriggerAlarmsLocked
D/ConnectivityService(  240): handleInetConditionHoldEnd: net=1, condition=100, published condition=100
D/ConnectivityService(  240): sendStickyBroadcast: action=android.net.conn.INET_CONDITION_ACTION
D/PhoneStatusBarPolicy(  335): ServiceState ss: 0
D/PhoneStatusBarPolicy(  335): Network Type: 3
D/SensorManager(13607): [SensorManager] registerListener: delay = 20000
D/SensorService(  240): enable: get sensor name = MPL accel
D/Sensors (  240): handle : 4 en: 1, v09.2-1-Store Calibration, landscape support - Add log for block issue
D/Sensors (  240): Andy: MPLSensor::enable: lock1
D/Sensors (  240): mEnabled = 0x10
D/Sensors (  240): set_power_states++: enabled_sensors: 16 dmp_started: 0
D/Sensors (  240): Before if statment: cs:0 rs:1 en_ped:0 da_ped:0 en_g:0 da_g:0
D/Sensors (  240): STOP timerirq_1
D/Sensors (  240): Starting DMP
I/        (  240): mpu3050_resume: Resuming to 0070
D/Sensors (  240): Exit: Starting DMP
D/Sensors (  240): set_power_states--
D/Sensors (  240): Andy: MPLSensor::enable: unlock1
D/Sensors (  240): MPLSensor::enable--1
D/Sensors (  240): (llu)G_Delay = 200
I/        (  240): mpu3050_resume: Resuming to 0070
I/        (  240): mpu3050_suspend: suspending sensors to 0070
I/        (  240): mpu3050_suspend: Will resume next to 0070
I/MPL-ml  (  240): Actual ODR: 31 Hz
D/SensorService(  240): SensorDevice::activate--: handle = 0x4, enabled = 0x1
D/SensorService(  240): pid=13607, uid=10048
D/Sensors (  240): (llu)G_Delay = 20
I/        (  240): mpu3050_resume: Resuming to 0070
I/        (  240): mpu3050_suspend: suspending sensors to 0070
I/        (  240): mpu3050_suspend: Will resume next to 0070
I/MPL-ml  (  240): Actual ODR: 31 Hz
D/SensorService(  240): disable: get sensor name = MPL accel
D/Sensors (  240): handle : 4 en: 0, v09.2-1-Store Calibration, landscape support - Add log for block issue
D/Sensors (  240): Andy: MPLSensor::enable: lock1
W/MPL-sup (  240): MLGetAKMComassStatus, gAKMCompassStatus = 0
D/Sensors (  240): mEnabled = 0x0
D/Sensors (  240): set_power_states++: enabled_sensors: 0 dmp_started: 1
D/Sensors (  240): Before if statment: cs:0 rs:0 en_ped:0 da_ped:0 en_g:0 da_g:0
D/Sensors (  240): Stopping DMP
I/        (  240): mpu3050_suspend: suspending sensors to 0000
I/        (  240): mpu3050_suspend: Will resume next to 0070
D/Sensors (  240): inside if(s_use_timerirq)
D/Sensors (  240): set_power_states--
D/Sensors (  240): Andy: MPLSensor::enable: unlock1
D/Sensors (  240): MPLSensor::enable--1
D/SensorService(  240): SensorDevice::activate--: handle = 0x4, enabled = 0x0
D/SensorService(  240): pid=13607, uid=10048
I/BATT_ALG(  129): Recalculate battery level, percent_last:86, the max level change:2
I/BATT_ALG(  129): charging time: 0
I/BATT_ALG(  129): set_battery_voltage_alarm level=85, alarm_config=25, batt_alarm_config=25
I/BATT_ALG(  129): vol=4093;curr=0;dis_curr=285;temp=289;id=2;level=85;chg_src=0;chg_en=0;isOver_temp=0;timer=526;safety_count=0
D/BatteryService(  240): UEvent updateBatteryStats
D/HtcPowerSaver(  240): Recived battery changed intent.
D/UsbnetService(  240): BroadcastReceiver::onReceive+
D/UsbnetService(  240): onReceive BATTERY_CHANGED
D/UsbnetService(  240):  --> pluggedType = 0, mPluggedType = 0, mScreenOff = true
D/UsbnetService(  240): BroadcastReceiver::onReceive-
D/HtcPowerSaver(  240): Checking...
I/HtcPowerSaver(  240): >> updateStatus
D/NotificationService(  240): mIntentReceiver() Intent.ACTION_BATTERY_CHANGED
D/WifiService(  240): ACTION_BATTERY_CHANGED pluggedType: 0
D/PowerManagerService(  240): runHtcPowerSaverCheck ======================================
I/HtcPowerSaver(  240): currentStatus=8000, currentLevel=85, enableLevel=15, enable=false, popDialog=false, statusChangeTo=-1
I/HtcPowerSaver(  240): << updateStatus
D/PackageManager(  240): Failed to get PackageInfo!, pkg:com.htc.demoflorebooter, flags:1
