D/UserBehaviorLoggingService(  240): sync count=0
W/TelephonyManager(15525): Hidden constructor called more than once per process!
W/TelephonyManager(15525): Original: com.htc.flexnet, new: com.htc.flexnet
V/FlexNetS(15525): onStartCommand() ALARM_FRAMEWORK_BROADCAST_ACTION_SCREEN_ON
V/FlexNetS(15525): handleCommand_AutoMode action: ALARM_FRAMEWORK_BROADCAST_ACTION_SCREEN_ON
D/SqliteDatabaseCpp(  240): DB info: close db, path = /data/system , key = uwevfe`Yrakv, handle = 0x30eef50, type = w, r/w = (0, 0)
D/SqliteDatabaseCpp(  240): DB info: open db, path = /data/system , key = uwevfe`Yrakv, flag = 6, file size = 14336
D/SqliteDatabaseCpp(  240): DB info: path = /data/system , key = uwevfe`Yrakv, handle: 0x32a6a48, type: w, r/w: (0,1), mode: truncate, disk free size: 184 M
D/WifiStateMachine(  240): [DriverStartedState] CMD_START_DRIVER
D/WifiService(  240): Got ACTION_UPDATE_WIFI_STATE
D/WifiService(  240): updateWifiState(): disable hotspot
D/WifiService(  240): updateWifiState(): enable and start wifi
D/SqliteDatabaseCpp(  240): DB info: close db, path = /data/system , key = uwevfe`Yrakv, handle = 0x32a6a48, type = w, r/w = (0, 0)
W/AlarmManager(  240): RemoveAPPAlarmPendingIntent has no PendingIntent operation
W/AlarmManager(  240): RemoveAPPAlarmPendingIntent has no PendingIntent operation
W/AlarmManager(  240): RemoveAPPAlarmPendingIntent has no PendingIntent operation
W/AlarmManager(  240): RemoveAPPAlarmPendingIntent has no PendingIntent operation
W/AlarmManager(  240): RemoveAPPAlarmPendingIntent has no PendingIntent operation
W/AlarmManager(  240): RemoveAPPAlarmPendingIntent has no PendingIntent operation
W/AlarmManager(  240): RemoveAPPAlarmPendingIntent has no PendingIntent operation
D/SmartSyncDataLinkTurnOffReceiver(15541): DataLink: SMARTSYNC_SERVICE_BROADCAST_SCREEN_ON 
D/MP-Decision(  689): DOWN Ns:2.100000 Ts:270 rq:1.000000 seq:619 (Up time:811)
W/ProcessStats(  240): Skipping unknown process pid 15958
W/ProcessStats(  240): Skipping unknown process pid 15960
D/WifiStateMachine(  240): BroadcastRSSIForIMS, newrssi =-83 , oldRssi= -71
D/PhoneStatusBarPolicy(  335): ServiceState ss: 0
D/PhoneStatusBarPolicy(  335): Network Type: 3
D/MyReportAgent(15800): ReportService [##] onDestroy(), this =com.htc.reportagent.ReportService@40d9ec80
D/MyReportAgent(15800): ReportServiceHandler [##] call stopSelfResult() startId = 1, reurn true
V/UsbDeviceManager(  240): [USBNET] USB UEVENT: {USB_STATE=CONNECTED, SUBSYSTEM=android_usb, DEVPATH=/devices/virtual/android_usb/android0, SEQNUM=113439, ACTION=change}
D/UsbDeviceManager(  240): [USBNET] handleMessage: 0; mConnected=false, mConfiguration=false
I/Vold    (  110): mount CDROM, USB_STATE=CONNECTED
W/Vold    (  110): Cannot open ISO file
V/UsbDeviceManager(  240): [USBNET] USB UEVENT: {USB_STATE=CONFIGURED, SUBSYSTEM=android_usb, DEVPATH=/devices/virtual/android_usb/android0, SEQNUM=113440, ACTION=change}
W/Vold    (  110): USB connected
W/Vold    (  110): Share method ums now available
I/MountService(  240): onEvent:: raw= 620 Share method ums now available cooked =  620 Share method ums now available
V/UsbDeviceManager(  240): [USBNET] USB UEVENT: {SUBSYSTEM=switch, SWITCH_STATE=1, DEVPATH=/devices/virtual/switch/usb_connect2pc, SEQNUM=113441, ACTION=change, SWITCH_NAME=usb_connect2pc}
D/UsbDeviceManager(  240): [USBNET] update2: 5,0
D/MountService(  240): sharing = 0 
I/StorageNotification(  335): UMS connection changed to true (media state mounted)
D/UsbnetService(  240): BroadcastReceiver::onReceive+
D/UsbnetService(  240): onReceive ACTION_USB_STATE: true
D/UsbnetService(  240): BroadcastReceiver::onReceive-
D/Tethering(  240): got USB_STATE change: usbConnected=true, mRndisEnabled=false, mUsbTetherRequested=false
D/UsbDeviceManager(  240): sendStickyBroadcast ACTION_USB_STATE: true,false
D/UsbDeviceManager(  240): [USBNET] handleMessage: 0; mConnected=true, mConfiguration=false
D/UsbnetService(  240): BroadcastReceiver::onReceive+
D/UsbnetService(  240): onReceive ACTION_USB_STATE: true
D/UsbnetService(  240): BroadcastReceiver::onReceive-
D/Tethering(  240): got USB_STATE change: usbConnected=true, mRndisEnabled=false, mUsbTetherRequested=false
D/UsbDeviceManager(  240): sendStickyBroadcast ACTION_USB_STATE: true,true
D/UsbDeviceManager(  240): [USBNET] handleMessage: 5; mConnected=true, mConfiguration=true
D/TileRenderer(  335): glEndTilingQCOM: 0x502
D/UsbConnectedReceiver( 6195): action = android.hardware.usb.action.USB_CONNECT2PC
D/MP-Decision(  689): UP Nw:2.700000 Tw:180 rq:3.600000 seq:197
D/PSCommon( 6195): state = 0
D/PSCommon( 6195): status = offline
D/PSCommon( 6195): -initialDefaultSettingForFota()
D/PSCommon( 6195): Don't need to initial.
D/UsbConnectedReceiver( 6195): USB Connected.
D/PSCommon( 6195): isMFGBuild() = false
D/UsbDeviceManager(  240): [USBNET] sendStickyBroadcast ACTION_USB_CONNECT2PC: 1
D/PSCommon( 6195): isMFGBuild() = false
I/ActivityManager(  240): Start proc com.android.settings for broadcast com.android.settings/.PSReceiver: pid=15974 uid=1000 gids={1015, 3002, 3001, 3003, 5001, 5004, 5003, 3007, 3006, 2001, 1007}
D/TileRenderer(  335): glEndTilingQCOM: 0x502
D/PSCommon( 6195): -enableChargeOnly() -from:3
D/PSCommon( 6195): usb_cable_connect = 1
D/TileRenderer(  335): glEndTilingQCOM: 0x502
D/TileRenderer(  335): glEndTilingQCOM: 0x502
D/TileRenderer(  335): glEndTilingQCOM: 0x502
I/ActivityThread(15974): Pub com.android.settings.provider.suggestion: com.android.settings.framework.search.SuggestionProvider
I/ActivityThread(15974): Pub framework.activity.powersaver: com.android.settings.framework.activity.powersaver.SmartSyncProvider
I/ActivityThread(15974): Pub com.android.settings.provider.cdmasettings: com.android.settings.HtcCdmaSettingsProvider
D/HtcCdmaSettingsProvider(15974): onCreate !
D/PSReceiver(15974): onReceive : android.hardware.usb.action.USB_CONNECT2PC
D/PSReceiver(15974): USB Plugged, Set USBPlugged=  true
I/MLReceiver(15974): customizedML:false
I/MLReceiver(15974): sp customizedML:false
I/MLReceiver(15974): customizedNS2:truecustomizedML2:false
I/MLReceiver(15974): LAN Type:false ML Type:true
I/MLReceiver(15974): IS Type:true IS_ML:false
I/NetSharing_NSReceiver(15974): customizedNS:true
I/NetSharing_NSReceiver(15974): sp customizedNS:true
I/NetSharing_NSReceiver(15974): customizedNS2:truecustomizedML2:false
I/NetSharing_NSReceiver(15974): LAN Type:false ML Type:true
I/NetSharing_NSReceiver(15974): IS Type:true IS_ML:false
D/NetSharing_NSReceiver(15974): onReceive : com.htc.usb.change
D/NetSharing_NSReceiver(15974): USB = true hasTethered = false
I/MLReceiver(15974): customizedML:false
I/MLReceiver(15974): sp customizedML:false
I/MLReceiver(15974): customizedNS2:truecustomizedML2:false
I/MLReceiver(15974): LAN Type:false ML Type:true
I/MLReceiver(15974): IS Type:true IS_ML:false
D/Process (  240): killProcessQuiet, pid=15451
D/Process (  240): dalvik.system.VMStack.getThreadStackTrace(Native Method)
D/Process (  240): java.lang.Thread.getStackTrace(Thread.java:599)
D/Process (  240): android.os.Process.killProcessQuiet(Process.java:818)
D/Process (  240): com.android.server.am.ActivityManagerService.updateOomAdjLocked(ActivityManagerService.java:15140)
D/Process (  240): com.android.server.am.ActivityManagerService.processNextBroadcast(ActivityManagerService.java:13549)
D/Process (  240): com.android.server.am.ActivityManagerService.finishReceiver(ActivityManagerService.java:13166)
D/Process (  240): android.app.ActivityManagerNative.onTransact(ActivityManagerNative.java:336)
D/Process (  240): com.android.server.am.ActivityManagerService.onTransact(ActivityManagerService.java:1706)
D/Process (  240): android.os.Binder.execTransact(Binder.java:338)
D/Process (  240): dalvik.system.NativeStart.run(Native Method)
I/ActivityManager(  240): No longer want com.google.android.maps.mytracks (pid 15451): hidden #16, adj=15
D/WifiStateMachine(  240): BroadcastRSSIForIMS, newrssi =-87 , oldRssi= -83
D/TileRenderer(  335): glEndTilingQCOM: 0x502
D/TileRenderer(  335): glEndTilingQCOM: 0x502
D/TileRenderer(  335): glEndTilingQCOM: 0x502
D/TileRenderer(  335): glEndTilingQCOM: 0x502
D/TileRenderer(  335): glEndTilingQCOM: 0x502
D/TileRenderer(  335): glEndTilingQCOM: 0x502
D/TileRenderer(  335): glEndTilingQCOM: 0x502
D/TileRenderer(  335): glEndTilingQCOM: 0x502
D/MP-Decision(  689): DOWN Ns:2.100000 Ts:270 rq:0.622642 seq:278 (Up time:566)
D/PhoneStatusBarPolicy(  335): ServiceState ss: 0
D/PhoneStatusBarPolicy(  335): Network Type: 3
D/WifiStateMachine(  240): fetchRssiAndLinkSpeedNative send RSSIChange intent, newSignalLevel =1mLastSignalLevel = 0
D/PhoneStatusBarPolicy(  335): ServiceState ss: 0
D/PhoneStatusBarPolicy(  335): Network Type: 3
D/SensorService(  240): disable: get sensor name = CM3602 Light sensor
D/SensorService(  240): SensorDevice::activate--: handle = 0x8, enabled = 0x0
D/SensorService(  240): pid=240, uid=1000
D/PowerManagerService(  240): setScreenStateLocked, turn off the button light 
D/lights  (  240): set_light_buttons_func: on=0 brightness=0
D/PowerManagerService(  240): setScreenStateLocked: on=false
I/power   (  240): *** set_screen_state 0
D/PowerManagerService(  240): Power.setScreenState: err=0
D/PowerManagerService(  240): ActivityManagerNative.getDefault().goingToSleep();
D/StatusBarManagerService(  240): disable what =16777216, token = android.os.Binder@40fa3d58, pkg = android, mBar = com.android.internal.statusbar.IStatusBar$Stub$Proxy@41353ca8
D/SurfaceFlinger(  114): About to give-up screen, flinger = 0x4e29b0
D/AlarmManager(  240): ACTION_SCREEN_OFF
I/InputManagerService(  240): Receive : Intent.ACTION_SCREEN_OFF
I/InputManagerService(  240): Disable input method client.
D/UsbnetService(  240): BroadcastReceiver::onReceive+
D/UsbnetService(  240): onReceive SCREEN_OFF
D/UsbnetService(  240): BroadcastReceiver::onReceive-
D/AudioSystem(  240): AudioSystem::get_audio_flinger() in at 53
D/AudioSystem(  240): gLock get at 55
D/AudioSystem(  240): leave AudioSystem::get_audio_flinger() at 81
D/ConnectivityService(  240): onUidRulesChanged(uid=10035, uidRules=0)
D/ComposeMessageActivity(28204): on screen off
D/WifiStateMachine(  240): BroadcastRSSIForIMS, newrssi =-87 , oldRssi= -84
D/WifiService(  240): ACTION_SCREEN_OFF
D/EASAppSvc(15285): [ NA ]forceResume()
D/FlexNetS(15525): CampNetworkInWhiteBlackList had check current PLMN =46692
W/TelephonyManager(15525): Hidden constructor called more than once per process!
W/TelephonyManager(15525): Original: com.htc.flexnet, new: com.htc.flexnet
V/FlexNetS(15525): onStartCommand() ALARM_FRAMEWORK_BROADCAST_ACTION_SCREEN_OFF
V/FlexNetS(15525): handleCommand_AutoMode action: ALARM_FRAMEWORK_BROADCAST_ACTION_SCREEN_OFF
V/SmartSynServiceReceiver(15541): ACTION_SCREEN_OFF SmartSynServiceRunning=true
V/SmartSynServiceReceiver(15541): ACTION_SCREEN_OFF
V/SmartSynServiceReceiver(15541): ACTION_SCREEN_OFFfalse
V/SmartSyncScreenOnOffTimeReceiver(15541): SCREEN_OFF h =9
V/SmartSyncScreenOnOffTimeReceiver(15541): SCREEN_OFF T=13
D/AutoSetting( 6195): service - mHandler: cancel location update
V/SmartSyncDataLinkTurnOffReceiver(15541): SMARTSYNC_SERVICE_BROADCAST_SCREEN_OFF true
V/SmartSyncDataLinkTurnOffReceiver(15541): BROADCAST_SCREEN_OFF mWiFiManager.getWifiState() =3
V/SmartSyncDataLinkTurnOffReceiver(15541): OF M=false W=true A=true
D/ContactMessageStore(  487): start background delete task...
D/AutoSetting( 6195): service -           changes count: 0
V/SmartSyncDataLinkTurnOffReceiver(15541): SMARTSYNC_SERVICE_BROADCAST_SCREEN_OFF  preMobile_txPkts=53501
V/SmartSyncDataLinkTurnOffReceiver(15541): SMARTSYNC_SERVICE_BROADCAST_SCREEN_OFF  preMobile_rxPkts= 57483
V/SmartSyncDataLinkTurnOffReceiver(15541): SMARTSYNC_SERVICE_BROADCAST_SCREEN_OFF  preWifi_txPkts=978
V/SmartSyncDataLinkTurnOffReceiver(15541): SMARTSYNC_SERVICE_BROADCAST_SCREEN_OFF  preWifi_rxPkts= 892
D/ContactMessageStore(  487): size: 0 , 0
D/ContactMessageStore(  487): Background delete complete
V/UsbDeviceManager(  240): [USBNET] USB UEVENT: {USB_STATE=CONFIGURED, SUBSYSTEM=android_usb, DEVPATH=/devices/virtual/android_usb/android0, SEQNUM=113446, ACTION=change}
D/UsbDeviceManager(  240): [USBNET] handleMessage: 0; mConnected=true, mConfiguration=true
D/UsbnetService(  240): BroadcastReceiver::onReceive+
D/UsbnetService(  240): onReceive ACTION_USB_STATE: true
D/UsbnetService(  240): BroadcastReceiver::onReceive-
D/Tethering(  240): got USB_STATE change: usbConnected=true, mRndisEnabled=false, mUsbTetherRequested=false
D/UsbDeviceManager(  240): sendStickyBroadcast ACTION_USB_STATE: true,true
I/BATT_ALG(  129): charging time: 0
I/BATT_ALG(  129): batt_alg_overtemp_check:temp:302, isOver_temp:0
I/BATT_ALG(  129): set_battery_voltage_alarm level=83, alarm_config=25, batt_alarm_config=25
I/BATT_ALG(  129): vol=4238;curr=383;dis_curr=0;temp=302;id=2;level=83;chg_src=1;chg_en=1;isOver_temp=0;timer=60;safety_count=0
D/BatteryService(  240): UEvent updateBatteryStats
W/AlarmManager(  240): RXTXtriggerAlarmsLocked
D/HtcPowerSaver(  240): Recived battery changed intent.
D/UsbnetService(  240): BroadcastReceiver::onReceive+
D/UsbnetService(  240): onReceive BATTERY_CHANGED
D/UsbnetService(  240):  --> pluggedType = 2, mPluggedType = 0, mScreenOff = true
D/UsbnetService(  240): BroadcastReceiver::onReceive-
D/HtcPowerSaver(  240): Checking...
I/HtcPowerSaver(  240): >> updateStatus
D/NotificationService(  240): mIntentReceiver() Intent.ACTION_BATTERY_CHANGED
D/PowerManagerService(  240): runHtcPowerSaverCheck ======================================
I/HtcPowerSaver(  240): currentStatus=8000, currentLevel=83, enableLevel=15, enable=false, popDialog=false, statusChangeTo=-1
D/PowerUI (  335): closing low battery warning: level=83
D/PowerUI (  335): plugged = true, health = 2, mBatteryLevel = 83, mPluggedBatteryLevel = 83, mLowBatteryWarningLevel2 = 25, mshowLowChargingWarning2 = true
I/HtcPowerSaver(  240): << updateStatus
D/PackageManager(  240): Failed to get PackageInfo!, pkg:com.htc.demoflorebooter, flags:1
D/WifiService(  240): ACTION_BATTERY_CHANGED pluggedType: 2
D/dalvikvm(28410): GC_FOR_ALLOC freed 1718K, 27% free 8838K/12003K, paused 92ms
E/fb4a(:<default>):fb:MobilePresenceIconExperiment(28410): Experiment parameter not found! using the default value ...
E/fb4a(:<default>):fb:MobilePresenceIconExperiment(28410): Experiment parameter not found! using the default value ...
W/fb4a(:<default>):fb:ImmutableBundle(28410): Unsupported value type in bundle for key fb4a_new with value {"new_version":"149059","min_version":"148914","new_version_url":"https://m.facebook.com/mobile_builds?build_number=149059&no_fw=1","new_version_notes":"","everstore_handle":"FvOCCQDZc54_BBEkAA3etDBuPwYAAAA:"}
W/fb4a(:<default>):fb:ImmutableBundle(28410): Unsupported value type in bundle for key fb4a_master_new with value {"new_version":"130613","new_version_url":"https://m.facebook.com/mobile_builds?build_number=130613&no_fw=1"}
D/dalvikvm(28410): GC_FOR_ALLOC freed 1260K, 27% free 8835K/12003K, paused 79ms
W/IdleConnectionHandler(28410): Removing a connection that never existed!
D/SensorManager(13607): [SensorManager] registerListener: delay = 20000
D/SensorService(  240): enable: get sensor name = MPL accel
D/Sensors (  240): handle : 4 en: 1, v09.2-1-Store Calibration, landscape support - Add log for block issue
D/Sensors (  240): Andy: MPLSensor::enable: lock1
D/Sensors (  240): mEnabled = 0x10
D/Sensors (  240): set_power_states++: enabled_sensors: 16 dmp_started: 0
D/Sensors (  240): Before if statment: cs:0 rs:1 en_ped:0 da_ped:0 en_g:0 da_g:0
D/Sensors (  240): STOP timerirq_1
D/Sensors (  240): Starting DMP
I/        (  240): mpu3050_resume: Resuming to 0070
D/Sensors (  240): Exit: Starting DMP
D/Sensors (  240): set_power_states--
D/Sensors (  240): Andy: MPLSensor::enable: unlock1
D/Sensors (  240): MPLSensor::enable--1
D/Sensors (  240): (llu)G_Delay = 200
I/        (  240): mpu3050_resume: Resuming to 0070
I/        (  240): mpu3050_suspend: suspending sensors to 0070
I/        (  240): mpu3050_suspend: Will resume next to 0070
I/MPL-ml  (  240): Actual ODR: 31 Hz
D/SensorService(  240): SensorDevice::activate--: handle = 0x4, enabled = 0x1
D/SensorService(  240): pid=13607, uid=10048
D/Sensors (  240): (llu)G_Delay = 20
I/        (  240): mpu3050_resume: Resuming to 0070
I/        (  240): mpu3050_suspend: suspending sensors to 0070
I/        (  240): mpu3050_suspend: Will resume next to 0070
I/MPL-ml  (  240): Actual ODR: 31 Hz
I/EventLogService(32552): Aggregate from 1363913044091 (log), 1363913044091 (data)
D/SensorService(  240): disable: get sensor name = MPL accel
D/Sensors (  240): handle : 4 en: 0, v09.2-1-Store Calibration, landscape support - Add log for block issue
D/Sensors (  240): Andy: MPLSensor::enable: lock1
W/MPL-sup (  240): MLGetAKMComassStatus, gAKMCompassStatus = 0
D/Sensors (  240): mEnabled = 0x0
D/Sensors (  240): set_power_states++: enabled_sensors: 0 dmp_started: 1
D/Sensors (  240): Before if statment: cs:0 rs:0 en_ped:0 da_ped:0 en_g:0 da_g:0
D/Sensors (  240): Stopping DMP
I/        (  240): mpu3050_suspend: suspending sensors to 0000
I/        (  240): mpu3050_suspend: Will resume next to 0070
D/Sensors (  240): inside if(s_use_timerirq)
D/Sensors (  240): set_power_states--
D/Sensors (  240): Andy: MPLSensor::enable: unlock1
D/Sensors (  240): MPLSensor::enable--1
D/SensorService(  240): SensorDevice::activate--: handle = 0x4, enabled = 0x0
D/SensorService(  240): pid=13607, uid=10048
V/UsbDeviceManager(  240): [USBNET] USB UEVENT: {USB_STATE=CONFIGURED, SUBSYSTEM=android_usb, DEVPATH=/devices/virtual/android_usb/android0, SEQNUM=113449, ACTION=change}
D/UsbDeviceManager(  240): [USBNET] handleMessage: 0; mConnected=true, mConfiguration=true
D/UsbnetService(  240): BroadcastReceiver::onReceive+
D/UsbnetService(  240): onReceive ACTION_USB_STATE: true
D/UsbnetService(  240): BroadcastReceiver::onReceive-
D/Tethering(  240): got USB_STATE change: usbConnected=true, mRndisEnabled=false, mUsbTetherRequested=false
D/UsbDeviceManager(  240): sendStickyBroadcast ACTION_USB_STATE: true,true
D/BatteryService(  240): updateBatteryStats ======================================
I/BATT_ALG(  129): charging time: 0
I/BATT_ALG(  129): batt_alg_overtemp_check:temp:303, isOver_temp:0
I/BATT_ALG(  129): set_battery_voltage_alarm level=83, alarm_config=25, batt_alarm_config=25
I/BATT_ALG(  129): vol=4251;curr=381;dis_curr=0;temp=303;id=2;level=83;chg_src=1;chg_en=1;isOver_temp=0;timer=60;safety_count=0
D/BatteryService(  240): UEvent updateBatteryStats
D/HtcPowerSaver(  240): Recived battery changed intent.
D/UsbnetService(  240): BroadcastReceiver::onReceive+
D/UsbnetService(  240): onReceive BATTERY_CHANGED
D/UsbnetService(  240):  --> pluggedType = 2, mPluggedType = 0, mScreenOff = true
D/UsbnetService(  240): BroadcastReceiver::onReceive-
D/HtcPowerSaver(  240): Checking...
I/HtcPowerSaver(  240): >> updateStatus
D/NotificationService(  240): mIntentReceiver() Intent.ACTION_BATTERY_CHANGED
D/PowerManagerService(  240): runHtcPowerSaverCheck ======================================
I/HtcPowerSaver(  240): currentStatus=8000, currentLevel=83, enableLevel=15, enable=false, popDialog=false, statusChangeTo=-1
D/PowerUI (  335): closing low battery warning: level=83
D/PowerUI (  335): plugged = true, health = 2, mBatteryLevel = 83, mPluggedBatteryLevel = 83, mLowBatteryWarningLevel2 = 25, mshowLowChargingWarning2 = true
I/HtcPowerSaver(  240): << updateStatus
D/PackageManager(  240): Failed to get PackageInfo!, pkg:com.htc.demoflorebooter, flags:1
D/WifiService(  240): ACTION_BATTERY_CHANGED pluggedType: 2
D/BatteryService(  240): updateBatteryStats ======================================
I/BATT_ALG(  129): charging time: 0
I/BATT_ALG(  129): batt_alg_overtemp_check:temp:303, isOver_temp:0
I/BATT_ALG(  129): set_battery_voltage_alarm level=84, alarm_config=25, batt_alarm_config=25
I/BATT_ALG(  129): vol=4258;curr=379;dis_curr=0;temp=303;id=2;level=84;chg_src=1;chg_en=1;isOver_temp=0;timer=60;safety_count=0
D/BatteryService(  240): UEvent updateBatteryStats
D/HtcPowerSaver(  240): Recived battery changed intent.
D/UsbnetService(  240): BroadcastReceiver::onReceive+
D/UsbnetService(  240): onReceive BATTERY_CHANGED
D/UsbnetService(  240):  --> pluggedType = 2, mPluggedType = 0, mScreenOff = true
D/UsbnetService(  240): BroadcastReceiver::onReceive-
D/HtcPowerSaver(  240): Checking...
I/HtcPowerSaver(  240): >> updateStatus
D/NotificationService(  240): mIntentReceiver() Intent.ACTION_BATTERY_CHANGED
D/PowerManagerService(  240): runHtcPowerSaverCheck ======================================
I/HtcPowerSaver(  240): currentStatus=8000, currentLevel=84, enableLevel=15, enable=false, popDialog=false, statusChangeTo=-1
I/HtcPowerSaver(  240): << updateStatus
D/PowerUI (  335): closing low battery warning: level=84
D/PowerUI (  335): plugged = true, health = 2, mBatteryLevel = 84, mPluggedBatteryLevel = 83, mLowBatteryWarningLevel2 = 25, mshowLowChargingWarning2 = true
D/PackageManager(  240): Failed to get PackageInfo!, pkg:com.htc.demoflorebooter, flags:1
D/WifiService(  240): ACTION_BATTERY_CHANGED pluggedType: 2
D/BatteryService(  240): updateBatteryStats ======================================
I/BATT_ALG(  129): charging time: 0
I/BATT_ALG(  129): batt_alg_overtemp_check:temp:303, isOver_temp:0
I/BATT_ALG(  129): set_battery_voltage_alarm level=84, alarm_config=25, batt_alarm_config=25
I/BATT_ALG(  129): vol=4260;curr=363;dis_curr=0;temp=303;id=2;level=84;chg_src=1;chg_en=1;isOver_temp=0;timer=60;safety_count=0
D/BatteryService(  240): UEvent updateBatteryStats
D/HtcPowerSaver(  240): Recived battery changed intent.
D/UsbnetService(  240): BroadcastReceiver::onReceive+
D/UsbnetService(  240): onReceive BATTERY_CHANGED
D/UsbnetService(  240):  --> pluggedType = 2, mPluggedType = 0, mScreenOff = true
D/UsbnetService(  240): BroadcastReceiver::onReceive-
D/HtcPowerSaver(  240): Checking...
I/HtcPowerSaver(  240): >> updateStatus
D/NotificationService(  240): mIntentReceiver() Intent.ACTION_BATTERY_CHANGED
D/PowerManagerService(  240): runHtcPowerSaverCheck ======================================
I/HtcPowerSaver(  240): currentStatus=8000, currentLevel=84, enableLevel=15, enable=false, popDialog=false, statusChangeTo=-1
I/HtcPowerSaver(  240): << updateStatus
D/PowerUI (  335): closing low battery warning: level=84
D/PowerUI (  335): plugged = true, health = 2, mBatteryLevel = 84, mPluggedBatteryLevel = 83, mLowBatteryWarningLevel2 = 25, mshowLowChargingWarning2 = true
D/WifiService(  240): ACTION_BATTERY_CHANGED pluggedType: 2
D/PackageManager(  240): Failed to get PackageInfo!, pkg:com.htc.demoflorebooter, flags:1
V/UsbDeviceManager(  240): [USBNET] USB UEVENT: {USB_STATE=CONFIGURED, SUBSYSTEM=android_usb, DEVPATH=/devices/virtual/android_usb/android0, SEQNUM=113456, ACTION=change}
D/UsbDeviceManager(  240): [USBNET] handleMessage: 0; mConnected=true, mConfiguration=true
D/UsbnetService(  240): BroadcastReceiver::onReceive+
D/UsbnetService(  240): onReceive ACTION_USB_STATE: true
D/UsbnetService(  240): BroadcastReceiver::onReceive-
D/Tethering(  240): got USB_STATE change: usbConnected=true, mRndisEnabled=false, mUsbTetherRequested=false
D/UsbDeviceManager(  240): sendStickyBroadcast ACTION_USB_STATE: true,true
D/BatteryService(  240): updateBatteryStats ======================================
I/BATT_ALG(  129): charging time: 0
I/BATT_ALG(  129): batt_alg_overtemp_check:temp:303, isOver_temp:0
I/BATT_ALG(  129): set_battery_voltage_alarm level=84, alarm_config=25, batt_alarm_config=25
I/BATT_ALG(  129): vol=4260;curr=341;dis_curr=0;temp=303;id=2;level=84;chg_src=1;chg_en=1;isOver_temp=0;timer=60;safety_count=0
D/SensorManager(13607): [SensorManager] registerListener: delay = 20000
D/SensorService(  240): enable: get sensor name = MPL accel
D/Sensors (  240): handle : 4 en: 1, v09.2-1-Store Calibration, landscape support - Add log for block issue
D/Sensors (  240): Andy: MPLSensor::enable: lock1
D/Sensors (  240): mEnabled = 0x10
D/Sensors (  240): set_power_states++: enabled_sensors: 16 dmp_started: 0
D/Sensors (  240): Before if statment: cs:0 rs:1 en_ped:0 da_ped:0 en_g:0 da_g:0
D/Sensors (  240): STOP timerirq_1
D/Sensors (  240): Starting DMP
I/        (  240): mpu3050_resume: Resuming to 0070
D/Sensors (  240): Exit: Starting DMP
D/Sensors (  240): set_power_states--
D/Sensors (  240): Andy: MPLSensor::enable: unlock1
D/Sensors (  240): MPLSensor::enable--1
D/Sensors (  240): (llu)G_Delay = 200
I/        (  240): mpu3050_resume: Resuming to 0070
I/        (  240): mpu3050_suspend: suspending sensors to 0070
I/        (  240): mpu3050_suspend: Will resume next to 0070
I/MPL-ml  (  240): Actual ODR: 31 Hz
D/SensorService(  240): SensorDevice::activate--: handle = 0x4, enabled = 0x1
D/SensorService(  240): pid=13607, uid=10048
D/Sensors (  240): (llu)G_Delay = 20
I/        (  240): mpu3050_resume: Resuming to 0070
I/        (  240): mpu3050_suspend: suspending sensors to 0070
I/        (  240): mpu3050_suspend: Will resume next to 0070
I/MPL-ml  (  240): Actual ODR: 31 Hz
D/SensorService(  240): disable: get sensor name = MPL accel
D/Sensors (  240): handle : 4 en: 0, v09.2-1-Store Calibration, landscape support - Add log for block issue
D/Sensors (  240): Andy: MPLSensor::enable: lock1
W/MPL-sup (  240): MLGetAKMComassStatus, gAKMCompassStatus = 0
D/Sensors (  240): mEnabled = 0x0
D/Sensors (  240): set_power_states++: enabled_sensors: 0 dmp_started: 1
D/Sensors (  240): Before if statment: cs:0 rs:0 en_ped:0 da_ped:0 en_g:0 da_g:0
D/Sensors (  240): Stopping DMP
I/        (  240): mpu3050_suspend: suspending sensors to 0000
I/        (  240): mpu3050_suspend: Will resume next to 0070
D/Sensors (  240): inside if(s_use_timerirq)
D/Sensors (  240): set_power_states--
D/Sensors (  240): Andy: MPLSensor::enable: unlock1
D/Sensors (  240): MPLSensor::enable--1
D/SensorService(  240): SensorDevice::activate--: handle = 0x4, enabled = 0x0
D/SensorService(  240): pid=13607, uid=10048
D/dalvikvm(14491): GC_CONCURRENT freed 1747K, 37% free 3472K/5475K, paused 2ms+2ms
D/BatteryService(  240): updateBatteryStats ======================================
I/BATT_ALG(  129): charging time: 0
I/BATT_ALG(  129): batt_alg_overtemp_check:temp:303, isOver_temp:0
I/BATT_ALG(  129): set_battery_voltage_alarm level=85, alarm_config=25, batt_alarm_config=25
I/BATT_ALG(  129): vol=4271;curr=369;dis_curr=0;temp=303;id=2;level=85;chg_src=1;chg_en=1;isOver_temp=0;timer=60;safety_count=0
D/BatteryService(  240): UEvent updateBatteryStats
D/HtcPowerSaver(  240): Recived battery changed intent.
D/UsbnetService(  240): BroadcastReceiver::onReceive+
D/UsbnetService(  240): onReceive BATTERY_CHANGED
D/UsbnetService(  240):  --> pluggedType = 2, mPluggedType = 0, mScreenOff = true
D/UsbnetService(  240): BroadcastReceiver::onReceive-
D/HtcPowerSaver(  240): Checking...
I/HtcPowerSaver(  240): >> updateStatus
D/NotificationService(  240): mIntentReceiver() Intent.ACTION_BATTERY_CHANGED
D/PowerManagerService(  240): runHtcPowerSaverCheck ======================================
I/HtcPowerSaver(  240): currentStatus=8000, currentLevel=85, enableLevel=15, enable=false, popDialog=false, statusChangeTo=-1
D/PowerUI (  335): closing low battery warning: level=85
D/PowerUI (  335): plugged = true, health = 2, mBatteryLevel = 85, mPluggedBatteryLevel = 83, mLowBatteryWarningLevel2 = 25, mshowLowChargingWarning2 = true
I/HtcPowerSaver(  240): << updateStatus
D/PackageManager(  240): Failed to get PackageInfo!, pkg:com.htc.demoflorebooter, flags:1
D/WifiService(  240): ACTION_BATTERY_CHANGED pluggedType: 2
V/UsbDeviceManager(  240): [USBNET] USB UEVENT: {USB_STATE=DISCONNECTED, SUBSYSTEM=android_usb, DEVPATH=/devices/virtual/android_usb/android0, SEQNUM=113461, ACTION=change}
I/Vold    (  110): un-mount CDROM, USB_STATE=DISCONNECTED
W/Vold    (  110): Cannot open ISO file
V/UsbDeviceManager(  240): [USBNET] USB UEVENT: {SUBSYSTEM=switch, SWITCH_STATE=0, DEVPATH=/devices/virtual/switch/usb_connect2pc, SEQNUM=113462, ACTION=change, SWITCH_NAME=usb_connect2pc}
D/UsbDeviceManager(  240): [USBNET] update2: 5,0
I/BATT_ALG(  129): batt_alg_cable_detection: cable detection handler, charging source = 0
W/Vold    (  110): USB disconnected
W/Vold    (  110): Share method ums now unavailable
I/MountService(  240): onEvent:: raw= 620 Share method ums now unavailable cooked =  620 Share method ums now unavailable
I/BATT_MAIN(  129): release battery wakelock
I/BATT_ALG(  129): batt_alg_check_charging: charging_source = 0,  isOver_temp = 0
I/StorageNotification(  335): UMS connection changed to false (media state mounted)
D/MountService(  240): sharing = 0 
D/BatteryService(  240): UEvent updateBatteryStats
D/UsbDeviceManager(  240): [USBNET] handleMessage: 5; mConnected=true, mConfiguration=true
D/UsbDeviceManager(  240): [USBNET] sendStickyBroadcast ACTION_USB_CONNECT2PC: 0
D/BatteryService_ULog(  240): ULogForBatteryChargingStateChange(85,0) is called
D/BatteryService_ULog(  240): charger=off,battery_power=85
D/PackageManager(  240): Failed to get PackageInfo!, pkg:com.htc.demoflorebooter, flags:1
D/BatteryService(  240): UEvent updateBatteryStats
D/UsbConnectedReceiver( 6195): action = android.hardware.usb.action.USB_CONNECT2PC
D/HtcPowerSaver(  240): Recived battery changed intent.
D/UsbnetService(  240): BroadcastReceiver::onReceive+
D/UsbnetService(  240): onReceive BATTERY_CHANGED
D/UsbnetService(  240):  --> pluggedType = 0, mPluggedType = 0, mScreenOff = true
D/UsbnetService(  240): BroadcastReceiver::onReceive-
D/NotificationService(  240): mIntentReceiver() Intent.ACTION_BATTERY_CHANGED
V/NotificationService(  240): dual Led off
D/lights  (  240): [LedInfo] write attr ok name=/sys/class/leds/amber/brightness string=0,len=1
D/lights  (  240): [LedInfo] write attr ok name=/sys/class/leds/amber/blink string=0,len=1
D/lights  (  240): [LedInfo] write attr ok name=/sys/class/leds/amber/off_timer string=0 0,len=3
D/lights  (  240): [LedInfo] write attr ok name=/sys/class/leds/green/brightness string=0,len=1
D/lights  (  240): [LedInfo] write attr ok name=/sys/class/leds/green/blink string=0,len=1
D/lights  (  240): [LedInfo] write attr ok name=/sys/class/leds/green/off_timer string=0 0,len=3
D/HtcPowerSaver(  240): Checking...
I/HtcPowerSaver(  240): >> updateStatus
D/SensorManager(  240): [SensorManager] registerListener: delay = 1000000
D/SensorService(  240): enable: get sensor name = CM3602 Light sensor
D/WifiService(  240): ACTION_BATTERY_CHANGED pluggedType: 0
D/PowerManagerService(  240): runHtcPowerSaverCheck ======================================
D/PowerUI (  335): plugged = false, health = 2, mBatteryLevel = 85, mPluggedBatteryLevel = 83, mLowBatteryWarningLevel2 = 25, mshowLowChargingWarning2 = true
D/SensorService(  240): SensorDevice::activate--: handle = 0x8, enabled = 0x1
D/SensorService(  240): pid=240, uid=1000
D/PowerManagerService(  240): setScreenStateLocked: on=true
I/power   (  240): *** set_screen_state 1
D/PowerManagerService(  240): Power.setScreenState: err=0
D/PowerManagerService(  240): New lightsensor value:10, lcdValue:83
D/PowerManagerService(  240): lightSensorChangedLocked, buttonValue >= 0, mPowerState = 3
D/lights  (  240): set_light_buttons_func: on=16777215 brightness=255
D/PowerManagerService(  240): button light setOrientation:-1
D/PowerManagerService(  240): ActivityManagerNative.getDefault().wakingUp();
I/HtcPowerSaver(  240): currentStatus=8000, currentLevel=85, enableLevel=15, enable=false, popDialog=false, statusChangeTo=-1
I/HtcPowerSaver(  240): << updateStatus
D/ActivityManager(  240): Config after re-evaluted by window manager: null
V/KeyguardViewMediator(  240): password timeout delay 164959ms
I/WindowManager(  240): Lock screen displayed!
D/dalvikvm(11638): GC_EXPLICIT freed 60K, 49% free 3325K/6435K, paused 3ms+3ms
D/PSCommon( 6195): state = 0
D/PSCommon( 6195): usb_cable_connect = 0
D/UsbConnectedReceiver( 6195): USB Disconnected.
D/UsbConnectedReceiver( 6195): Catch USB Disconnect Event, USB cable does really not exist.
D/FlexNetS(15525): CampNetworkInWhiteBlackList had check current PLMN =46692
W/TelephonyManager(15525): Hidden constructor called more than once per process!
W/TelephonyManager(15525): Original: com.htc.flexnet, new: com.htc.flexnet
I/MyReportAgent(15800): ReportAgentReceiver [onReceive] android.intent.action.ACTION_POWER_DISCONNECTED
V/MyReportAgent(15800): ReportAgentReceiver Recv Intent: Intent { act=android.intent.action.ACTION_POWER_DISCONNECTED flg=0x10000010 cmp=com.htc.reportagent/.receiver.ReportAgentReceiver }
D/MyReportAgent(15800): android.intent.action.ACTION_POWER_DISCONNECTED
V/FlexNetS(15525): onStartCommand() android.intent.action.ACTION_POWER_DISCONNECTED
D/MyReportAgent(15800): ReportService [##] onCreate(), this = com.htc.reportagent.ReportService@40da9480
D/lights  (  240): [LedInfo] write attr ok name=/sys/class/leds/amber/brightness string=0,len=1
D/lights  (  240): [LedInfo] write attr ok name=/sys/class/leds/amber/blink string=0,len=1
D/lights  (  240): [LedInfo] write attr ok name=/sys/class/leds/amber/off_timer string=0 0,len=3
D/lights  (  240): [LedInfo] write attr ok name=/sys/class/leds/green/brightness string=0,len=1
D/lights  (  240): [LedInfo] write attr ok name=/sys/class/leds/green/blink string=0,len=1
D/lights  (  240): [LedInfo] write attr ok name=/sys/class/leds/green/off_timer string=0 0,len=3
V/NotificationService(  240): dual Led off
D/MyReportAgent(15800): ReportService [##] onStartCommand(), flags = 2, startId = 1, intent = Intent { act=android.intent.action.ACTION_POWER_DISCONNECTED flg=0x10000010 cmp=com.htc.reportagent/.ReportService }, this = com.htc.reportagent.ReportService@40da9480
V/FlexNetS(15525): handleCommand_AutoMode action: android.intent.action.ACTION_POWER_DISCONNECTED
D/FlexNetS(15525): CampNetworkInWhiteBlackList had check current PLMN =46692
V/FlexNetS(15525): setRilHandOverW2GEnable: 1
D/HtcTelephonyManager(15525): enablePS_W2G_Handover()
V/FlexNetS(15525): isAllowedToGsmOnlyMode not allow: getHigherPowerIn2GPref = true
D/TileRenderer(  335): glEndTilingQCOM: 0x502
D/SurfaceFlinger(  114): Screen about to return, flinger = 0x4e29b0
D/TileRenderer(  335): glEndTilingQCOM: 0x502
I/SurfaceFlinger(  114): void android::SurfaceFlinger::updateHwcHDMI(bool) en=0
D/TileRenderer(  335): glEndTilingQCOM: 0x502
D/MP-Decision(  689): UP Nw:2.700000 Tw:180 rq:10.000000 seq:395
D/TileRenderer(  335): glEndTilingQCOM: 0x502
D/TileRenderer(  335): glEndTilingQCOM: 0x502
D/AlarmManager(  240): ACTION_SCREEN_ON
I/InputManagerService(  240): Receive : Intent.ACTION_SCREEN_ON
I/InputManagerService(  240): Enable input method client.
D/TileRenderer(  335): glEndTilingQCOM: 0x502
D/UsbnetService(  240): BroadcastReceiver::onReceive+
D/UsbnetService(  240): onReceive SCREEN_ON
D/UsbnetService(  240): BroadcastReceiver::onReceive-
D/AudioSystem(  240): AudioSystem::get_audio_flinger() in at 53
D/AudioSystem(  240): gLock get at 55
D/AudioSystem(  240): leave AudioSystem::get_audio_flinger() at 81
D/TileRenderer(  335): glEndTilingQCOM: 0x502
D/TileRenderer(  335): glEndTilingQCOM: 0x502
D/ConnectivityService(  240): onUidRulesChanged(uid=10035, uidRules=0)
D/TileRenderer(  335): glEndTilingQCOM: 0x502
D/TileRenderer(  335): glEndTilingQCOM: 0x502
D/PhoneStatusBarPolicy(  335): ServiceState ss: 0
D/PhoneStatusBarPolicy(  335): Network Type: 3
D/TileRenderer(  335): glEndTilingQCOM: 0x502
D/TileRenderer(  335): glEndTilingQCOM: 0x502
D/PSReceiver(15974): onReceive : android.hardware.usb.action.USB_CONNECT2PC
D/PSReceiver(15974): USB Unplugged, current PSEnabled= false
D/UsbnetService(  240): [USBNET] MiscControl_IPT: 0
D/TileRenderer(  335): glEndTilingQCOM: 0x502
D/UsbnetService(  240): [USBNET] MiscControl+: 1,usb_none
D/CommandListener(15179): UsbCmd::runCommand@971: iptmode,3
D/UsbController(15179): [USBNET] StartIptMode@145: 0
D/NetworkManagementService(  240): [USBNET] stopIptDhcp
D/NetworkManagementService(  240): [USBNET] startIptMode 0
D/NetSharing(16115): [USBNET] main+: 3, /system/bin/netsharing net_pass off
D/TileRenderer(  335): glEndTilingQCOM: 0x502
D/NetSharing(16115): [USBNET] iCheckUsbFunc@135: 0x0
D/NetSharing(16115): [USBNET] main@1027: uUsbSts=0x0
D/NetSharing(16115): [USBNET] main-
D/CommandListener(15179): UsbCmd::runCommand@971: funcswitch,3
D/UsbController(15179): [USBNET] iCheckUsbFunc@135: 0x0
D/UsbController(15179): [USBNET] iSwitchUsbFunc@318: 0,0x0,0
D/UsbController(15179): [USBNET] iSwitchUsbFunc-: -1
D/UsbnetService(  240): [USBNET] MiscControl-: 1,usb_none
D/NetworkManagementService(  240): [USBNET] SwitchUsbFunc 0
D/UsbnetService(  240): BroadcastReceiver::onReceive+
D/UsbnetService(  240): NETWORK_STATE_CHANGED_NOTIFY: 0
I/UsbnetStateTracker(  240): NetStateNotification +: 0
I/UsbnetStateTracker(  240): notifyStateChange
I/UsbnetStateTracker(  240): NetStateNotification -
D/UsbnetService(  240): BroadcastReceiver::onReceive-
D/TileRenderer(  335): glEndTilingQCOM: 0x502
D/ConnectivityService(  240): [embedded] ConnectivityChange for USBNET: DISCONNECTED/DISCONNECTED, default=1
D/ConnectivityService(  240): ConnectivityChange for USBNET: DISCONNECTED/DISCONNECTED
D/ConnectivityService(  240): sendStickyBroadcast: action=android.net.conn.CONNECTIVITY_CHANGE_IMMEDIATE
D/PSReceiver(15974): USB Unplugged, Set PSEnabled= false
D/ConnectivityService(  240): sendStickyBroadcastDelayed: delayMs=3000, action=android.net.conn.CONNECTIVITY_CHANGE
D/ConnectivityService(  240): sendStickyBroadcast: action=android.net.conn.CONNECTIVITY_CHANGE_IMMEDIATE
D/ConnectivityService(  240): sendStickyBroadcastDelayed: delayMs=3000, action=android.net.conn.CONNECTIVITY_CHANGE
D/WifiService(  240): ACTION_SCREEN_ON
D/WifiStateMachine(  240): fetchRssiAndLinkSpeedNative send RSSIChange intent, newSignalLevel =0mLastSignalLevel = -1
I/MLReceiver(15974): customizedML:false
I/MLReceiver(15974): sp customizedML:false
I/MLReceiver(15974): customizedNS2:truecustomizedML2:false
I/MLReceiver(15974): LAN Type:false ML Type:true
I/MLReceiver(15974): IS Type:true IS_ML:false
I/NetSharing_NSReceiver(15974): customizedNS:true
I/NetSharing_NSReceiver(15974): sp customizedNS:true
I/NetSharing_NSReceiver(15974): customizedNS2:truecustomizedML2:false
I/NetSharing_NSReceiver(15974): LAN Type:false ML Type:true
I/NetSharing_NSReceiver(15974): IS Type:true IS_ML:false
D/NetSharing_NSReceiver(15974): onReceive : com.htc.usb.change
D/NetSharing_NSReceiver(15974): USB = false hasTethered = false
I/ActivityManager(  240): Start proc com.htc.syncagent for broadcast com.htc.syncagent/.svc.HTCSyncBroadcastReceiver: pid=16116 uid=10155 gids={3003}
D/FDUI    (16116): [ HTCSyncBroadcastReceiver: 19 ] - onReceive > get broadcast.
D/FDUI    (16116): [ HTCSyncBroadcastReceiver: 21 ] - onReceive > app ver = 1.19
D/FDUI    (16116): [ HTCSyncBroadcastReceiver: 22 ] - onReceive > action = action.stopPCTool
D/FDUI    (16116): [ HTCSyncBroadcastReceiver: 55 ] - onReceive > Service stopped
D/FlexNetS(15525): CampNetworkInWhiteBlackList had check current PLMN =46692
W/ContactAggregator(20167): No more aggregation requests
W/TelephonyManager(15525): Hidden constructor called more than once per process!
W/TelephonyManager(15525): Original: com.htc.flexnet, new: com.htc.flexnet
V/FlexNetS(15525): onStartCommand() ALARM_FRAMEWORK_BROADCAST_ACTION_SCREEN_ON
V/FlexNetS(15525): handleCommand_AutoMode action: ALARM_FRAMEWORK_BROADCAST_ACTION_SCREEN_ON
D/WifiService(  240): Got ACTION_UPDATE_WIFI_STATE
D/WifiStateMachine(  240): [DriverStartedState] CMD_START_DRIVER
D/WifiService(  240): updateWifiState(): disable hotspot
D/WifiService(  240): updateWifiState(): enable and start wifi
D/Process (  240): killProcessQuiet, pid=15072
D/Process (  240): dalvik.system.VMStack.getThreadStackTrace(Native Method)
D/Process (  240): java.lang.Thread.getStackTrace(Thread.java:599)
D/Process (  240): android.os.Process.killProcessQuiet(Process.java:818)
D/Process (  240): com.android.server.am.ActivityManagerService.updateOomAdjLocked(ActivityManagerService.java:15140)
D/Process (  240): com.android.server.am.ActivityManagerService.updateOomAdjLocked(ActivityManagerService.java:15033)
D/Process (  240): com.android.server.am.ActivityManagerService.serviceDoneExecutingLocked(ActivityManagerService.java:12266)
D/Process (  240): com.android.server.am.ActivityManagerService.serviceDoneExecuting(ActivityManagerService.java:12236)
D/Process (  240): android.app.ActivityManagerNative.onTransact(ActivityManagerNative.java:723)
D/Process (  240): com.android.server.am.ActivityManagerService.onTransact(ActivityManagerService.java:1706)
D/Process (  240): android.os.Binder.execTransact(Binder.java:338)
D/Process (  240): com.android.server.SystemServer.init1(Native Method)
D/Process (  240): com.android.server.SystemServer.main(SystemServer.java:1009)
I/ActivityManager(  240): No longer want com.twitter.android (pid 15072): hidden #16, adj=15
D/Process (  240): java.lang.reflect.Method.invokeNative(Native Method)
D/Process (  240): java.lang.reflect.Method.invoke(Method.java:511)
D/Process (  240): com.android.internal.os.ZygoteInit$MethodAndArgsCaller.run(ZygoteInit.java:784)
D/Process (  240): com.android.internal.os.ZygoteInit.main(ZygoteInit.java:551)
D/Process (  240): dalvik.system.NativeStart.main(Native Method)
D/UsbDeviceManager(  240): [USBNET] handleMessage: 0; mConnected=true, mConfiguration=true
D/lights  (  240): [LedInfo] write attr ok name=/sys/class/leds/amber/brightness string=0,len=1
D/lights  (  240): [LedInfo] write attr ok name=/sys/class/leds/amber/blink string=0,len=1
D/lights  (  240): [LedInfo] write attr ok name=/sys/class/leds/amber/off_timer string=0 0,len=3
D/lights  (  240): [LedInfo] write attr ok name=/sys/class/leds/green/brightness string=0,len=1
D/lights  (  240): [LedInfo] write attr ok name=/sys/class/leds/green/blink string=0,len=1
D/lights  (  240): [LedInfo] write attr ok name=/sys/class/leds/green/off_timer string=0 0,len=3
V/NotificationService(  240): dual Led off
D/UsbDeviceManager(  240): setEnabledFunctions(mass_storage,adb , false)
D/UsbnetService(  240): BroadcastReceiver::onReceive+
D/UsbnetService(  240): onReceive ACTION_USB_STATE: false
D/UsbnetService(  240): BroadcastReceiver::onReceive-
D/TileRenderer(  335): glEndTilingQCOM: 0x502
D/ConnectivityService(  240): onMeteredIfacesChanged(ifaces=[])
D/TileRenderer(  335): glEndTilingQCOM: 0x502
D/ConnectivityService(  240): onMeteredIfacesChanged(ifaces=[])
D/TileRenderer(  335): glEndTilingQCOM: 0x502
D/Tethering(  240): got USB_STATE change: usbConnected=false, mRndisEnabled=false, mUsbTetherRequested=false
D/TileRenderer(  335): glEndTilingQCOM: 0x502
D/TileRenderer(  335): glEndTilingQCOM: 0x502
D/TileRenderer(  335): glEndTilingQCOM: 0x502
D/TileRenderer(  335): glEndTilingQCOM: 0x502
D/UsbDeviceManager(  240): sendStickyBroadcast ACTION_USB_STATE: false,false
D/TileRenderer(  335): glEndTilingQCOM: 0x502
D/TileRenderer(  335): glEndTilingQCOM: 0x502
D/TileRenderer(  335): glEndTilingQCOM: 0x502
D/TileRenderer(  335): glEndTilingQCOM: 0x502
D/TileRenderer(  335): glEndTilingQCOM: 0x502
D/TileRenderer(  335): glEndTilingQCOM: 0x502
D/TileRenderer(  335): glEndTilingQCOM: 0x502
D/TileRenderer(  335): glEndTilingQCOM: 0x502
D/TileRenderer(  335): glEndTilingQCOM: 0x502
D/TileRenderer(  335): glEndTilingQCOM: 0x502
D/TileRenderer(  335): glEndTilingQCOM: 0x502
D/TileRenderer(  335): glEndTilingQCOM: 0x502
D/MP-Decision(  689): DOWN Ns:2.100000 Ts:270 rq:0.000000 seq:317 (Up time:1198)
W/AlarmManager(  240): RemoveAPPAlarmPendingIntent has no PendingIntent operation
W/AlarmManager(  240): RemoveAPPAlarmPendingIntent has no PendingIntent operation
W/AlarmManager(  240): RemoveAPPAlarmPendingIntent has no PendingIntent operation
W/AlarmManager(  240): RemoveAPPAlarmPendingIntent has no PendingIntent operation
W/AlarmManager(  240): RemoveAPPAlarmPendingIntent has no PendingIntent operation
W/AlarmManager(  240): RemoveAPPAlarmPendingIntent has no PendingIntent operation
W/AlarmManager(  240): RemoveAPPAlarmPendingIntent has no PendingIntent operation
D/SmartSyncDataLinkTurnOffReceiver(15541): DataLink: SMARTSYNC_SERVICE_BROADCAST_SCREEN_ON 
D/ConnectivityService(  240): sendStickyBroadcast: action=android.net.conn.CONNECTIVITY_CHANGE
D/LocationManagerService(  240): CONNECTIVITY_ACTION: synchronized+
D/LocationManagerService(  240): updateNetworkState available info: NetworkInfo: type: USBNET[], state: DISCONNECTED/DISCONNECTED, reason: (unspecified), extra: 0, roaming: false, failover: false, isAvailable: false, isIpv4Connected: false, isIpv6Connected: false
D/LocationManagerService(  240): CONNECTIVITY_ACTION: synchronized+ provider size: 3
D/GpsLocationProvider(  240): + synchronized updateNetworkState  info: NetworkInfo: type: USBNET[], state: DISCONNECTED/DISCONNECTED, reason: (unspecified), extra: 0, roaming: false, failover: false, isAvailable: false, isIpv4Connected: false, isIpv6Connected: false
D/LocationManagerService(  240): CONNECTIVITY_ACTION: synchronized-
D/ConnectivityService(  240): sendStickyBroadcast: action=android.net.conn.CONNECTIVITY_CHANGE
D/WifiStateMachine(  240): fetchRssiAndLinkSpeedNative send RSSIChange intent, SameSignalLevelCount =1
D/GpsLocationProvider(  240): [handleMessage] message :4
D/GpsLocationProvider(  240): [handleMessage] UPDATE_NETWORK_STATE
D/GpsLocationProvider(  240): updateNetworkState available info: NetworkInfo: type: USBNET[], state: DISCONNECTED/DISCONNECTED, reason: (unspecified), extra: 0, roaming: false, failover: false, isAvailable: false, isIpv4Connected: false, isIpv6Connected: false
D/Tethering(  240): Tethering got CONNECTIVITY_ACTION type: USBNET, subtype: , status: DISCONNECTED
D/Tethering(  240): icon Type=18, subtype=0
D/Tethering(  240): MasterInitialState.processMessage what=3
D/Tethering(  240): Tethering got CONNECTIVITY_ACTION type: WIFI, subtype: , status: CONNECTED
D/Tethering(  240): icon Type=1, subtype=0
D/Tethering(  240): MasterInitialState.processMessage what=3
D/PhoneStatusBarPolicy(  335): ServiceState ss: 0
D/PhoneStatusBarPolicy(  335): Network Type: 3
D/FlexNetS(15525): CampNetworkInWhiteBlackList had check current PLMN =46692
D/ConnectivityService(  240): reportInetCondition for net 1, percentage: 100 by 32552/10041
D/ConnectivityService(  240): handleInetConditionChange: net=1, condition=100,mActiveDefaultNetwork=1
D/ConnectivityService(  240): handleInetConditionChange: starting a change hold
D/ConnectivityService(  240): reportInetCondition for net 1, percentage: 100 by 32552/10041
D/ConnectivityService(  240): handleInetConditionChange: net=1, condition=100,mActiveDefaultNetwork=1
D/ConnectivityService(  240): handleInetConditionChange: currently in hold - not setting new end evt
D/MP-Decision(  689): UP Nw:2.700000 Tw:180 rq:10.900000 seq:196
W/TelephonyManager(32552): Hidden constructor called more than once per process!
W/TelephonyManager(32552): Original: com.google.android.gsf, new: com.google.android.gsf
D/AutoSetting( 6195): receiver - intent: android.net.conn.CONNECTIVITY_CHANGE
D/AutoSetting( 6195): receiver - NetworkInfo: type: USBNET[], state: DISCONNECTED/DISCONNECTED, reason: (unspecified), extra: 0, roaming: false, failover: false, isAvailable: false, isIpv4Connected: false, isIpv6Connected: false
D/WifiStateMachine(  240): syncRequestConnectionInfo mWifiInfo=SSID: MOMO, BSSID: 00:19:cb:4b:15:f2, MAC: A8:26:D9:D1:BF:D5, Supplicant state: COMPLETED, RSSI: -89, Link speed: 5, Frequency: 2432, Net ID: 0, Explicit connect: false
D/WifiStateMachine(  240): syncRequestConnectionInfo mWifiInfo=SSID: MOMO, BSSID: 00:19:cb:4b:15:f2, MAC: A8:26:D9:D1:BF:D5, Supplicant state: COMPLETED, RSSI: -89, Link speed: 5, Frequency: 2432, Net ID: 0, Explicit connect: false
D/GpsLocationProvider(  240): mInjectNtpTimePending(FALSE)
D/GpsLocationProvider(  240): mDownloadXtraDataPending(FALSE)
V/BackupManagerService(  240): Scheduling immediate backup pass
D/LocationManagerService(  240): CONNECTIVITY_ACTION: synchronized+
D/LocationManagerService(  240): updateNetworkState available info: NetworkInfo: type: WIFI[], state: CONNECTED/CONNECTED, reason: (unspecified), extra: (none), roaming: false, failover: false, isAvailable: true, isIpv4Connected: true, isIpv6Connected: false
D/LocationManagerService(  240): CONNECTIVITY_ACTION: synchronized+ provider size: 3
D/GpsLocationProvider(  240): + synchronized updateNetworkState  info: NetworkInfo: type: WIFI[], state: CONNECTED/CONNECTED, reason: (unspecified), extra: (none), roaming: false, failover: false, isAvailable: true, isIpv4Connected: true, isIpv6Connected: false
D/LocationManagerService(  240): CONNECTIVITY_ACTION: synchronized-
I/ActivityManager(  240): Start proc com.htc.htcMessageUploader for broadcast com.htc.htcMessageUploader/.UploadMessageReceiver: pid=16138 uid=10070 gids={3003}
D/dalvikvm(  115): GC_EXPLICIT freed 37K, 27% free 2765K/3743K, paused 2ms+2ms
D/GpsLocationProvider(  240): [handleMessage] message :4
D/GpsLocationProvider(  240): [handleMessage] UPDATE_NETWORK_STATE
D/GpsLocationProvider(  240): updateNetworkState available info: NetworkInfo: type: WIFI[], state: CONNECTED/CONNECTED, reason: (unspecified), extra: (none), roaming: false, failover: false, isAvailable: true, isIpv4Connected: true, isIpv6Connected: false
D/dalvikvm(  115): GC_EXPLICIT freed <1K, 27% free 2765K/3743K, paused 2ms+2ms
V/htcMessageUploader(16138): [UploadMessageReceiver] UploadMessageReceiver() constructor !!!
I/htcMessageUploader(16138): Start thread to upload fota event message:com.htc.htcMessageUploader.UploadMessageReceiver
D/htcMessageUploader(16138): Total time in main thread:8 milli-seconds
D/htcMessageUploader(16138): Get CONNECTIVITY_ACTION intent 
I/htcMessageUploader(16138): == UploadMessageReceiver finished ==
D/dalvikvm(  115): GC_EXPLICIT freed <1K, 27% free 2765K/3743K, paused 5ms+2ms
D/Socket_Alarm(16138): registerHTCSocketMonitorCallBack
